4672 [main] INFO   - 

-------------------------------------------------------------------------------------
     _______. _______ .______       _______ .__   __.  __  .___________.____    ____ 
    /       ||   ____||   _  \     |   ____||  \ |  | |  | |           |\   \  /   / 
   |   (----`|  |__   |  |_)  |    |  |__   |   \|  | |  | `---|  |----` \   \/   /  
    \   \    |   __|  |      /     |   __|  |  . `  | |  |     |  |       \_    _/   
.----)   |   |  |____ |  |\  \----.|  |____ |  |\   | |  |     |  |         |  |     
|_______/    |_______|| _| `._____||_______||__| \__| |__|     |__|         |__|    
                                                                                     
 News and tutorials at http://www.serenity-bdd.info                                  
 Documentation at https://wakaleo.gitbooks.io/the-serenity-book/content/             
 Join the Serenity Community on Gitter: https://gitter.im/serenity-bdd/serenity-core 
 Serenity BDD Support and Training at http://serenity-bdd.info/#/trainingandsupport  
-------------------------------------------------------------------------------------

4689 [main] DEBUG n.t.core.steps.StepEventBus - Test suite started for story net.thucydides.core.model.Story@2d87e442
4697 [main] INFO   - Test Suite Started: REQ-X - Calcular desconto
5768 [main] INFO   - 
 _____ _____ ____ _____   ____ _____  _    ____ _____ _____ ____  
|_   _| ____/ ___|_   _| / ___|_   _|/ \  |  _ \_   _| ____|  _ \ 
  | | |  _| \___ \ | |   \___ \ | | / _ \ | |_) || | |  _| | | | |
  | | | |___ ___) || |    ___) || |/ ___ \|  _ < | | | |___| |_| |
  |_| |_____|____/ |_|   |____/ |_/_/   \_\_| \_\|_| |_____|____/ 

Calcular desconto com sucesso (fluxo básico)(req-x---calcular-desconto;calcular-desconto-com-sucesso-(fluxo-básico))
-------------------------------------------------------------------
6103 [main] DEBUG n.t.c.r.m.cucumber.CucumberParser - Added feature REQ-X - Formulário de Contato
6133 [main] DEBUG n.t.c.r.m.cucumber.CucumberParser - Added feature REQ-X - Calcular desconto
7735 [main] DEBUG n.t.core.steps.StepInterceptor - STARTING STEP: SharedSpecs.que_estou_na_página_inicial_do_sistema - acesse_pagina_inicial
13742 [main] DEBUG io.netty.handler.ssl.JdkSslContext - Default protocols (JDK): [TLSv1.2, TLSv1.1, TLSv1] 
13742 [main] DEBUG io.netty.handler.ssl.JdkSslContext - Default cipher suites (JDK): [TLS_ECDHE_ECDSA_WITH_AES_256_GCM_SHA384, TLS_ECDHE_ECDSA_WITH_AES_128_GCM_SHA256, TLS_ECDHE_RSA_WITH_AES_128_GCM_SHA256, TLS_ECDHE_RSA_WITH_AES_256_GCM_SHA384, TLS_ECDHE_RSA_WITH_AES_128_CBC_SHA, TLS_ECDHE_RSA_WITH_AES_256_CBC_SHA, TLS_RSA_WITH_AES_128_GCM_SHA256, TLS_RSA_WITH_AES_128_CBC_SHA, TLS_RSA_WITH_AES_256_CBC_SHA, TLS_AES_128_GCM_SHA256, TLS_AES_256_GCM_SHA384]
13862 [main] DEBUG i.n.c.MultithreadEventLoopGroup - -Dio.netty.eventLoopThreads: 8
13896 [main] DEBUG io.netty.channel.nio.NioEventLoop - -Dio.netty.noKeySetOptimization: false
13896 [main] DEBUG io.netty.channel.nio.NioEventLoop - -Dio.netty.selectorAutoRebuildThreshold: 512
14004 [main] DEBUG i.n.buffer.PooledByteBufAllocator - -Dio.netty.allocator.numHeapArenas: 8
14005 [main] DEBUG i.n.buffer.PooledByteBufAllocator - -Dio.netty.allocator.numDirectArenas: 8
14005 [main] DEBUG i.n.buffer.PooledByteBufAllocator - -Dio.netty.allocator.pageSize: 8192
14005 [main] DEBUG i.n.buffer.PooledByteBufAllocator - -Dio.netty.allocator.maxOrder: 11
14005 [main] DEBUG i.n.buffer.PooledByteBufAllocator - -Dio.netty.allocator.chunkSize: 16777216
14005 [main] DEBUG i.n.buffer.PooledByteBufAllocator - -Dio.netty.allocator.tinyCacheSize: 512
14006 [main] DEBUG i.n.buffer.PooledByteBufAllocator - -Dio.netty.allocator.smallCacheSize: 256
14006 [main] DEBUG i.n.buffer.PooledByteBufAllocator - -Dio.netty.allocator.normalCacheSize: 64
14006 [main] DEBUG i.n.buffer.PooledByteBufAllocator - -Dio.netty.allocator.maxCachedBufferCapacity: 32768
14007 [main] DEBUG i.n.buffer.PooledByteBufAllocator - -Dio.netty.allocator.cacheTrimInterval: 8192
14007 [main] DEBUG i.n.buffer.PooledByteBufAllocator - -Dio.netty.allocator.cacheTrimIntervalMillis: 0
14007 [main] DEBUG i.n.buffer.PooledByteBufAllocator - -Dio.netty.allocator.useCacheForAllThreads: true
14007 [main] DEBUG i.n.buffer.PooledByteBufAllocator - -Dio.netty.allocator.maxCachedByteBuffersPerChunk: 1023
14038 [main] DEBUG io.netty.buffer.ByteBufUtil - -Dio.netty.allocator.type: pooled
14038 [main] DEBUG io.netty.buffer.ByteBufUtil - -Dio.netty.threadLocalDirectBufferSize: 0
14038 [main] DEBUG io.netty.buffer.ByteBufUtil - -Dio.netty.maxThreadLocalCharBufferSize: 16384
15790 [Forwarding newSession on session null to remote] DEBUG io.netty.channel.DefaultChannelId - -Dio.netty.processId: 4292 (auto-detected)
15854 [Forwarding newSession on session null to remote] DEBUG io.netty.channel.DefaultChannelId - -Dio.netty.machineId: d4:3d:7e:ff:fe:7f:ea:c5 (auto-detected)
16047 [AsyncHttpClient-3-1] DEBUG io.netty.buffer.AbstractByteBuf - -Dio.netty.buffer.checkAccessible: true
16048 [AsyncHttpClient-3-1] DEBUG io.netty.buffer.AbstractByteBuf - -Dio.netty.buffer.checkBounds: true
32359 [main] DEBUG n.t.core.steps.StepInterceptor - STEP DONE: acesse_pagina_inicial
32410 [main] DEBUG n.t.core.steps.StepInterceptor - STARTING STEP: SharedSpecs.acesso_o_menu_para_o_calculo_do_desconto - acesse_pagina_desconto
33298 [main] DEBUG n.s.core.photography.Darkroom - Opening darkroom
33301 [Darkroom Processing Line] DEBUG n.s.c.p.DarkroomProcessingLine - Darkroom processing line starting up
34146 [main] DEBUG n.s.core.photography.Darkroom - Send negative for processing for target\site\serenity\5e6f5cc52833fceffb69cea170753bad887cc81b5c389a938d6ad75d63c1611d.png
34148 [Darkroom Processing Line] DEBUG n.s.c.p.DarkroomProcessingLine - Processing screenshot image in /var/screenshots/screenshot-6817989296522715043
34148 [Darkroom Processing Line] DEBUG n.s.c.p.DarkroomProcessingLine - Saving screenshot to target\site\serenity\5e6f5cc52833fceffb69cea170753bad887cc81b5c389a938d6ad75d63c1611d.png
34165 [main] DEBUG n.t.core.steps.StepInterceptor - STEP DONE: acesse_pagina_desconto
34674 [main] DEBUG n.s.core.photography.Darkroom - Send negative for processing for target\site\serenity\5e6f5cc52833fceffb69cea170753bad887cc81b5c389a938d6ad75d63c1611d.png
34675 [main] DEBUG n.t.core.steps.StepInterceptor - STARTING STEP: Req001CLIENTBSpecs.seleciono_o_produto - selecionar_produto
35801 [main] DEBUG n.s.core.photography.Darkroom - Send negative for processing for target\site\serenity\39eafc0e643ce6c7d652b164e59bf52df5fa5f3d6ff57212add21047fd8f6006.png
35802 [main] DEBUG n.t.core.steps.StepInterceptor - STEP DONE: selecionar_produto
35802 [Darkroom Processing Line] DEBUG n.s.c.p.DarkroomProcessingLine - Processing screenshot image in /var/screenshots/screenshot-7604940304574349538
35802 [Darkroom Processing Line] DEBUG n.s.c.p.DarkroomProcessingLine - Saving screenshot to target\site\serenity\39eafc0e643ce6c7d652b164e59bf52df5fa5f3d6ff57212add21047fd8f6006.png
35846 [main] DEBUG n.t.core.steps.StepInterceptor - STARTING STEP: Req001CLIENTBSpecs.preencho_com_dados_do_cliente - informar_tipo_cliente
36754 [main] DEBUG n.s.core.photography.Darkroom - Send negative for processing for target\site\serenity\5b8c305815164389cf3f794ae1f10373f44ea5565b844b06a18e111df6362a1f.png
36755 [main] DEBUG n.t.core.steps.StepInterceptor - STEP DONE: informar_tipo_cliente
36756 [Darkroom Processing Line] DEBUG n.s.c.p.DarkroomProcessingLine - Processing screenshot image in /var/screenshots/screenshot-6722850951926369560
36757 [Darkroom Processing Line] DEBUG n.s.c.p.DarkroomProcessingLine - Saving screenshot to target\site\serenity\5b8c305815164389cf3f794ae1f10373f44ea5565b844b06a18e111df6362a1f.png
36762 [main] DEBUG n.t.core.steps.StepInterceptor - STARTING STEP: Req001CLIENTBSpecs.preencho_com_dados_do_cliente - informar_qtd_iten
37369 [main] DEBUG n.s.core.photography.Darkroom - Send negative for processing for target\site\serenity\23baa20c6f1cbac4bdcd6a23bf7a642b812bc14145bed699fe5f44c1c1568174.png
37370 [main] DEBUG n.t.core.steps.StepInterceptor - STEP DONE: informar_qtd_iten
37371 [Darkroom Processing Line] DEBUG n.s.c.p.DarkroomProcessingLine - Processing screenshot image in /var/screenshots/screenshot-15194271818019822492
37372 [Darkroom Processing Line] DEBUG n.s.c.p.DarkroomProcessingLine - Saving screenshot to target\site\serenity\23baa20c6f1cbac4bdcd6a23bf7a642b812bc14145bed699fe5f44c1c1568174.png
37400 [main] DEBUG n.t.core.steps.StepInterceptor - STARTING STEP: Req001CLIENTBSpecs.calculo_o_desconto - calcular_o_desconto
38306 [main] DEBUG n.s.core.photography.Darkroom - Send negative for processing for target\site\serenity\6df75ade9323ceceab5e4db766a787bde5b7a07df9a23321056ec1e54d360e7f.png
38307 [main] DEBUG n.t.core.steps.StepInterceptor - STEP DONE: calcular_o_desconto
38308 [Darkroom Processing Line] DEBUG n.s.c.p.DarkroomProcessingLine - Processing screenshot image in /var/screenshots/screenshot-12786338119984343868
38308 [Darkroom Processing Line] DEBUG n.s.c.p.DarkroomProcessingLine - Saving screenshot to target\site\serenity\6df75ade9323ceceab5e4db766a787bde5b7a07df9a23321056ec1e54d360e7f.png
38335 [main] DEBUG n.t.core.steps.StepInterceptor - STARTING STEP: Req001CLIENTBSpecs.verifico_se_a_mensagem_foi_eixibida_com_sucesso - verificar_mensagem_sucesso
38721 [main] DEBUG n.s.core.photography.Darkroom - Send negative for processing for target\site\serenity\6df75ade9323ceceab5e4db766a787bde5b7a07df9a23321056ec1e54d360e7f.png
38721 [main] DEBUG n.t.core.steps.StepInterceptor - STEP DONE: verificar_mensagem_sucesso
41557 [main] INFO   - 
        __    _____ _____ ____ _____   ____   _    ____  ____  _____ ____  
  _     \ \  |_   _| ____/ ___|_   _| |  _ \ / \  / ___|/ ___|| ____|  _ \ 
 (_)_____| |   | | |  _| \___ \ | |   | |_) / _ \ \___ \\___ \|  _| | | | |
  _|_____| |   | | | |___ ___) || |   |  __/ ___ \ ___) |___) | |___| |_| |
 (_)     | |   |_| |_____|____/ |_|   |_| /_/   \_\____/|____/|_____|____/ 
        /_/                                                                

Calcular desconto com sucesso (fluxo básico)
----------------------------------------------------------------------------
41606 [main] DEBUG n.t.core.steps.StepInterceptor - STARTING STEP: SharedSpecs.que_estou_na_página_inicial_do_sistema - acesse_pagina_inicial
50801 [main] DEBUG n.t.core.steps.StepInterceptor - STEP DONE: acesse_pagina_inicial
50827 [main] DEBUG n.t.core.steps.StepInterceptor - STARTING STEP: SharedSpecs.acesso_o_menu_para_o_calculo_do_desconto - acesse_pagina_desconto
51853 [main] DEBUG n.s.core.photography.Darkroom - Send negative for processing for target\site\serenity\effbd3e8a427c2e806eb4d9e330e97d060c086affaec6b4445be9527bf676dc7.png
51854 [main] DEBUG n.t.core.steps.StepInterceptor - STEP DONE: acesse_pagina_desconto
51855 [Darkroom Processing Line] DEBUG n.s.c.p.DarkroomProcessingLine - Processing screenshot image in /var/screenshots/screenshot-4022174071947223678
51856 [Darkroom Processing Line] DEBUG n.s.c.p.DarkroomProcessingLine - Saving screenshot to target\site\serenity\effbd3e8a427c2e806eb4d9e330e97d060c086affaec6b4445be9527bf676dc7.png
51895 [main] DEBUG n.t.core.steps.StepInterceptor - STARTING STEP: Req001CLIENTBSpecs.seleciono_o_produto - selecionar_produto
52949 [main] DEBUG n.s.core.photography.Darkroom - Send negative for processing for target\site\serenity\35c8aa4d990ab70d656f9e27040b38d2201a1c4e80c5e317c7b98df624a5a5cd.png
52950 [main] DEBUG n.t.core.steps.StepInterceptor - STEP DONE: selecionar_produto
52951 [Darkroom Processing Line] DEBUG n.s.c.p.DarkroomProcessingLine - Processing screenshot image in /var/screenshots/screenshot-13558983442664510728
52951 [Darkroom Processing Line] DEBUG n.s.c.p.DarkroomProcessingLine - Saving screenshot to target\site\serenity\35c8aa4d990ab70d656f9e27040b38d2201a1c4e80c5e317c7b98df624a5a5cd.png
52979 [main] DEBUG n.t.core.steps.StepInterceptor - STARTING STEP: Req001CLIENTBSpecs.preencho_com_dados_do_cliente - informar_tipo_cliente
53805 [main] DEBUG n.s.core.photography.Darkroom - Send negative for processing for target\site\serenity\0e3d39ef7b6754de8c232c11c264e46d122780fd4b2406171f102d3ada47b025.png
53806 [main] DEBUG n.t.core.steps.StepInterceptor - STEP DONE: informar_tipo_cliente
53807 [Darkroom Processing Line] DEBUG n.s.c.p.DarkroomProcessingLine - Processing screenshot image in /var/screenshots/screenshot-13749609802989930017
53808 [Darkroom Processing Line] DEBUG n.s.c.p.DarkroomProcessingLine - Saving screenshot to target\site\serenity\0e3d39ef7b6754de8c232c11c264e46d122780fd4b2406171f102d3ada47b025.png
53811 [main] DEBUG n.t.core.steps.StepInterceptor - STARTING STEP: Req001CLIENTBSpecs.preencho_com_dados_do_cliente - informar_qtd_iten
54429 [main] DEBUG n.s.core.photography.Darkroom - Send negative for processing for target\site\serenity\769bbf2abb4b30a8cf0235e100e77cdd531c6b7e1476113b064f24b1e2539e24.png
54430 [main] DEBUG n.t.core.steps.StepInterceptor - STEP DONE: informar_qtd_iten
54431 [Darkroom Processing Line] DEBUG n.s.c.p.DarkroomProcessingLine - Processing screenshot image in /var/screenshots/screenshot-4630851118021925689
54431 [Darkroom Processing Line] DEBUG n.s.c.p.DarkroomProcessingLine - Saving screenshot to target\site\serenity\769bbf2abb4b30a8cf0235e100e77cdd531c6b7e1476113b064f24b1e2539e24.png
54456 [main] DEBUG n.t.core.steps.StepInterceptor - STARTING STEP: Req001CLIENTBSpecs.calculo_o_desconto - calcular_o_desconto
55312 [main] DEBUG n.s.core.photography.Darkroom - Send negative for processing for target\site\serenity\8b9edc36a1f4c2c9ba5d9e33293702466bfc966de74ea94831e41f5c9c17e8cd.png
55313 [main] DEBUG n.t.core.steps.StepInterceptor - STEP DONE: calcular_o_desconto
55314 [Darkroom Processing Line] DEBUG n.s.c.p.DarkroomProcessingLine - Processing screenshot image in /var/screenshots/screenshot-12969621303144158090
55314 [Darkroom Processing Line] DEBUG n.s.c.p.DarkroomProcessingLine - Saving screenshot to target\site\serenity\8b9edc36a1f4c2c9ba5d9e33293702466bfc966de74ea94831e41f5c9c17e8cd.png
55339 [main] DEBUG n.t.core.steps.StepInterceptor - STARTING STEP: Req001CLIENTBSpecs.verifico_se_a_mensagem_foi_eixibida_com_sucesso - verificar_mensagem_sucesso
55706 [main] DEBUG n.s.core.photography.Darkroom - Send negative for processing for target\site\serenity\8b9edc36a1f4c2c9ba5d9e33293702466bfc966de74ea94831e41f5c9c17e8cd.png
55707 [main] DEBUG n.t.core.steps.StepInterceptor - STEP DONE: verificar_mensagem_sucesso
57355 [main] INFO   - 
        __    _____ _____ ____ _____   ____   _    ____  ____  _____ ____  
  _     \ \  |_   _| ____/ ___|_   _| |  _ \ / \  / ___|/ ___|| ____|  _ \ 
 (_)_____| |   | | |  _| \___ \ | |   | |_) / _ \ \___ \\___ \|  _| | | | |
  _|_____| |   | | | |___ ___) || |   |  __/ ___ \ ___) |___) | |___| |_| |
 (_)     | |   |_| |_____|____/ |_|   |_| /_/   \_\____/|____/|_____|____/ 
        /_/                                                                

Calcular desconto com sucesso (fluxo básico)
----------------------------------------------------------------------------
57398 [main] DEBUG n.t.core.steps.StepInterceptor - STARTING STEP: SharedSpecs.que_estou_na_página_inicial_do_sistema - acesse_pagina_inicial
66110 [main] DEBUG n.t.core.steps.StepInterceptor - STEP DONE: acesse_pagina_inicial
66140 [main] DEBUG n.t.core.steps.StepInterceptor - STARTING STEP: SharedSpecs.acesso_o_menu_para_o_calculo_do_desconto - acesse_pagina_desconto
67119 [main] DEBUG n.s.core.photography.Darkroom - Send negative for processing for target\site\serenity\78c46eb958c766f7e8a52c4ad8baffc53f81d9a894347ccf3db4ae2b2103daee.png
67119 [main] DEBUG n.t.core.steps.StepInterceptor - STEP DONE: acesse_pagina_desconto
67120 [Darkroom Processing Line] DEBUG n.s.c.p.DarkroomProcessingLine - Processing screenshot image in /var/screenshots/screenshot-10979333023618345009
67121 [Darkroom Processing Line] DEBUG n.s.c.p.DarkroomProcessingLine - Saving screenshot to target\site\serenity\78c46eb958c766f7e8a52c4ad8baffc53f81d9a894347ccf3db4ae2b2103daee.png
67155 [main] DEBUG n.t.core.steps.StepInterceptor - STARTING STEP: Req001CLIENTBSpecs.seleciono_o_produto - selecionar_produto
68189 [main] DEBUG n.s.core.photography.Darkroom - Send negative for processing for target\site\serenity\e76fe9ded7ca58064e79dd21db8cde7c29ed7baacb09f36fd410bfa1445b5cc1.png
68189 [main] DEBUG n.t.core.steps.StepInterceptor - STEP DONE: selecionar_produto
68190 [Darkroom Processing Line] DEBUG n.s.c.p.DarkroomProcessingLine - Processing screenshot image in /var/screenshots/screenshot-3034484565641417798
68190 [Darkroom Processing Line] DEBUG n.s.c.p.DarkroomProcessingLine - Saving screenshot to target\site\serenity\e76fe9ded7ca58064e79dd21db8cde7c29ed7baacb09f36fd410bfa1445b5cc1.png
68215 [main] DEBUG n.t.core.steps.StepInterceptor - STARTING STEP: Req001CLIENTBSpecs.preencho_com_dados_do_cliente - informar_tipo_cliente
68997 [main] DEBUG n.s.core.photography.Darkroom - Send negative for processing for target\site\serenity\7fb7d3191e43aff1817ff08cb8ec4d7fb67edfda9d68f6a9ab53c470e5ea75d0.png
68998 [main] DEBUG n.t.core.steps.StepInterceptor - STEP DONE: informar_tipo_cliente
68999 [Darkroom Processing Line] DEBUG n.s.c.p.DarkroomProcessingLine - Processing screenshot image in /var/screenshots/screenshot-5651876598497527468
68999 [Darkroom Processing Line] DEBUG n.s.c.p.DarkroomProcessingLine - Saving screenshot to target\site\serenity\7fb7d3191e43aff1817ff08cb8ec4d7fb67edfda9d68f6a9ab53c470e5ea75d0.png
69001 [main] DEBUG n.t.core.steps.StepInterceptor - STARTING STEP: Req001CLIENTBSpecs.preencho_com_dados_do_cliente - informar_qtd_iten
69576 [main] DEBUG n.s.core.photography.Darkroom - Send negative for processing for target\site\serenity\d5e5ae4843e1070ca4ed88010925e53aab2d83f48dfe0ec776d3d3f057a4006d.png
69577 [main] DEBUG n.t.core.steps.StepInterceptor - STEP DONE: informar_qtd_iten
69578 [Darkroom Processing Line] DEBUG n.s.c.p.DarkroomProcessingLine - Processing screenshot image in /var/screenshots/screenshot-16540802616735415142
69578 [Darkroom Processing Line] DEBUG n.s.c.p.DarkroomProcessingLine - Saving screenshot to target\site\serenity\d5e5ae4843e1070ca4ed88010925e53aab2d83f48dfe0ec776d3d3f057a4006d.png
69600 [main] DEBUG n.t.core.steps.StepInterceptor - STARTING STEP: Req001CLIENTBSpecs.calculo_o_desconto - calcular_o_desconto
70472 [main] DEBUG n.s.core.photography.Darkroom - Send negative for processing for target\site\serenity\93800cf5e0f51600f86ccde7448d892e8dad28c33bc8f873982747a821aaed03.png
70472 [main] DEBUG n.t.core.steps.StepInterceptor - STEP DONE: calcular_o_desconto
70473 [Darkroom Processing Line] DEBUG n.s.c.p.DarkroomProcessingLine - Processing screenshot image in /var/screenshots/screenshot-7474255857433833136
70473 [Darkroom Processing Line] DEBUG n.s.c.p.DarkroomProcessingLine - Saving screenshot to target\site\serenity\93800cf5e0f51600f86ccde7448d892e8dad28c33bc8f873982747a821aaed03.png
70495 [main] DEBUG n.t.core.steps.StepInterceptor - STARTING STEP: Req001CLIENTBSpecs.verifico_se_a_mensagem_foi_eixibida_com_sucesso - verificar_mensagem_sucesso
70856 [main] DEBUG n.s.core.photography.Darkroom - Send negative for processing for target\site\serenity\93800cf5e0f51600f86ccde7448d892e8dad28c33bc8f873982747a821aaed03.png
70856 [main] DEBUG n.t.core.steps.StepInterceptor - STEP DONE: verificar_mensagem_sucesso
72947 [main] DEBUG n.t.core.reports.ReportService - Reporting formats: [JSON, HTML]
73227 [main] DEBUG n.t.core.reports.ReportService - Reporting formats: [JSON, HTML]
73241 [main] DEBUG n.t.core.reports.ReportService - Generating reports for 1 test outcomes using: net.thucydides.core.reports.json.JSONTestOutcomeReporter@f6cde7e
73243 [pool-1-thread-1] DEBUG n.t.core.reports.ReportService - Processing test outcome REQ-X - Calcular desconto:Calcular desconto com sucesso (fluxo básico)
73243 [pool-1-thread-1] DEBUG n.t.core.reports.ReportService - net.thucydides.core.reports.json.JSONTestOutcomeReporter@f6cde7e: Generating report for test outcome: REQ-X - Calcular desconto:Calcular desconto com sucesso (fluxo básico)
73254 [pool-1-thread-1] DEBUG n.t.c.r.j.JSONTestOutcomeReporter - Generating JSON report for Calcular desconto com sucesso (fluxo básico) to file C:\Users\artur.araujo\git\pos-testes-unitarios\target\site\serenity\51e1fa0a0e1f3ac4aa3b3ba31040c233570c7cb9be16ad075ba6a734cf527ed1.json (using temp file C:\Users\artur.araujo\git\pos-testes-unitarios\target\site\serenity\51e1fa0a0e1f3ac4aa3b3ba31040c233570c7cb9be16ad075ba6a734cf527ed1.json89bb958f-3ea3-4291-a1f1-f52fe26cbb43)
73343 [pool-1-thread-1] DEBUG n.t.core.reports.ReportService - Processing test outcome REQ-X - Calcular desconto:Calcular desconto com sucesso (fluxo básico) done
73344 [main] DEBUG n.t.core.reports.ReportService - Shutting down executor service
73344 [main] DEBUG n.t.core.reports.ReportService - Reports generated in: 103 ms
73344 [main] DEBUG n.t.core.reports.ReportService - Generating reports for 1 test outcomes using: net.thucydides.core.reports.html.HtmlAcceptanceTestReporter@1f4cb17b
73345 [pool-2-thread-1] DEBUG n.t.core.reports.ReportService - Processing test outcome REQ-X - Calcular desconto:Calcular desconto com sucesso (fluxo básico)
73345 [pool-2-thread-1] DEBUG n.t.core.reports.ReportService - net.thucydides.core.reports.html.HtmlAcceptanceTestReporter@1f4cb17b: Generating report for test outcome: REQ-X - Calcular desconto:Calcular desconto com sucesso (fluxo básico)
73346 [pool-2-thread-1] DEBUG n.t.c.r.h.HtmlAcceptanceTestReporter - GENERATE TEST OUTCOME REPORT FOR Calcular desconto com sucesso (fluxo básico) in 51e1fa0a0e1f3ac4aa3b3ba31040c233570c7cb9be16ad075ba6a734cf527ed1
73447 [pool-2-thread-1] DEBUG n.t.c.r.m.cucumber.CucumberParser - Added feature REQ-X - Formulário de Contato
73461 [pool-2-thread-1] DEBUG n.t.c.r.m.cucumber.CucumberParser - Added feature REQ-X - Calcular desconto
73462 [pool-2-thread-1] DEBUG n.t.c.r.RequirementsTagProvider -  found:[Requirement{name='REQ-X - Formulário de Contato', type='feature' parent = 'null', cardNumber='null'}, Requirement{name='REQ-X - Calcular desconto', type='feature' parent = 'null', cardNumber='null'}]
73476 [pool-2-thread-1] DEBUG n.t.c.r.BaseRequirementsService - Requirement found for test outcome Calcular desconto com sucesso (fluxo básico)-[]: Optional[Requirement{name='REQ-X - Calcular desconto', type='feature' parent = 'null', cardNumber='null'}]
73480 [pool-2-thread-1] DEBUG n.t.c.r.BaseRequirementsService - Requirement found for test outcome Calcular desconto com sucesso (fluxo básico)-[]: Optional[Requirement{name='REQ-X - Calcular desconto', type='feature' parent = 'null', cardNumber='null'}]
73654 [pool-2-thread-1] DEBUG n.t.c.r.BaseRequirementsService - Requirement found for test outcome Calcular desconto com sucesso (fluxo básico)-[]: Optional[Requirement{name='REQ-X - Calcular desconto', type='feature' parent = 'null', cardNumber='null'}]
73657 [pool-2-thread-1] DEBUG n.t.c.r.BaseRequirementsService - Requirement found for test outcome Calcular desconto com sucesso (fluxo básico)-[]: Optional[Requirement{name='REQ-X - Calcular desconto', type='feature' parent = 'null', cardNumber='null'}]
73946 [pool-2-thread-1] DEBUG n.t.c.r.h.HtmlAcceptanceTestReporter - Generating report in 51e1fa0a0e1f3ac4aa3b3ba31040c233570c7cb9be16ad075ba6a734cf527ed1_screenshots.html
75231 [pool-2-thread-1] DEBUG n.t.c.r.h.HtmlAcceptanceTestReporter - Generated report 51e1fa0a0e1f3ac4aa3b3ba31040c233570c7cb9be16ad075ba6a734cf527ed1_screenshots.html in 1285 ms
75233 [pool-2-thread-1] DEBUG n.t.c.r.h.HtmlAcceptanceTestReporter - GENERATING HTML REPORT FOR REQ-X - Calcular desconto:Calcular desconto com sucesso (fluxo básico) in 51e1fa0a0e1f3ac4aa3b3ba31040c233570c7cb9be16ad075ba6a734cf527ed1.html in directory target\site\serenity  
75260 [pool-2-thread-1] DEBUG n.t.c.r.h.HtmlAcceptanceTestReporter - Generating report in 51e1fa0a0e1f3ac4aa3b3ba31040c233570c7cb9be16ad075ba6a734cf527ed1.html
92576 [pool-2-thread-1] DEBUG n.t.c.r.h.HtmlAcceptanceTestReporter - Generated report 51e1fa0a0e1f3ac4aa3b3ba31040c233570c7cb9be16ad075ba6a734cf527ed1.html in 17315 ms
92576 [pool-2-thread-1] DEBUG n.t.core.reports.ReportService - Processing test outcome REQ-X - Calcular desconto:Calcular desconto com sucesso (fluxo básico) done
92576 [main] DEBUG n.t.core.reports.ReportService - Shutting down executor service
92576 [main] DEBUG n.t.core.reports.ReportService - Reports generated in: 19232 ms
92786 [main] DEBUG n.s.core.photography.Darkroom - Closing darkroom
92786 [Darkroom Processing Line] DEBUG n.s.c.p.DarkroomProcessingLine - Darkroom processing line shutting down
4420 [main] INFO   - 

-------------------------------------------------------------------------------------
     _______. _______ .______       _______ .__   __.  __  .___________.____    ____ 
    /       ||   ____||   _  \     |   ____||  \ |  | |  | |           |\   \  /   / 
   |   (----`|  |__   |  |_)  |    |  |__   |   \|  | |  | `---|  |----` \   \/   /  
    \   \    |   __|  |      /     |   __|  |  . `  | |  |     |  |       \_    _/   
.----)   |   |  |____ |  |\  \----.|  |____ |  |\   | |  |     |  |         |  |     
|_______/    |_______|| _| `._____||_______||__| \__| |__|     |__|         |__|    
                                                                                     
 News and tutorials at http://www.serenity-bdd.info                                  
 Documentation at https://wakaleo.gitbooks.io/the-serenity-book/content/             
 Join the Serenity Community on Gitter: https://gitter.im/serenity-bdd/serenity-core 
 Serenity BDD Support and Training at http://serenity-bdd.info/#/trainingandsupport  
-------------------------------------------------------------------------------------

4439 [main] DEBUG n.t.core.steps.StepEventBus - Test suite started for story net.thucydides.core.model.Story@53d1bce7
4446 [main] INFO   - Test Suite Started: REQ-1 - Calcular desconto
4367 [main] INFO   - 

-------------------------------------------------------------------------------------
     _______. _______ .______       _______ .__   __.  __  .___________.____    ____ 
    /       ||   ____||   _  \     |   ____||  \ |  | |  | |           |\   \  /   / 
   |   (----`|  |__   |  |_)  |    |  |__   |   \|  | |  | `---|  |----` \   \/   /  
    \   \    |   __|  |      /     |   __|  |  . `  | |  |     |  |       \_    _/   
.----)   |   |  |____ |  |\  \----.|  |____ |  |\   | |  |     |  |         |  |     
|_______/    |_______|| _| `._____||_______||__| \__| |__|     |__|         |__|    
                                                                                     
 News and tutorials at http://www.serenity-bdd.info                                  
 Documentation at https://wakaleo.gitbooks.io/the-serenity-book/content/             
 Join the Serenity Community on Gitter: https://gitter.im/serenity-bdd/serenity-core 
 Serenity BDD Support and Training at http://serenity-bdd.info/#/trainingandsupport  
-------------------------------------------------------------------------------------

4384 [main] DEBUG n.t.core.steps.StepEventBus - Test suite started for story net.thucydides.core.model.Story@53d1bce7
4392 [main] INFO   - Test Suite Started: REQ-1 - Calcular desconto
4290 [main] INFO   - 

-------------------------------------------------------------------------------------
     _______. _______ .______       _______ .__   __.  __  .___________.____    ____ 
    /       ||   ____||   _  \     |   ____||  \ |  | |  | |           |\   \  /   / 
   |   (----`|  |__   |  |_)  |    |  |__   |   \|  | |  | `---|  |----` \   \/   /  
    \   \    |   __|  |      /     |   __|  |  . `  | |  |     |  |       \_    _/   
.----)   |   |  |____ |  |\  \----.|  |____ |  |\   | |  |     |  |         |  |     
|_______/    |_______|| _| `._____||_______||__| \__| |__|     |__|         |__|    
                                                                                     
 News and tutorials at http://www.serenity-bdd.info                                  
 Documentation at https://wakaleo.gitbooks.io/the-serenity-book/content/             
 Join the Serenity Community on Gitter: https://gitter.im/serenity-bdd/serenity-core 
 Serenity BDD Support and Training at http://serenity-bdd.info/#/trainingandsupport  
-------------------------------------------------------------------------------------

4307 [main] DEBUG n.t.core.steps.StepEventBus - Test suite started for story net.thucydides.core.model.Story@53d1bce7
4315 [main] INFO   - Test Suite Started: REQ-1 - Calcular desconto
4528 [main] INFO   - 

-------------------------------------------------------------------------------------
     _______. _______ .______       _______ .__   __.  __  .___________.____    ____ 
    /       ||   ____||   _  \     |   ____||  \ |  | |  | |           |\   \  /   / 
   |   (----`|  |__   |  |_)  |    |  |__   |   \|  | |  | `---|  |----` \   \/   /  
    \   \    |   __|  |      /     |   __|  |  . `  | |  |     |  |       \_    _/   
.----)   |   |  |____ |  |\  \----.|  |____ |  |\   | |  |     |  |         |  |     
|_______/    |_______|| _| `._____||_______||__| \__| |__|     |__|         |__|    
                                                                                     
 News and tutorials at http://www.serenity-bdd.info                                  
 Documentation at https://wakaleo.gitbooks.io/the-serenity-book/content/             
 Join the Serenity Community on Gitter: https://gitter.im/serenity-bdd/serenity-core 
 Serenity BDD Support and Training at http://serenity-bdd.info/#/trainingandsupport  
-------------------------------------------------------------------------------------

4545 [main] DEBUG n.t.core.steps.StepEventBus - Test suite started for story net.thucydides.core.model.Story@53d1bce7
4553 [main] INFO   - Test Suite Started: REQ-1 - Calcular desconto
4617 [main] INFO   - 

-------------------------------------------------------------------------------------
     _______. _______ .______       _______ .__   __.  __  .___________.____    ____ 
    /       ||   ____||   _  \     |   ____||  \ |  | |  | |           |\   \  /   / 
   |   (----`|  |__   |  |_)  |    |  |__   |   \|  | |  | `---|  |----` \   \/   /  
    \   \    |   __|  |      /     |   __|  |  . `  | |  |     |  |       \_    _/   
.----)   |   |  |____ |  |\  \----.|  |____ |  |\   | |  |     |  |         |  |     
|_______/    |_______|| _| `._____||_______||__| \__| |__|     |__|         |__|    
                                                                                     
 News and tutorials at http://www.serenity-bdd.info                                  
 Documentation at https://wakaleo.gitbooks.io/the-serenity-book/content/             
 Join the Serenity Community on Gitter: https://gitter.im/serenity-bdd/serenity-core 
 Serenity BDD Support and Training at http://serenity-bdd.info/#/trainingandsupport  
-------------------------------------------------------------------------------------

4633 [main] DEBUG n.t.core.steps.StepEventBus - Test suite started for story net.thucydides.core.model.Story@53d1bce7
4642 [main] INFO   - Test Suite Started: REQ-1 - Calcular desconto
5668 [main] INFO   - 
 _____ _____ ____ _____   ____ _____  _    ____ _____ _____ ____  
|_   _| ____/ ___|_   _| / ___|_   _|/ \  |  _ \_   _| ____|  _ \ 
  | | |  _| \___ \ | |   \___ \ | | / _ \ | |_) || | |  _| | | | |
  | | | |___ ___) || |    ___) || |/ ___ \|  _ < | | | |___| |_| |
  |_| |_____|____/ |_|   |____/ |_/_/   \_\_| \_\|_| |_____|____/ 

Calcular desconto com sucesso (fluxo básico)(req-1---calcular-desconto;calcular-desconto-com-sucesso-(fluxo-básico))
-------------------------------------------------------------------
6008 [main] DEBUG n.t.c.r.m.cucumber.CucumberParser - Added feature REQ-X - Formulário de Contato
6048 [main] DEBUG n.t.c.r.m.cucumber.CucumberParser - Added feature REQ-X - Calcular desconto
6064 [main] DEBUG n.t.c.r.m.cucumber.CucumberParser - Added feature REQ-1 - Calcular desconto
7664 [main] DEBUG n.t.core.steps.StepInterceptor - STARTING STEP: SharedSpecs.que_estou_na_página_inicial_do_sistema - acesse_pagina_inicial
11242 [main] DEBUG io.netty.handler.ssl.JdkSslContext - Default protocols (JDK): [TLSv1.2, TLSv1.1, TLSv1] 
11243 [main] DEBUG io.netty.handler.ssl.JdkSslContext - Default cipher suites (JDK): [TLS_ECDHE_ECDSA_WITH_AES_256_GCM_SHA384, TLS_ECDHE_ECDSA_WITH_AES_128_GCM_SHA256, TLS_ECDHE_RSA_WITH_AES_128_GCM_SHA256, TLS_ECDHE_RSA_WITH_AES_256_GCM_SHA384, TLS_ECDHE_RSA_WITH_AES_128_CBC_SHA, TLS_ECDHE_RSA_WITH_AES_256_CBC_SHA, TLS_RSA_WITH_AES_128_GCM_SHA256, TLS_RSA_WITH_AES_128_CBC_SHA, TLS_RSA_WITH_AES_256_CBC_SHA, TLS_AES_128_GCM_SHA256, TLS_AES_256_GCM_SHA384]
11361 [main] DEBUG i.n.c.MultithreadEventLoopGroup - -Dio.netty.eventLoopThreads: 8
11395 [main] DEBUG io.netty.channel.nio.NioEventLoop - -Dio.netty.noKeySetOptimization: false
11395 [main] DEBUG io.netty.channel.nio.NioEventLoop - -Dio.netty.selectorAutoRebuildThreshold: 512
11501 [main] DEBUG i.n.buffer.PooledByteBufAllocator - -Dio.netty.allocator.numHeapArenas: 8
11501 [main] DEBUG i.n.buffer.PooledByteBufAllocator - -Dio.netty.allocator.numDirectArenas: 8
11501 [main] DEBUG i.n.buffer.PooledByteBufAllocator - -Dio.netty.allocator.pageSize: 8192
11501 [main] DEBUG i.n.buffer.PooledByteBufAllocator - -Dio.netty.allocator.maxOrder: 11
11501 [main] DEBUG i.n.buffer.PooledByteBufAllocator - -Dio.netty.allocator.chunkSize: 16777216
11501 [main] DEBUG i.n.buffer.PooledByteBufAllocator - -Dio.netty.allocator.tinyCacheSize: 512
11502 [main] DEBUG i.n.buffer.PooledByteBufAllocator - -Dio.netty.allocator.smallCacheSize: 256
11502 [main] DEBUG i.n.buffer.PooledByteBufAllocator - -Dio.netty.allocator.normalCacheSize: 64
11502 [main] DEBUG i.n.buffer.PooledByteBufAllocator - -Dio.netty.allocator.maxCachedBufferCapacity: 32768
11502 [main] DEBUG i.n.buffer.PooledByteBufAllocator - -Dio.netty.allocator.cacheTrimInterval: 8192
11502 [main] DEBUG i.n.buffer.PooledByteBufAllocator - -Dio.netty.allocator.cacheTrimIntervalMillis: 0
11502 [main] DEBUG i.n.buffer.PooledByteBufAllocator - -Dio.netty.allocator.useCacheForAllThreads: true
11502 [main] DEBUG i.n.buffer.PooledByteBufAllocator - -Dio.netty.allocator.maxCachedByteBuffersPerChunk: 1023
11533 [main] DEBUG io.netty.buffer.ByteBufUtil - -Dio.netty.allocator.type: pooled
11533 [main] DEBUG io.netty.buffer.ByteBufUtil - -Dio.netty.threadLocalDirectBufferSize: 0
11533 [main] DEBUG io.netty.buffer.ByteBufUtil - -Dio.netty.maxThreadLocalCharBufferSize: 16384
12861 [Forwarding newSession on session null to remote] DEBUG io.netty.channel.DefaultChannelId - -Dio.netty.processId: 8520 (auto-detected)
12920 [Forwarding newSession on session null to remote] DEBUG io.netty.channel.DefaultChannelId - -Dio.netty.machineId: d4:3d:7e:ff:fe:7f:ea:c5 (auto-detected)
13106 [AsyncHttpClient-3-1] DEBUG io.netty.buffer.AbstractByteBuf - -Dio.netty.buffer.checkAccessible: true
13108 [AsyncHttpClient-3-1] DEBUG io.netty.buffer.AbstractByteBuf - -Dio.netty.buffer.checkBounds: true
22552 [main] DEBUG n.t.core.steps.StepInterceptor - STEP DONE: acesse_pagina_inicial
22861 [main] INFO   - 
          __  _____ _____ ____ _____   ____  _____ _   _ ____ ___ _   _  ____ 
 _       / / |_   _| ____/ ___|_   _| |  _ \| ____| \ | |  _ \_ _| \ | |/ ___|
(_)____ / /    | | |  _| \___ \ | |   | |_) |  _| |  \| | | | | ||  \| | |  _ 
 |_____/ /     | | | |___ ___) || |   |  __/| |___| |\  | |_| | || |\  | |_| |
(_)   /_/      |_| |_____|____/ |_|   |_|   |_____|_| \_|____/___|_| \_|\____|

Calcular desconto com sucesso (fluxo básico)
-------------------------------------------------------------------------------
22967 [main] DEBUG n.t.core.steps.StepInterceptor - STARTING STEP: SharedSpecs.que_estou_na_página_inicial_do_sistema - acesse_pagina_inicial
33486 [main] DEBUG n.t.core.steps.StepInterceptor - STEP DONE: acesse_pagina_inicial
33779 [main] INFO   - 
          __  _____ _____ ____ _____   ____  _____ _   _ ____ ___ _   _  ____ 
 _       / / |_   _| ____/ ___|_   _| |  _ \| ____| \ | |  _ \_ _| \ | |/ ___|
(_)____ / /    | | |  _| \___ \ | |   | |_) |  _| |  \| | | | | ||  \| | |  _ 
 |_____/ /     | | | |___ ___) || |   |  __/| |___| |\  | |_| | || |\  | |_| |
(_)   /_/      |_| |_____|____/ |_|   |_|   |_____|_| \_|____/___|_| \_|\____|

Calcular desconto com sucesso (fluxo básico)
-------------------------------------------------------------------------------
33882 [main] DEBUG n.t.core.steps.StepInterceptor - STARTING STEP: SharedSpecs.que_estou_na_página_inicial_do_sistema - acesse_pagina_inicial
43886 [main] DEBUG n.t.core.steps.StepInterceptor - STEP DONE: acesse_pagina_inicial
44425 [main] DEBUG n.t.core.reports.ReportService - Reporting formats: [JSON, HTML]
44816 [main] DEBUG n.t.core.reports.ReportService - Reporting formats: [JSON, HTML]
44836 [main] DEBUG n.t.core.reports.ReportService - Generating reports for 1 test outcomes using: net.thucydides.core.reports.json.JSONTestOutcomeReporter@56cd5d76
44840 [pool-1-thread-1] DEBUG n.t.core.reports.ReportService - Processing test outcome REQ-1 - Calcular desconto:Calcular desconto com sucesso (fluxo básico)
44840 [pool-1-thread-1] DEBUG n.t.core.reports.ReportService - net.thucydides.core.reports.json.JSONTestOutcomeReporter@56cd5d76: Generating report for test outcome: REQ-1 - Calcular desconto:Calcular desconto com sucesso (fluxo básico)
44866 [pool-1-thread-1] DEBUG n.t.c.r.j.JSONTestOutcomeReporter - Generating JSON report for Calcular desconto com sucesso (fluxo básico) to file C:\Users\artur.araujo\git\pos-testes-unitarios\target\site\serenity\42ed43431ee77761e55b24e7580fd0a5eacc1429d50837dbfd9658add2366bb3.json (using temp file C:\Users\artur.araujo\git\pos-testes-unitarios\target\site\serenity\42ed43431ee77761e55b24e7580fd0a5eacc1429d50837dbfd9658add2366bb3.json0f16921e-9b20-406b-bbaf-4b37d2ffbc25)
44964 [pool-1-thread-1] DEBUG n.t.core.reports.ReportService - Processing test outcome REQ-1 - Calcular desconto:Calcular desconto com sucesso (fluxo básico) done
44964 [main] DEBUG n.t.core.reports.ReportService - Shutting down executor service
44964 [main] DEBUG n.t.core.reports.ReportService - Reports generated in: 128 ms
44965 [main] DEBUG n.t.core.reports.ReportService - Generating reports for 1 test outcomes using: net.thucydides.core.reports.html.HtmlAcceptanceTestReporter@36665c11
44966 [pool-2-thread-1] DEBUG n.t.core.reports.ReportService - Processing test outcome REQ-1 - Calcular desconto:Calcular desconto com sucesso (fluxo básico)
44966 [pool-2-thread-1] DEBUG n.t.core.reports.ReportService - net.thucydides.core.reports.html.HtmlAcceptanceTestReporter@36665c11: Generating report for test outcome: REQ-1 - Calcular desconto:Calcular desconto com sucesso (fluxo básico)
44967 [pool-2-thread-1] DEBUG n.t.c.r.h.HtmlAcceptanceTestReporter - GENERATE TEST OUTCOME REPORT FOR Calcular desconto com sucesso (fluxo básico) in 42ed43431ee77761e55b24e7580fd0a5eacc1429d50837dbfd9658add2366bb3
45093 [pool-2-thread-1] DEBUG n.t.c.r.m.cucumber.CucumberParser - Added feature REQ-X - Formulário de Contato
45110 [pool-2-thread-1] DEBUG n.t.c.r.m.cucumber.CucumberParser - Added feature REQ-X - Calcular desconto
45128 [pool-2-thread-1] DEBUG n.t.c.r.m.cucumber.CucumberParser - Added feature REQ-1 - Calcular desconto
45129 [pool-2-thread-1] DEBUG n.t.c.r.RequirementsTagProvider -  found:[Requirement{name='REQ-X - Formulário de Contato', type='feature' parent = 'null', cardNumber='null'}, Requirement{name='REQ-X - Calcular desconto', type='feature' parent = 'null', cardNumber='null'}, Requirement{name='REQ-1 - Calcular desconto', type='feature' parent = 'null', cardNumber='null'}]
45143 [pool-2-thread-1] DEBUG n.t.c.r.BaseRequirementsService - Requirement found for test outcome Calcular desconto com sucesso (fluxo básico)-[]: Optional[Requirement{name='REQ-1 - Calcular desconto', type='feature' parent = 'null', cardNumber='null'}]
45147 [pool-2-thread-1] DEBUG n.t.c.r.BaseRequirementsService - Requirement found for test outcome Calcular desconto com sucesso (fluxo básico)-[]: Optional[Requirement{name='REQ-1 - Calcular desconto', type='feature' parent = 'null', cardNumber='null'}]
45546 [pool-2-thread-1] DEBUG n.t.c.r.h.HtmlAcceptanceTestReporter - GENERATING HTML REPORT FOR REQ-1 - Calcular desconto:Calcular desconto com sucesso (fluxo básico) in 42ed43431ee77761e55b24e7580fd0a5eacc1429d50837dbfd9658add2366bb3.html in directory target\site\serenity  
45556 [pool-2-thread-1] DEBUG n.t.c.r.h.HtmlAcceptanceTestReporter - Generating report in 42ed43431ee77761e55b24e7580fd0a5eacc1429d50837dbfd9658add2366bb3.html
47107 [pool-2-thread-1] DEBUG n.t.c.r.h.HtmlAcceptanceTestReporter - Generated report 42ed43431ee77761e55b24e7580fd0a5eacc1429d50837dbfd9658add2366bb3.html in 1551 ms
47108 [pool-2-thread-1] DEBUG n.t.core.reports.ReportService - Processing test outcome REQ-1 - Calcular desconto:Calcular desconto com sucesso (fluxo básico) done
47108 [main] DEBUG n.t.core.reports.ReportService - Shutting down executor service
47108 [main] DEBUG n.t.core.reports.ReportService - Reports generated in: 2143 ms
4485 [main] INFO   - 

-------------------------------------------------------------------------------------
     _______. _______ .______       _______ .__   __.  __  .___________.____    ____ 
    /       ||   ____||   _  \     |   ____||  \ |  | |  | |           |\   \  /   / 
   |   (----`|  |__   |  |_)  |    |  |__   |   \|  | |  | `---|  |----` \   \/   /  
    \   \    |   __|  |      /     |   __|  |  . `  | |  |     |  |       \_    _/   
.----)   |   |  |____ |  |\  \----.|  |____ |  |\   | |  |     |  |         |  |     
|_______/    |_______|| _| `._____||_______||__| \__| |__|     |__|         |__|    
                                                                                     
 News and tutorials at http://www.serenity-bdd.info                                  
 Documentation at https://wakaleo.gitbooks.io/the-serenity-book/content/             
 Join the Serenity Community on Gitter: https://gitter.im/serenity-bdd/serenity-core 
 Serenity BDD Support and Training at http://serenity-bdd.info/#/trainingandsupport  
-------------------------------------------------------------------------------------

4502 [main] DEBUG n.t.core.steps.StepEventBus - Test suite started for story net.thucydides.core.model.Story@2d87e442
4510 [main] INFO   - Test Suite Started: REQ-X - Calcular desconto
5433 [main] INFO   - 
 _____ _____ ____ _____   ____ _____  _    ____ _____ _____ ____  
|_   _| ____/ ___|_   _| / ___|_   _|/ \  |  _ \_   _| ____|  _ \ 
  | | |  _| \___ \ | |   \___ \ | | / _ \ | |_) || | |  _| | | | |
  | | | |___ ___) || |    ___) || |/ ___ \|  _ < | | | |___| |_| |
  |_| |_____|____/ |_|   |____/ |_/_/   \_\_| \_\|_| |_____|____/ 

Calcular desconto com sucesso (fluxo básico)(req-x---calcular-desconto;calcular-desconto-com-sucesso-(fluxo-básico))
-------------------------------------------------------------------
5744 [main] DEBUG n.t.c.r.m.cucumber.CucumberParser - Added feature REQ-X - Formulário de Contato
5777 [main] DEBUG n.t.c.r.m.cucumber.CucumberParser - Added feature REQ-X - Calcular desconto
5798 [main] DEBUG n.t.c.r.m.cucumber.CucumberParser - Added feature REQ-1 - Calcular desconto
7390 [main] DEBUG n.t.core.steps.StepInterceptor - STARTING STEP: SharedSpecs.que_estou_na_página_inicial_do_sistema - acesse_pagina_inicial
11231 [main] DEBUG io.netty.handler.ssl.JdkSslContext - Default protocols (JDK): [TLSv1.2, TLSv1.1, TLSv1] 
11231 [main] DEBUG io.netty.handler.ssl.JdkSslContext - Default cipher suites (JDK): [TLS_ECDHE_ECDSA_WITH_AES_256_GCM_SHA384, TLS_ECDHE_ECDSA_WITH_AES_128_GCM_SHA256, TLS_ECDHE_RSA_WITH_AES_128_GCM_SHA256, TLS_ECDHE_RSA_WITH_AES_256_GCM_SHA384, TLS_ECDHE_RSA_WITH_AES_128_CBC_SHA, TLS_ECDHE_RSA_WITH_AES_256_CBC_SHA, TLS_RSA_WITH_AES_128_GCM_SHA256, TLS_RSA_WITH_AES_128_CBC_SHA, TLS_RSA_WITH_AES_256_CBC_SHA, TLS_AES_128_GCM_SHA256, TLS_AES_256_GCM_SHA384]
11341 [main] DEBUG i.n.c.MultithreadEventLoopGroup - -Dio.netty.eventLoopThreads: 8
11374 [main] DEBUG io.netty.channel.nio.NioEventLoop - -Dio.netty.noKeySetOptimization: false
11374 [main] DEBUG io.netty.channel.nio.NioEventLoop - -Dio.netty.selectorAutoRebuildThreshold: 512
11472 [main] DEBUG i.n.buffer.PooledByteBufAllocator - -Dio.netty.allocator.numHeapArenas: 8
11472 [main] DEBUG i.n.buffer.PooledByteBufAllocator - -Dio.netty.allocator.numDirectArenas: 8
11472 [main] DEBUG i.n.buffer.PooledByteBufAllocator - -Dio.netty.allocator.pageSize: 8192
11472 [main] DEBUG i.n.buffer.PooledByteBufAllocator - -Dio.netty.allocator.maxOrder: 11
11473 [main] DEBUG i.n.buffer.PooledByteBufAllocator - -Dio.netty.allocator.chunkSize: 16777216
11473 [main] DEBUG i.n.buffer.PooledByteBufAllocator - -Dio.netty.allocator.tinyCacheSize: 512
11473 [main] DEBUG i.n.buffer.PooledByteBufAllocator - -Dio.netty.allocator.smallCacheSize: 256
11473 [main] DEBUG i.n.buffer.PooledByteBufAllocator - -Dio.netty.allocator.normalCacheSize: 64
11473 [main] DEBUG i.n.buffer.PooledByteBufAllocator - -Dio.netty.allocator.maxCachedBufferCapacity: 32768
11474 [main] DEBUG i.n.buffer.PooledByteBufAllocator - -Dio.netty.allocator.cacheTrimInterval: 8192
11474 [main] DEBUG i.n.buffer.PooledByteBufAllocator - -Dio.netty.allocator.cacheTrimIntervalMillis: 0
11474 [main] DEBUG i.n.buffer.PooledByteBufAllocator - -Dio.netty.allocator.useCacheForAllThreads: true
11474 [main] DEBUG i.n.buffer.PooledByteBufAllocator - -Dio.netty.allocator.maxCachedByteBuffersPerChunk: 1023
11500 [main] DEBUG io.netty.buffer.ByteBufUtil - -Dio.netty.allocator.type: pooled
11501 [main] DEBUG io.netty.buffer.ByteBufUtil - -Dio.netty.threadLocalDirectBufferSize: 0
11501 [main] DEBUG io.netty.buffer.ByteBufUtil - -Dio.netty.maxThreadLocalCharBufferSize: 16384
12718 [Forwarding newSession on session null to remote] DEBUG io.netty.channel.DefaultChannelId - -Dio.netty.processId: 9944 (auto-detected)
12779 [Forwarding newSession on session null to remote] DEBUG io.netty.channel.DefaultChannelId - -Dio.netty.machineId: d4:3d:7e:ff:fe:7f:ea:c5 (auto-detected)
12978 [AsyncHttpClient-3-1] DEBUG io.netty.buffer.AbstractByteBuf - -Dio.netty.buffer.checkAccessible: true
12979 [AsyncHttpClient-3-1] DEBUG io.netty.buffer.AbstractByteBuf - -Dio.netty.buffer.checkBounds: true
20560 [main] DEBUG n.t.core.steps.StepInterceptor - STEP DONE: acesse_pagina_inicial
20608 [main] DEBUG n.t.core.steps.StepInterceptor - STARTING STEP: SharedSpecs.acesso_o_menu_para_o_calculo_do_desconto - acesse_pagina_desconto
21472 [main] DEBUG n.s.core.photography.Darkroom - Opening darkroom
21476 [Darkroom Processing Line] DEBUG n.s.c.p.DarkroomProcessingLine - Darkroom processing line starting up
22212 [main] DEBUG n.s.core.photography.Darkroom - Send negative for processing for target\site\serenity\30ad06cd6f35483a92fef9c96ecdf36fa7c9eb79f1ff975dd4c1e8bd3f525291.png
22213 [Darkroom Processing Line] DEBUG n.s.c.p.DarkroomProcessingLine - Processing screenshot image in /var/screenshots/screenshot-16515030816426060020
22214 [Darkroom Processing Line] DEBUG n.s.c.p.DarkroomProcessingLine - Saving screenshot to target\site\serenity\30ad06cd6f35483a92fef9c96ecdf36fa7c9eb79f1ff975dd4c1e8bd3f525291.png
22216 [main] DEBUG n.t.core.steps.StepInterceptor - STEP DONE: acesse_pagina_desconto
22610 [main] DEBUG n.s.core.photography.Darkroom - Send negative for processing for target\site\serenity\30ad06cd6f35483a92fef9c96ecdf36fa7c9eb79f1ff975dd4c1e8bd3f525291.png
22611 [main] DEBUG n.t.core.steps.StepInterceptor - STARTING STEP: Req001CLIENTBSpecs.seleciono_o_produto - selecionar_produto
23678 [main] DEBUG n.s.core.photography.Darkroom - Send negative for processing for target\site\serenity\9a5e8ab0acd15e648b31eb5e4d0869033dda4214d09a539d3ab982e508946736.png
23679 [main] DEBUG n.t.core.steps.StepInterceptor - STEP DONE: selecionar_produto
23680 [Darkroom Processing Line] DEBUG n.s.c.p.DarkroomProcessingLine - Processing screenshot image in /var/screenshots/screenshot-11711752191432604315
23680 [Darkroom Processing Line] DEBUG n.s.c.p.DarkroomProcessingLine - Saving screenshot to target\site\serenity\9a5e8ab0acd15e648b31eb5e4d0869033dda4214d09a539d3ab982e508946736.png
23726 [main] DEBUG n.t.core.steps.StepInterceptor - STARTING STEP: Req001CLIENTBSpecs.preencho_com_dados_do_cliente - informar_tipo_cliente
24564 [main] DEBUG n.s.core.photography.Darkroom - Send negative for processing for target\site\serenity\e636aa0674132be7ac553203f5b3821efbdbcbcb9ae4f1ade386eccf070831c9.png
24565 [main] DEBUG n.t.core.steps.StepInterceptor - STEP DONE: informar_tipo_cliente
24566 [Darkroom Processing Line] DEBUG n.s.c.p.DarkroomProcessingLine - Processing screenshot image in /var/screenshots/screenshot-11698886624531249367
24566 [Darkroom Processing Line] DEBUG n.s.c.p.DarkroomProcessingLine - Saving screenshot to target\site\serenity\e636aa0674132be7ac553203f5b3821efbdbcbcb9ae4f1ade386eccf070831c9.png
24570 [main] DEBUG n.t.core.steps.StepInterceptor - STARTING STEP: Req001CLIENTBSpecs.preencho_com_dados_do_cliente - informar_qtd_iten
25171 [main] DEBUG n.s.core.photography.Darkroom - Send negative for processing for target\site\serenity\e57bc0202992323845da9e37fc049cec0a494a6a83fe6151fb04234ae769135c.png
25172 [main] DEBUG n.t.core.steps.StepInterceptor - STEP DONE: informar_qtd_iten
25173 [Darkroom Processing Line] DEBUG n.s.c.p.DarkroomProcessingLine - Processing screenshot image in /var/screenshots/screenshot-7853918269289744499
25173 [Darkroom Processing Line] DEBUG n.s.c.p.DarkroomProcessingLine - Saving screenshot to target\site\serenity\e57bc0202992323845da9e37fc049cec0a494a6a83fe6151fb04234ae769135c.png
25202 [main] DEBUG n.t.core.steps.StepInterceptor - STARTING STEP: Req001CLIENTBSpecs.calculo_o_desconto - calcular_o_desconto
30964 [main] DEBUG n.s.core.photography.Darkroom - Send negative for processing for target\site\serenity\306981093eb73a3a0b8eb42cf45b81dc393161708134b6f0c273734a152bcdab.png
30964 [main] DEBUG n.t.core.steps.StepInterceptor - STEP DONE: calcular_o_desconto
30965 [Darkroom Processing Line] DEBUG n.s.c.p.DarkroomProcessingLine - Processing screenshot image in /var/screenshots/screenshot-13259743086344228875
30966 [Darkroom Processing Line] DEBUG n.s.c.p.DarkroomProcessingLine - Saving screenshot to target\site\serenity\306981093eb73a3a0b8eb42cf45b81dc393161708134b6f0c273734a152bcdab.png
30993 [main] DEBUG n.t.core.steps.StepInterceptor - STARTING STEP: Req001CLIENTBSpecs.verifico_se_a_mensagem_foi_eixibida_com_sucesso - verificar_mensagem_sucesso
31378 [main] DEBUG n.s.core.photography.Darkroom - Send negative for processing for target\site\serenity\306981093eb73a3a0b8eb42cf45b81dc393161708134b6f0c273734a152bcdab.png
34610 [main] ERROR  - 
           __  _____ _____ ____ _____   _____ _    ___ _     _____ ____  
  _       / / |_   _| ____/ ___|_   _| |  ___/ \  |_ _| |   | ____|  _ \ 
 (_)_____| |    | | |  _| \___ \ | |   | |_ / _ \  | || |   |  _| | | | |
  _|_____| |    | | | |___ ___) || |   |  _/ ___ \ | || |___| |___| |_| |
 (_)     | |    |_| |_____|____/ |_|   |_|/_/   \_\___|_____|_____|____/ 
          \_\                                                            

Calcular desconto com sucesso (fluxo básico)
--------------------------------------------------------------------------
34618 [main] DEBUG  - RELATED ISSUES: 
34855 [main] ERROR  -     Test failed at step: Verificar mensagem sucesso
34856 [main] ERROR  -     Expected: a string containing "Operação realizada com sucesso!" ignoring case but: was "Código do Produto:"
34939 [main] DEBUG n.t.core.steps.StepInterceptor - STARTING STEP: SharedSpecs.que_estou_na_página_inicial_do_sistema - acesse_pagina_inicial
43768 [main] DEBUG n.t.core.steps.StepInterceptor - STEP DONE: acesse_pagina_inicial
43788 [main] DEBUG n.t.core.steps.StepInterceptor - STARTING STEP: SharedSpecs.acesso_o_menu_para_o_calculo_do_desconto - acesse_pagina_desconto
44766 [main] DEBUG n.s.core.photography.Darkroom - Send negative for processing for target\site\serenity\258aaf56a11312af1ecae2da51f79f40b3a9f6effb52e210301885a3096cf449.png
44767 [main] DEBUG n.t.core.steps.StepInterceptor - STEP DONE: acesse_pagina_desconto
44768 [Darkroom Processing Line] DEBUG n.s.c.p.DarkroomProcessingLine - Processing screenshot image in /var/screenshots/screenshot-8313188516813956241
44768 [Darkroom Processing Line] DEBUG n.s.c.p.DarkroomProcessingLine - Saving screenshot to target\site\serenity\258aaf56a11312af1ecae2da51f79f40b3a9f6effb52e210301885a3096cf449.png
44803 [main] DEBUG n.t.core.steps.StepInterceptor - STARTING STEP: Req001CLIENTBSpecs.seleciono_o_produto - selecionar_produto
45846 [main] DEBUG n.s.core.photography.Darkroom - Send negative for processing for target\site\serenity\372522b73947bbf81f640a662b08949abe58561facc92b6a912a13054b982782.png
45847 [main] DEBUG n.t.core.steps.StepInterceptor - STEP DONE: selecionar_produto
45848 [Darkroom Processing Line] DEBUG n.s.c.p.DarkroomProcessingLine - Processing screenshot image in /var/screenshots/screenshot-10260613494648654202
45848 [Darkroom Processing Line] DEBUG n.s.c.p.DarkroomProcessingLine - Saving screenshot to target\site\serenity\372522b73947bbf81f640a662b08949abe58561facc92b6a912a13054b982782.png
45875 [main] DEBUG n.t.core.steps.StepInterceptor - STARTING STEP: Req001CLIENTBSpecs.preencho_com_dados_do_cliente - informar_tipo_cliente
46656 [main] DEBUG n.s.core.photography.Darkroom - Send negative for processing for target\site\serenity\2b5a318fe1938265927dc748b52cce51fd93b0cba17b5b083853d064a7650f71.png
46656 [main] DEBUG n.t.core.steps.StepInterceptor - STEP DONE: informar_tipo_cliente
46657 [Darkroom Processing Line] DEBUG n.s.c.p.DarkroomProcessingLine - Processing screenshot image in /var/screenshots/screenshot-6265219424309764108
46658 [Darkroom Processing Line] DEBUG n.s.c.p.DarkroomProcessingLine - Saving screenshot to target\site\serenity\2b5a318fe1938265927dc748b52cce51fd93b0cba17b5b083853d064a7650f71.png
46661 [main] DEBUG n.t.core.steps.StepInterceptor - STARTING STEP: Req001CLIENTBSpecs.preencho_com_dados_do_cliente - informar_qtd_iten
47227 [main] DEBUG n.s.core.photography.Darkroom - Send negative for processing for target\site\serenity\238d7f092527414ded8455051dc4635fc728031c3e5e61caa3439f640803f1b2.png
47227 [main] DEBUG n.t.core.steps.StepInterceptor - STEP DONE: informar_qtd_iten
47228 [Darkroom Processing Line] DEBUG n.s.c.p.DarkroomProcessingLine - Processing screenshot image in /var/screenshots/screenshot-16023848722056228859
47229 [Darkroom Processing Line] DEBUG n.s.c.p.DarkroomProcessingLine - Saving screenshot to target\site\serenity\238d7f092527414ded8455051dc4635fc728031c3e5e61caa3439f640803f1b2.png
47255 [main] DEBUG n.t.core.steps.StepInterceptor - STARTING STEP: Req001CLIENTBSpecs.calculo_o_desconto - calcular_o_desconto
48112 [main] DEBUG n.s.core.photography.Darkroom - Send negative for processing for target\site\serenity\53c2233cdea2aca65727828aaa685277c2b8b02cd6eb6f09f73f6d789a0b45f2.png
48113 [main] DEBUG n.t.core.steps.StepInterceptor - STEP DONE: calcular_o_desconto
48114 [Darkroom Processing Line] DEBUG n.s.c.p.DarkroomProcessingLine - Processing screenshot image in /var/screenshots/screenshot-5507316731581665823
48114 [Darkroom Processing Line] DEBUG n.s.c.p.DarkroomProcessingLine - Saving screenshot to target\site\serenity\53c2233cdea2aca65727828aaa685277c2b8b02cd6eb6f09f73f6d789a0b45f2.png
48140 [main] DEBUG n.t.core.steps.StepInterceptor - STARTING STEP: Req001CLIENTBSpecs.verifico_se_a_mensagem_foi_eixibida_com_sucesso - verificar_mensagem_sucesso
48505 [main] DEBUG n.s.core.photography.Darkroom - Send negative for processing for target\site\serenity\53c2233cdea2aca65727828aaa685277c2b8b02cd6eb6f09f73f6d789a0b45f2.png
48506 [main] DEBUG n.t.core.steps.StepInterceptor - STEP DONE: verificar_mensagem_sucesso
50177 [main] ERROR  - 
           __  _____ _____ ____ _____   _____ _    ___ _     _____ ____  
  _       / / |_   _| ____/ ___|_   _| |  ___/ \  |_ _| |   | ____|  _ \ 
 (_)_____| |    | | |  _| \___ \ | |   | |_ / _ \  | || |   |  _| | | | |
  _|_____| |    | | | |___ ___) || |   |  _/ ___ \ | || |___| |___| |_| |
 (_)     | |    |_| |_____|____/ |_|   |_|/_/   \_\___|_____|_____|____/ 
          \_\                                                            

Calcular desconto com sucesso (fluxo básico)
--------------------------------------------------------------------------
50178 [main] DEBUG  - RELATED ISSUES: 
50179 [main] ERROR  -     Test failed at step: Verificar mensagem sucesso
50179 [main] ERROR  -     Expected: a string containing "Operação realizada com sucesso!" ignoring case but: was "Código do Produto:"
50221 [main] DEBUG n.t.core.steps.StepInterceptor - STARTING STEP: SharedSpecs.que_estou_na_página_inicial_do_sistema - acesse_pagina_inicial
58648 [main] DEBUG n.t.core.steps.StepInterceptor - STEP DONE: acesse_pagina_inicial
58670 [main] DEBUG n.t.core.steps.StepInterceptor - STARTING STEP: SharedSpecs.acesso_o_menu_para_o_calculo_do_desconto - acesse_pagina_desconto
59691 [main] DEBUG n.s.core.photography.Darkroom - Send negative for processing for target\site\serenity\2806857511af77beb2c8bd3d5f2d59cf50ba4adbd8e4eb0f35d9a27fcbf35d64.png
59692 [main] DEBUG n.t.core.steps.StepInterceptor - STEP DONE: acesse_pagina_desconto
59693 [Darkroom Processing Line] DEBUG n.s.c.p.DarkroomProcessingLine - Processing screenshot image in /var/screenshots/screenshot-10413141351126657965
59693 [Darkroom Processing Line] DEBUG n.s.c.p.DarkroomProcessingLine - Saving screenshot to target\site\serenity\2806857511af77beb2c8bd3d5f2d59cf50ba4adbd8e4eb0f35d9a27fcbf35d64.png
59730 [main] DEBUG n.t.core.steps.StepInterceptor - STARTING STEP: Req001CLIENTBSpecs.seleciono_o_produto - selecionar_produto
60769 [main] DEBUG n.s.core.photography.Darkroom - Send negative for processing for target\site\serenity\0f6099e81523787f594b4c7d0ae4c27b3e3a02d6883e2b3bd8e802224826e4a0.png
60770 [main] DEBUG n.t.core.steps.StepInterceptor - STEP DONE: selecionar_produto
60770 [Darkroom Processing Line] DEBUG n.s.c.p.DarkroomProcessingLine - Processing screenshot image in /var/screenshots/screenshot-10494995154856167944
60771 [Darkroom Processing Line] DEBUG n.s.c.p.DarkroomProcessingLine - Saving screenshot to target\site\serenity\0f6099e81523787f594b4c7d0ae4c27b3e3a02d6883e2b3bd8e802224826e4a0.png
60797 [main] DEBUG n.t.core.steps.StepInterceptor - STARTING STEP: Req001CLIENTBSpecs.preencho_com_dados_do_cliente - informar_tipo_cliente
61564 [main] DEBUG n.s.core.photography.Darkroom - Send negative for processing for target\site\serenity\d874edd82ba84113f78c51d5026c031cc849737fa60b77fb799993d4ae7a6aaa.png
61564 [main] DEBUG n.t.core.steps.StepInterceptor - STEP DONE: informar_tipo_cliente
61565 [Darkroom Processing Line] DEBUG n.s.c.p.DarkroomProcessingLine - Processing screenshot image in /var/screenshots/screenshot-3415460459548430022
61566 [Darkroom Processing Line] DEBUG n.s.c.p.DarkroomProcessingLine - Saving screenshot to target\site\serenity\d874edd82ba84113f78c51d5026c031cc849737fa60b77fb799993d4ae7a6aaa.png
61568 [main] DEBUG n.t.core.steps.StepInterceptor - STARTING STEP: Req001CLIENTBSpecs.preencho_com_dados_do_cliente - informar_qtd_iten
62116 [main] DEBUG n.s.core.photography.Darkroom - Send negative for processing for target\site\serenity\2a250841c8c7211ee89e81f4a0d9d52861d0e968acddc45147f1ef85cf2c49b4.png
62117 [main] DEBUG n.t.core.steps.StepInterceptor - STEP DONE: informar_qtd_iten
62118 [Darkroom Processing Line] DEBUG n.s.c.p.DarkroomProcessingLine - Processing screenshot image in /var/screenshots/screenshot-7046247668157490994
62118 [Darkroom Processing Line] DEBUG n.s.c.p.DarkroomProcessingLine - Saving screenshot to target\site\serenity\2a250841c8c7211ee89e81f4a0d9d52861d0e968acddc45147f1ef85cf2c49b4.png
62139 [main] DEBUG n.t.core.steps.StepInterceptor - STARTING STEP: Req001CLIENTBSpecs.calculo_o_desconto - calcular_o_desconto
62988 [main] DEBUG n.s.core.photography.Darkroom - Send negative for processing for target\site\serenity\099a83ece2d48d5d8cc04a4e621038954eec0137341c80a0dd5e4146be7f187b.png
62988 [main] DEBUG n.t.core.steps.StepInterceptor - STEP DONE: calcular_o_desconto
62989 [Darkroom Processing Line] DEBUG n.s.c.p.DarkroomProcessingLine - Processing screenshot image in /var/screenshots/screenshot-12170551065810706486
62990 [Darkroom Processing Line] DEBUG n.s.c.p.DarkroomProcessingLine - Saving screenshot to target\site\serenity\099a83ece2d48d5d8cc04a4e621038954eec0137341c80a0dd5e4146be7f187b.png
63012 [main] DEBUG n.t.core.steps.StepInterceptor - STARTING STEP: Req001CLIENTBSpecs.verifico_se_a_mensagem_foi_eixibida_com_sucesso - verificar_mensagem_sucesso
63365 [main] DEBUG n.s.core.photography.Darkroom - Send negative for processing for target\site\serenity\099a83ece2d48d5d8cc04a4e621038954eec0137341c80a0dd5e4146be7f187b.png
63365 [main] DEBUG n.t.core.steps.StepInterceptor - STEP DONE: verificar_mensagem_sucesso
65220 [main] DEBUG n.t.core.reports.ReportService - Reporting formats: [JSON, HTML]
65504 [main] DEBUG n.t.core.reports.ReportService - Reporting formats: [JSON, HTML]
65516 [main] DEBUG n.t.core.reports.ReportService - Generating reports for 1 test outcomes using: net.thucydides.core.reports.json.JSONTestOutcomeReporter@a4dcede
65518 [pool-1-thread-1] DEBUG n.t.core.reports.ReportService - Processing test outcome REQ-X - Calcular desconto:Calcular desconto com sucesso (fluxo básico)
65518 [pool-1-thread-1] DEBUG n.t.core.reports.ReportService - net.thucydides.core.reports.json.JSONTestOutcomeReporter@a4dcede: Generating report for test outcome: REQ-X - Calcular desconto:Calcular desconto com sucesso (fluxo básico)
65529 [pool-1-thread-1] DEBUG n.t.c.r.j.JSONTestOutcomeReporter - Generating JSON report for Calcular desconto com sucesso (fluxo básico) to file C:\Users\artur.araujo\git\pos-testes-unitarios\target\site\serenity\51e1fa0a0e1f3ac4aa3b3ba31040c233570c7cb9be16ad075ba6a734cf527ed1.json (using temp file C:\Users\artur.araujo\git\pos-testes-unitarios\target\site\serenity\51e1fa0a0e1f3ac4aa3b3ba31040c233570c7cb9be16ad075ba6a734cf527ed1.jsonea4a2511-b9ec-4865-b054-364153999664)
65612 [pool-1-thread-1] DEBUG n.t.core.reports.ReportService - Processing test outcome REQ-X - Calcular desconto:Calcular desconto com sucesso (fluxo básico) done
65613 [main] DEBUG n.t.core.reports.ReportService - Shutting down executor service
65613 [main] DEBUG n.t.core.reports.ReportService - Reports generated in: 97 ms
65613 [main] DEBUG n.t.core.reports.ReportService - Generating reports for 1 test outcomes using: net.thucydides.core.reports.html.HtmlAcceptanceTestReporter@1e288c76
65614 [pool-2-thread-1] DEBUG n.t.core.reports.ReportService - Processing test outcome REQ-X - Calcular desconto:Calcular desconto com sucesso (fluxo básico)
65614 [pool-2-thread-1] DEBUG n.t.core.reports.ReportService - net.thucydides.core.reports.html.HtmlAcceptanceTestReporter@1e288c76: Generating report for test outcome: REQ-X - Calcular desconto:Calcular desconto com sucesso (fluxo básico)
65615 [pool-2-thread-1] DEBUG n.t.c.r.h.HtmlAcceptanceTestReporter - GENERATE TEST OUTCOME REPORT FOR Calcular desconto com sucesso (fluxo básico) in 51e1fa0a0e1f3ac4aa3b3ba31040c233570c7cb9be16ad075ba6a734cf527ed1
65723 [pool-2-thread-1] DEBUG n.t.c.r.m.cucumber.CucumberParser - Added feature REQ-X - Formulário de Contato
65736 [pool-2-thread-1] DEBUG n.t.c.r.m.cucumber.CucumberParser - Added feature REQ-X - Calcular desconto
65749 [pool-2-thread-1] DEBUG n.t.c.r.m.cucumber.CucumberParser - Added feature REQ-1 - Calcular desconto
65750 [pool-2-thread-1] DEBUG n.t.c.r.RequirementsTagProvider -  found:[Requirement{name='REQ-X - Formulário de Contato', type='feature' parent = 'null', cardNumber='null'}, Requirement{name='REQ-X - Calcular desconto', type='feature' parent = 'null', cardNumber='null'}, Requirement{name='REQ-1 - Calcular desconto', type='feature' parent = 'null', cardNumber='null'}]
65761 [pool-2-thread-1] DEBUG n.t.c.r.BaseRequirementsService - Requirement found for test outcome Calcular desconto com sucesso (fluxo básico)-[]: Optional[Requirement{name='REQ-X - Calcular desconto', type='feature' parent = 'null', cardNumber='null'}]
65765 [pool-2-thread-1] DEBUG n.t.c.r.BaseRequirementsService - Requirement found for test outcome Calcular desconto com sucesso (fluxo básico)-[]: Optional[Requirement{name='REQ-X - Calcular desconto', type='feature' parent = 'null', cardNumber='null'}]
65900 [pool-2-thread-1] DEBUG n.t.c.r.BaseRequirementsService - Requirement found for test outcome Calcular desconto com sucesso (fluxo básico)-[]: Optional[Requirement{name='REQ-X - Calcular desconto', type='feature' parent = 'null', cardNumber='null'}]
65904 [pool-2-thread-1] DEBUG n.t.c.r.BaseRequirementsService - Requirement found for test outcome Calcular desconto com sucesso (fluxo básico)-[]: Optional[Requirement{name='REQ-X - Calcular desconto', type='feature' parent = 'null', cardNumber='null'}]
66173 [pool-2-thread-1] DEBUG n.t.c.r.h.HtmlAcceptanceTestReporter - Generating report in 51e1fa0a0e1f3ac4aa3b3ba31040c233570c7cb9be16ad075ba6a734cf527ed1_screenshots.html
67374 [pool-2-thread-1] DEBUG n.t.c.r.h.HtmlAcceptanceTestReporter - Generated report 51e1fa0a0e1f3ac4aa3b3ba31040c233570c7cb9be16ad075ba6a734cf527ed1_screenshots.html in 1201 ms
67376 [pool-2-thread-1] DEBUG n.t.c.r.h.HtmlAcceptanceTestReporter - GENERATING HTML REPORT FOR REQ-X - Calcular desconto:Calcular desconto com sucesso (fluxo básico) in 51e1fa0a0e1f3ac4aa3b3ba31040c233570c7cb9be16ad075ba6a734cf527ed1.html in directory target\site\serenity  
67383 [pool-2-thread-1] DEBUG n.t.c.r.h.HtmlAcceptanceTestReporter - Generating report in 51e1fa0a0e1f3ac4aa3b3ba31040c233570c7cb9be16ad075ba6a734cf527ed1.html
82745 [pool-2-thread-1] DEBUG n.t.c.r.h.HtmlAcceptanceTestReporter - Generated report 51e1fa0a0e1f3ac4aa3b3ba31040c233570c7cb9be16ad075ba6a734cf527ed1.html in 15362 ms
82745 [pool-2-thread-1] DEBUG n.t.core.reports.ReportService - Processing test outcome REQ-X - Calcular desconto:Calcular desconto com sucesso (fluxo básico) done
82746 [main] DEBUG n.t.core.reports.ReportService - Shutting down executor service
82746 [main] DEBUG n.t.core.reports.ReportService - Reports generated in: 17133 ms
83005 [main] DEBUG n.s.core.photography.Darkroom - Closing darkroom
83005 [Darkroom Processing Line] DEBUG n.s.c.p.DarkroomProcessingLine - Darkroom processing line shutting down
5549 [main] INFO   - 

-------------------------------------------------------------------------------------
     _______. _______ .______       _______ .__   __.  __  .___________.____    ____ 
    /       ||   ____||   _  \     |   ____||  \ |  | |  | |           |\   \  /   / 
   |   (----`|  |__   |  |_)  |    |  |__   |   \|  | |  | `---|  |----` \   \/   /  
    \   \    |   __|  |      /     |   __|  |  . `  | |  |     |  |       \_    _/   
.----)   |   |  |____ |  |\  \----.|  |____ |  |\   | |  |     |  |         |  |     
|_______/    |_______|| _| `._____||_______||__| \__| |__|     |__|         |__|    
                                                                                     
 News and tutorials at http://www.serenity-bdd.info                                  
 Documentation at https://wakaleo.gitbooks.io/the-serenity-book/content/             
 Join the Serenity Community on Gitter: https://gitter.im/serenity-bdd/serenity-core 
 Serenity BDD Support and Training at http://serenity-bdd.info/#/trainingandsupport  
-------------------------------------------------------------------------------------

5570 [main] DEBUG n.t.core.steps.StepEventBus - Test suite started for story net.thucydides.core.model.Story@2d87e442
5582 [main] INFO   - Test Suite Started: REQ-X - Calcular desconto
6859 [main] INFO   - 
 _____ _____ ____ _____   ____ _____  _    ____ _____ _____ ____  
|_   _| ____/ ___|_   _| / ___|_   _|/ \  |  _ \_   _| ____|  _ \ 
  | | |  _| \___ \ | |   \___ \ | | / _ \ | |_) || | |  _| | | | |
  | | | |___ ___) || |    ___) || |/ ___ \|  _ < | | | |___| |_| |
  |_| |_____|____/ |_|   |____/ |_/_/   \_\_| \_\|_| |_____|____/ 

Calcular desconto com sucesso (fluxo básico)(req-x---calcular-desconto;calcular-desconto-com-sucesso-(fluxo-básico))
-------------------------------------------------------------------
7332 [main] DEBUG n.t.c.r.m.cucumber.CucumberParser - Added feature REQ-X - Formulário de Contato
7369 [main] DEBUG n.t.c.r.m.cucumber.CucumberParser - Added feature REQ-X - Calcular desconto
7392 [main] DEBUG n.t.c.r.m.cucumber.CucumberParser - Added feature REQ-1 - Calcular desconto
9204 [main] DEBUG n.t.core.steps.StepInterceptor - STARTING STEP: SharedSpecs.que_estou_na_página_inicial_do_sistema - acesse_pagina_inicial
12595 [main] DEBUG io.netty.handler.ssl.JdkSslContext - Default protocols (JDK): [TLSv1.2, TLSv1.1, TLSv1] 
12595 [main] DEBUG io.netty.handler.ssl.JdkSslContext - Default cipher suites (JDK): [TLS_ECDHE_ECDSA_WITH_AES_256_GCM_SHA384, TLS_ECDHE_ECDSA_WITH_AES_128_GCM_SHA256, TLS_ECDHE_RSA_WITH_AES_128_GCM_SHA256, TLS_ECDHE_RSA_WITH_AES_256_GCM_SHA384, TLS_ECDHE_RSA_WITH_AES_128_CBC_SHA, TLS_ECDHE_RSA_WITH_AES_256_CBC_SHA, TLS_RSA_WITH_AES_128_GCM_SHA256, TLS_RSA_WITH_AES_128_CBC_SHA, TLS_RSA_WITH_AES_256_CBC_SHA, TLS_AES_128_GCM_SHA256, TLS_AES_256_GCM_SHA384]
12712 [main] DEBUG i.n.c.MultithreadEventLoopGroup - -Dio.netty.eventLoopThreads: 8
12748 [main] DEBUG io.netty.channel.nio.NioEventLoop - -Dio.netty.noKeySetOptimization: false
12748 [main] DEBUG io.netty.channel.nio.NioEventLoop - -Dio.netty.selectorAutoRebuildThreshold: 512
12857 [main] DEBUG i.n.buffer.PooledByteBufAllocator - -Dio.netty.allocator.numHeapArenas: 8
12858 [main] DEBUG i.n.buffer.PooledByteBufAllocator - -Dio.netty.allocator.numDirectArenas: 8
12858 [main] DEBUG i.n.buffer.PooledByteBufAllocator - -Dio.netty.allocator.pageSize: 8192
12858 [main] DEBUG i.n.buffer.PooledByteBufAllocator - -Dio.netty.allocator.maxOrder: 11
12859 [main] DEBUG i.n.buffer.PooledByteBufAllocator - -Dio.netty.allocator.chunkSize: 16777216
12860 [main] DEBUG i.n.buffer.PooledByteBufAllocator - -Dio.netty.allocator.tinyCacheSize: 512
12860 [main] DEBUG i.n.buffer.PooledByteBufAllocator - -Dio.netty.allocator.smallCacheSize: 256
12860 [main] DEBUG i.n.buffer.PooledByteBufAllocator - -Dio.netty.allocator.normalCacheSize: 64
12860 [main] DEBUG i.n.buffer.PooledByteBufAllocator - -Dio.netty.allocator.maxCachedBufferCapacity: 32768
12860 [main] DEBUG i.n.buffer.PooledByteBufAllocator - -Dio.netty.allocator.cacheTrimInterval: 8192
12861 [main] DEBUG i.n.buffer.PooledByteBufAllocator - -Dio.netty.allocator.cacheTrimIntervalMillis: 0
12861 [main] DEBUG i.n.buffer.PooledByteBufAllocator - -Dio.netty.allocator.useCacheForAllThreads: true
12861 [main] DEBUG i.n.buffer.PooledByteBufAllocator - -Dio.netty.allocator.maxCachedByteBuffersPerChunk: 1023
12889 [main] DEBUG io.netty.buffer.ByteBufUtil - -Dio.netty.allocator.type: pooled
12890 [main] DEBUG io.netty.buffer.ByteBufUtil - -Dio.netty.threadLocalDirectBufferSize: 0
12890 [main] DEBUG io.netty.buffer.ByteBufUtil - -Dio.netty.maxThreadLocalCharBufferSize: 16384
14164 [Forwarding newSession on session null to remote] DEBUG io.netty.channel.DefaultChannelId - -Dio.netty.processId: 12868 (auto-detected)
14222 [Forwarding newSession on session null to remote] DEBUG io.netty.channel.DefaultChannelId - -Dio.netty.machineId: d4:3d:7e:ff:fe:7f:ea:c5 (auto-detected)
14412 [AsyncHttpClient-3-1] DEBUG io.netty.buffer.AbstractByteBuf - -Dio.netty.buffer.checkAccessible: true
14413 [AsyncHttpClient-3-1] DEBUG io.netty.buffer.AbstractByteBuf - -Dio.netty.buffer.checkBounds: true
21775 [main] DEBUG n.t.core.steps.StepInterceptor - STEP DONE: acesse_pagina_inicial
21830 [main] DEBUG n.t.core.steps.StepInterceptor - STARTING STEP: SharedSpecs.acesso_o_menu_para_o_calculo_do_desconto - acesse_pagina_desconto
22690 [main] DEBUG n.s.core.photography.Darkroom - Opening darkroom
22693 [Darkroom Processing Line] DEBUG n.s.c.p.DarkroomProcessingLine - Darkroom processing line starting up
23464 [main] DEBUG n.s.core.photography.Darkroom - Send negative for processing for target\site\serenity\f8736d14922c0820ee9d15a651a9b2cc6763367019633b8cea2e8543d41c1389.png
23466 [Darkroom Processing Line] DEBUG n.s.c.p.DarkroomProcessingLine - Processing screenshot image in /var/screenshots/screenshot-7711382184807793512
23467 [Darkroom Processing Line] DEBUG n.s.c.p.DarkroomProcessingLine - Saving screenshot to target\site\serenity\f8736d14922c0820ee9d15a651a9b2cc6763367019633b8cea2e8543d41c1389.png
23469 [main] DEBUG n.t.core.steps.StepInterceptor - STEP DONE: acesse_pagina_desconto
23969 [main] DEBUG n.s.core.photography.Darkroom - Send negative for processing for target\site\serenity\f8736d14922c0820ee9d15a651a9b2cc6763367019633b8cea2e8543d41c1389.png
23970 [main] DEBUG n.t.core.steps.StepInterceptor - STARTING STEP: Req001CLIENTBSpecs.seleciono_o_produto - selecionar_produto
25030 [main] DEBUG n.s.core.photography.Darkroom - Send negative for processing for target\site\serenity\fb8682b550404c6788c0fcb2dca7554d772edc505dd5eb8aee92456ab8d10d5f.png
25031 [main] DEBUG n.t.core.steps.StepInterceptor - STEP DONE: selecionar_produto
25032 [Darkroom Processing Line] DEBUG n.s.c.p.DarkroomProcessingLine - Processing screenshot image in /var/screenshots/screenshot-1397263549599396812
25032 [Darkroom Processing Line] DEBUG n.s.c.p.DarkroomProcessingLine - Saving screenshot to target\site\serenity\fb8682b550404c6788c0fcb2dca7554d772edc505dd5eb8aee92456ab8d10d5f.png
25077 [main] DEBUG n.t.core.steps.StepInterceptor - STARTING STEP: Req001CLIENTBSpecs.preencho_com_dados_do_cliente - informar_tipo_cliente
25917 [main] DEBUG n.s.core.photography.Darkroom - Send negative for processing for target\site\serenity\4a80509416a1e6db3363b6fa19dcfb70373e4af74bba76e60fb31b77f8456fee.png
25919 [main] DEBUG n.t.core.steps.StepInterceptor - STEP DONE: informar_tipo_cliente
25919 [Darkroom Processing Line] DEBUG n.s.c.p.DarkroomProcessingLine - Processing screenshot image in /var/screenshots/screenshot-14781940831708750479
25920 [Darkroom Processing Line] DEBUG n.s.c.p.DarkroomProcessingLine - Saving screenshot to target\site\serenity\4a80509416a1e6db3363b6fa19dcfb70373e4af74bba76e60fb31b77f8456fee.png
25930 [main] DEBUG n.t.core.steps.StepInterceptor - STARTING STEP: Req001CLIENTBSpecs.preencho_com_dados_do_cliente - informar_qtd_iten
26544 [main] DEBUG n.s.core.photography.Darkroom - Send negative for processing for target\site\serenity\8f0c4c9e83e3b01bbefe08c61d9aee32d6fd141dd766cc1609636f806f499077.png
26546 [Darkroom Processing Line] DEBUG n.s.c.p.DarkroomProcessingLine - Processing screenshot image in /var/screenshots/screenshot-2701115912900225369
26546 [Darkroom Processing Line] DEBUG n.s.c.p.DarkroomProcessingLine - Saving screenshot to target\site\serenity\8f0c4c9e83e3b01bbefe08c61d9aee32d6fd141dd766cc1609636f806f499077.png
26549 [main] DEBUG n.t.core.steps.StepInterceptor - STEP DONE: informar_qtd_iten
26579 [main] DEBUG n.t.core.steps.StepInterceptor - STARTING STEP: Req001CLIENTBSpecs.calculo_o_desconto - calcular_o_desconto
27508 [main] DEBUG n.s.core.photography.Darkroom - Send negative for processing for target\site\serenity\b6e8baf1b7a4261e8f4c52aa7abc7db708670d096ff40fb4949c18ebf39b272d.png
27509 [main] DEBUG n.t.core.steps.StepInterceptor - STEP DONE: calcular_o_desconto
27510 [Darkroom Processing Line] DEBUG n.s.c.p.DarkroomProcessingLine - Processing screenshot image in /var/screenshots/screenshot-10380321838049424247
27510 [Darkroom Processing Line] DEBUG n.s.c.p.DarkroomProcessingLine - Saving screenshot to target\site\serenity\b6e8baf1b7a4261e8f4c52aa7abc7db708670d096ff40fb4949c18ebf39b272d.png
27536 [main] DEBUG n.t.core.steps.StepInterceptor - STARTING STEP: Req001CLIENTBSpecs.verifico_se_a_mensagem_foi_eixibida_com_sucesso - verificar_mensagem_sucesso
27934 [main] DEBUG n.s.core.photography.Darkroom - Send negative for processing for target\site\serenity\b6e8baf1b7a4261e8f4c52aa7abc7db708670d096ff40fb4949c18ebf39b272d.png
27935 [main] DEBUG n.t.core.steps.StepInterceptor - STEP DONE: verificar_mensagem_sucesso
30920 [main] INFO   - 
        __    _____ _____ ____ _____   ____   _    ____  ____  _____ ____  
  _     \ \  |_   _| ____/ ___|_   _| |  _ \ / \  / ___|/ ___|| ____|  _ \ 
 (_)_____| |   | | |  _| \___ \ | |   | |_) / _ \ \___ \\___ \|  _| | | | |
  _|_____| |   | | | |___ ___) || |   |  __/ ___ \ ___) |___) | |___| |_| |
 (_)     | |   |_| |_____|____/ |_|   |_| /_/   \_\____/|____/|_____|____/ 
        /_/                                                                

Calcular desconto com sucesso (fluxo básico)
----------------------------------------------------------------------------
30983 [main] DEBUG n.t.core.steps.StepInterceptor - STARTING STEP: SharedSpecs.que_estou_na_página_inicial_do_sistema - acesse_pagina_inicial
39836 [main] DEBUG n.t.core.steps.StepInterceptor - STEP DONE: acesse_pagina_inicial
39857 [main] DEBUG n.t.core.steps.StepInterceptor - STARTING STEP: SharedSpecs.acesso_o_menu_para_o_calculo_do_desconto - acesse_pagina_desconto
40891 [main] DEBUG n.s.core.photography.Darkroom - Send negative for processing for target\site\serenity\8c40a2bd707a0d035c404c416bfd47e32d53d1ce4d5df6cb0d89e4112c7365a6.png
40892 [main] DEBUG n.t.core.steps.StepInterceptor - STEP DONE: acesse_pagina_desconto
40893 [Darkroom Processing Line] DEBUG n.s.c.p.DarkroomProcessingLine - Processing screenshot image in /var/screenshots/screenshot-11499424392339549955
40893 [Darkroom Processing Line] DEBUG n.s.c.p.DarkroomProcessingLine - Saving screenshot to target\site\serenity\8c40a2bd707a0d035c404c416bfd47e32d53d1ce4d5df6cb0d89e4112c7365a6.png
40938 [main] DEBUG n.t.core.steps.StepInterceptor - STARTING STEP: Req001CLIENTBSpecs.seleciono_o_produto - selecionar_produto
42010 [main] DEBUG n.s.core.photography.Darkroom - Send negative for processing for target\site\serenity\aa0a58e258c1529686d5aa019e35036de2b1aa769c3eace1e5786cd8fe4d99d7.png
42010 [main] DEBUG n.t.core.steps.StepInterceptor - STEP DONE: selecionar_produto
42011 [Darkroom Processing Line] DEBUG n.s.c.p.DarkroomProcessingLine - Processing screenshot image in /var/screenshots/screenshot-8648747226616037596
42012 [Darkroom Processing Line] DEBUG n.s.c.p.DarkroomProcessingLine - Saving screenshot to target\site\serenity\aa0a58e258c1529686d5aa019e35036de2b1aa769c3eace1e5786cd8fe4d99d7.png
42039 [main] DEBUG n.t.core.steps.StepInterceptor - STARTING STEP: Req001CLIENTBSpecs.preencho_com_dados_do_cliente - informar_tipo_cliente
42829 [main] DEBUG n.s.core.photography.Darkroom - Send negative for processing for target\site\serenity\547316ca0fcb3a9fe9f0d10d486a9dfc0a16c768356cf55e6cfbbc2707db0c13.png
42830 [main] DEBUG n.t.core.steps.StepInterceptor - STEP DONE: informar_tipo_cliente
42831 [Darkroom Processing Line] DEBUG n.s.c.p.DarkroomProcessingLine - Processing screenshot image in /var/screenshots/screenshot-378390043146109580
42831 [Darkroom Processing Line] DEBUG n.s.c.p.DarkroomProcessingLine - Saving screenshot to target\site\serenity\547316ca0fcb3a9fe9f0d10d486a9dfc0a16c768356cf55e6cfbbc2707db0c13.png
42834 [main] DEBUG n.t.core.steps.StepInterceptor - STARTING STEP: Req001CLIENTBSpecs.preencho_com_dados_do_cliente - informar_qtd_iten
43380 [main] DEBUG n.s.core.photography.Darkroom - Send negative for processing for target\site\serenity\d606a6fea9b112a2a06d13b570600aa3151749b25de778d880eb66476fc60535.png
43381 [main] DEBUG n.t.core.steps.StepInterceptor - STEP DONE: informar_qtd_iten
43382 [Darkroom Processing Line] DEBUG n.s.c.p.DarkroomProcessingLine - Processing screenshot image in /var/screenshots/screenshot-2908636291651000041
43382 [Darkroom Processing Line] DEBUG n.s.c.p.DarkroomProcessingLine - Saving screenshot to target\site\serenity\d606a6fea9b112a2a06d13b570600aa3151749b25de778d880eb66476fc60535.png
43404 [main] DEBUG n.t.core.steps.StepInterceptor - STARTING STEP: Req001CLIENTBSpecs.calculo_o_desconto - calcular_o_desconto
44239 [main] DEBUG n.s.core.photography.Darkroom - Send negative for processing for target\site\serenity\ab478b74f6525c920518fbd63150d00987120266eb90e1333662ec8a454e44b2.png
44240 [main] DEBUG n.t.core.steps.StepInterceptor - STEP DONE: calcular_o_desconto
44241 [Darkroom Processing Line] DEBUG n.s.c.p.DarkroomProcessingLine - Processing screenshot image in /var/screenshots/screenshot-12908724370911168625
44241 [Darkroom Processing Line] DEBUG n.s.c.p.DarkroomProcessingLine - Saving screenshot to target\site\serenity\ab478b74f6525c920518fbd63150d00987120266eb90e1333662ec8a454e44b2.png
44263 [main] DEBUG n.t.core.steps.StepInterceptor - STARTING STEP: Req001CLIENTBSpecs.verifico_se_a_mensagem_foi_eixibida_com_sucesso - verificar_mensagem_sucesso
44613 [main] DEBUG n.s.core.photography.Darkroom - Send negative for processing for target\site\serenity\ab478b74f6525c920518fbd63150d00987120266eb90e1333662ec8a454e44b2.png
44614 [main] DEBUG n.t.core.steps.StepInterceptor - STEP DONE: verificar_mensagem_sucesso
46243 [main] INFO   - 
        __    _____ _____ ____ _____   ____   _    ____  ____  _____ ____  
  _     \ \  |_   _| ____/ ___|_   _| |  _ \ / \  / ___|/ ___|| ____|  _ \ 
 (_)_____| |   | | |  _| \___ \ | |   | |_) / _ \ \___ \\___ \|  _| | | | |
  _|_____| |   | | | |___ ___) || |   |  __/ ___ \ ___) |___) | |___| |_| |
 (_)     | |   |_| |_____|____/ |_|   |_| /_/   \_\____/|____/|_____|____/ 
        /_/                                                                

Calcular desconto com sucesso (fluxo básico)
----------------------------------------------------------------------------
46283 [main] DEBUG n.t.core.steps.StepInterceptor - STARTING STEP: SharedSpecs.que_estou_na_página_inicial_do_sistema - acesse_pagina_inicial
55425 [main] DEBUG n.t.core.steps.StepInterceptor - STEP DONE: acesse_pagina_inicial
55446 [main] DEBUG n.t.core.steps.StepInterceptor - STARTING STEP: SharedSpecs.acesso_o_menu_para_o_calculo_do_desconto - acesse_pagina_desconto
56450 [main] DEBUG n.s.core.photography.Darkroom - Send negative for processing for target\site\serenity\4bc5ef8585768629fa3e56b7d3498ae334d73ace9010c6a28dbaf2ca74dbde15.png
56450 [main] DEBUG n.t.core.steps.StepInterceptor - STEP DONE: acesse_pagina_desconto
56451 [Darkroom Processing Line] DEBUG n.s.c.p.DarkroomProcessingLine - Processing screenshot image in /var/screenshots/screenshot-1408121165653567784
56451 [Darkroom Processing Line] DEBUG n.s.c.p.DarkroomProcessingLine - Saving screenshot to target\site\serenity\4bc5ef8585768629fa3e56b7d3498ae334d73ace9010c6a28dbaf2ca74dbde15.png
56482 [main] DEBUG n.t.core.steps.StepInterceptor - STARTING STEP: Req001CLIENTBSpecs.seleciono_o_produto - selecionar_produto
57504 [main] DEBUG n.s.core.photography.Darkroom - Send negative for processing for target\site\serenity\a2fdd9202878d88141c9e620b498091d03228ec435fed6c904b6aa8578c518a9.png
57504 [main] DEBUG n.t.core.steps.StepInterceptor - STEP DONE: selecionar_produto
57505 [Darkroom Processing Line] DEBUG n.s.c.p.DarkroomProcessingLine - Processing screenshot image in /var/screenshots/screenshot-9746893491354985273
57505 [Darkroom Processing Line] DEBUG n.s.c.p.DarkroomProcessingLine - Saving screenshot to target\site\serenity\a2fdd9202878d88141c9e620b498091d03228ec435fed6c904b6aa8578c518a9.png
57532 [main] DEBUG n.t.core.steps.StepInterceptor - STARTING STEP: Req001CLIENTBSpecs.preencho_com_dados_do_cliente - informar_tipo_cliente
58323 [main] DEBUG n.s.core.photography.Darkroom - Send negative for processing for target\site\serenity\5239ee10fd59699bbf8957d59c9ec37ef58f5f4a8db020bd8b0766ae85cee5f5.png
58324 [main] DEBUG n.t.core.steps.StepInterceptor - STEP DONE: informar_tipo_cliente
58325 [Darkroom Processing Line] DEBUG n.s.c.p.DarkroomProcessingLine - Processing screenshot image in /var/screenshots/screenshot-3833248734992420127
58325 [Darkroom Processing Line] DEBUG n.s.c.p.DarkroomProcessingLine - Saving screenshot to target\site\serenity\5239ee10fd59699bbf8957d59c9ec37ef58f5f4a8db020bd8b0766ae85cee5f5.png
58328 [main] DEBUG n.t.core.steps.StepInterceptor - STARTING STEP: Req001CLIENTBSpecs.preencho_com_dados_do_cliente - informar_qtd_iten
58910 [main] DEBUG n.s.core.photography.Darkroom - Send negative for processing for target\site\serenity\ddf6a45a02dfc901e04234a5ba18fe2d4dfaddb19b4c6887355814393950c32b.png
58911 [main] DEBUG n.t.core.steps.StepInterceptor - STEP DONE: informar_qtd_iten
58912 [Darkroom Processing Line] DEBUG n.s.c.p.DarkroomProcessingLine - Processing screenshot image in /var/screenshots/screenshot-10903693912371448229
58912 [Darkroom Processing Line] DEBUG n.s.c.p.DarkroomProcessingLine - Saving screenshot to target\site\serenity\ddf6a45a02dfc901e04234a5ba18fe2d4dfaddb19b4c6887355814393950c32b.png
58937 [main] DEBUG n.t.core.steps.StepInterceptor - STARTING STEP: Req001CLIENTBSpecs.calculo_o_desconto - calcular_o_desconto
59958 [main] DEBUG n.s.core.photography.Darkroom - Send negative for processing for target\site\serenity\0b7bad23b4eef783ac1a02e84870e32cced67cf1724d304b81275ccba0e63b41.png
59959 [main] DEBUG n.t.core.steps.StepInterceptor - STEP DONE: calcular_o_desconto
59961 [Darkroom Processing Line] DEBUG n.s.c.p.DarkroomProcessingLine - Processing screenshot image in /var/screenshots/screenshot-607581913886451089
59962 [Darkroom Processing Line] DEBUG n.s.c.p.DarkroomProcessingLine - Saving screenshot to target\site\serenity\0b7bad23b4eef783ac1a02e84870e32cced67cf1724d304b81275ccba0e63b41.png
59987 [main] DEBUG n.t.core.steps.StepInterceptor - STARTING STEP: Req001CLIENTBSpecs.verifico_se_a_mensagem_foi_eixibida_com_sucesso - verificar_mensagem_sucesso
60424 [main] DEBUG n.s.core.photography.Darkroom - Send negative for processing for target\site\serenity\0b7bad23b4eef783ac1a02e84870e32cced67cf1724d304b81275ccba0e63b41.png
60425 [main] DEBUG n.t.core.steps.StepInterceptor - STEP DONE: verificar_mensagem_sucesso
62479 [main] DEBUG n.t.core.reports.ReportService - Reporting formats: [JSON, HTML]
62777 [main] DEBUG n.t.core.reports.ReportService - Reporting formats: [JSON, HTML]
62791 [main] DEBUG n.t.core.reports.ReportService - Generating reports for 1 test outcomes using: net.thucydides.core.reports.json.JSONTestOutcomeReporter@42a97053
62793 [pool-1-thread-1] DEBUG n.t.core.reports.ReportService - Processing test outcome REQ-X - Calcular desconto:Calcular desconto com sucesso (fluxo básico)
62793 [pool-1-thread-1] DEBUG n.t.core.reports.ReportService - net.thucydides.core.reports.json.JSONTestOutcomeReporter@42a97053: Generating report for test outcome: REQ-X - Calcular desconto:Calcular desconto com sucesso (fluxo básico)
62803 [pool-1-thread-1] DEBUG n.t.c.r.j.JSONTestOutcomeReporter - Generating JSON report for Calcular desconto com sucesso (fluxo básico) to file C:\Users\artur.araujo\git\pos-testes-unitarios\target\site\serenity\51e1fa0a0e1f3ac4aa3b3ba31040c233570c7cb9be16ad075ba6a734cf527ed1.json (using temp file C:\Users\artur.araujo\git\pos-testes-unitarios\target\site\serenity\51e1fa0a0e1f3ac4aa3b3ba31040c233570c7cb9be16ad075ba6a734cf527ed1.json767d1662-6478-4c59-a88b-46d9ca3759d9)
62885 [pool-1-thread-1] DEBUG n.t.core.reports.ReportService - Processing test outcome REQ-X - Calcular desconto:Calcular desconto com sucesso (fluxo básico) done
62885 [main] DEBUG n.t.core.reports.ReportService - Shutting down executor service
62885 [main] DEBUG n.t.core.reports.ReportService - Reports generated in: 94 ms
62885 [main] DEBUG n.t.core.reports.ReportService - Generating reports for 1 test outcomes using: net.thucydides.core.reports.html.HtmlAcceptanceTestReporter@52ccf197
62886 [pool-2-thread-1] DEBUG n.t.core.reports.ReportService - Processing test outcome REQ-X - Calcular desconto:Calcular desconto com sucesso (fluxo básico)
62886 [pool-2-thread-1] DEBUG n.t.core.reports.ReportService - net.thucydides.core.reports.html.HtmlAcceptanceTestReporter@52ccf197: Generating report for test outcome: REQ-X - Calcular desconto:Calcular desconto com sucesso (fluxo básico)
62887 [pool-2-thread-1] DEBUG n.t.c.r.h.HtmlAcceptanceTestReporter - GENERATE TEST OUTCOME REPORT FOR Calcular desconto com sucesso (fluxo básico) in 51e1fa0a0e1f3ac4aa3b3ba31040c233570c7cb9be16ad075ba6a734cf527ed1
62992 [pool-2-thread-1] DEBUG n.t.c.r.m.cucumber.CucumberParser - Added feature REQ-X - Formulário de Contato
63004 [pool-2-thread-1] DEBUG n.t.c.r.m.cucumber.CucumberParser - Added feature REQ-X - Calcular desconto
63015 [pool-2-thread-1] DEBUG n.t.c.r.m.cucumber.CucumberParser - Added feature REQ-1 - Calcular desconto
63016 [pool-2-thread-1] DEBUG n.t.c.r.RequirementsTagProvider -  found:[Requirement{name='REQ-X - Formulário de Contato', type='feature' parent = 'null', cardNumber='null'}, Requirement{name='REQ-X - Calcular desconto', type='feature' parent = 'null', cardNumber='null'}, Requirement{name='REQ-1 - Calcular desconto', type='feature' parent = 'null', cardNumber='null'}]
63027 [pool-2-thread-1] DEBUG n.t.c.r.BaseRequirementsService - Requirement found for test outcome Calcular desconto com sucesso (fluxo básico)-[]: Optional[Requirement{name='REQ-X - Calcular desconto', type='feature' parent = 'null', cardNumber='null'}]
63031 [pool-2-thread-1] DEBUG n.t.c.r.BaseRequirementsService - Requirement found for test outcome Calcular desconto com sucesso (fluxo básico)-[]: Optional[Requirement{name='REQ-X - Calcular desconto', type='feature' parent = 'null', cardNumber='null'}]
63187 [pool-2-thread-1] DEBUG n.t.c.r.BaseRequirementsService - Requirement found for test outcome Calcular desconto com sucesso (fluxo básico)-[]: Optional[Requirement{name='REQ-X - Calcular desconto', type='feature' parent = 'null', cardNumber='null'}]
63188 [pool-2-thread-1] DEBUG n.t.c.r.BaseRequirementsService - Requirement found for test outcome Calcular desconto com sucesso (fluxo básico)-[]: Optional[Requirement{name='REQ-X - Calcular desconto', type='feature' parent = 'null', cardNumber='null'}]
63460 [pool-2-thread-1] DEBUG n.t.c.r.h.HtmlAcceptanceTestReporter - Generating report in 51e1fa0a0e1f3ac4aa3b3ba31040c233570c7cb9be16ad075ba6a734cf527ed1_screenshots.html
64768 [pool-2-thread-1] DEBUG n.t.c.r.h.HtmlAcceptanceTestReporter - Generated report 51e1fa0a0e1f3ac4aa3b3ba31040c233570c7cb9be16ad075ba6a734cf527ed1_screenshots.html in 1308 ms
64770 [pool-2-thread-1] DEBUG n.t.c.r.h.HtmlAcceptanceTestReporter - GENERATING HTML REPORT FOR REQ-X - Calcular desconto:Calcular desconto com sucesso (fluxo básico) in 51e1fa0a0e1f3ac4aa3b3ba31040c233570c7cb9be16ad075ba6a734cf527ed1.html in directory target\site\serenity  
64778 [pool-2-thread-1] DEBUG n.t.c.r.h.HtmlAcceptanceTestReporter - Generating report in 51e1fa0a0e1f3ac4aa3b3ba31040c233570c7cb9be16ad075ba6a734cf527ed1.html
80373 [pool-2-thread-1] DEBUG n.t.c.r.h.HtmlAcceptanceTestReporter - Generated report 51e1fa0a0e1f3ac4aa3b3ba31040c233570c7cb9be16ad075ba6a734cf527ed1.html in 15595 ms
80374 [pool-2-thread-1] DEBUG n.t.core.reports.ReportService - Processing test outcome REQ-X - Calcular desconto:Calcular desconto com sucesso (fluxo básico) done
80374 [main] DEBUG n.t.core.reports.ReportService - Shutting down executor service
80374 [main] DEBUG n.t.core.reports.ReportService - Reports generated in: 17489 ms
80572 [main] DEBUG n.s.core.photography.Darkroom - Closing darkroom
80573 [Darkroom Processing Line] DEBUG n.s.c.p.DarkroomProcessingLine - Darkroom processing line shutting down
4524 [main] INFO   - 

-------------------------------------------------------------------------------------
     _______. _______ .______       _______ .__   __.  __  .___________.____    ____ 
    /       ||   ____||   _  \     |   ____||  \ |  | |  | |           |\   \  /   / 
   |   (----`|  |__   |  |_)  |    |  |__   |   \|  | |  | `---|  |----` \   \/   /  
    \   \    |   __|  |      /     |   __|  |  . `  | |  |     |  |       \_    _/   
.----)   |   |  |____ |  |\  \----.|  |____ |  |\   | |  |     |  |         |  |     
|_______/    |_______|| _| `._____||_______||__| \__| |__|     |__|         |__|    
                                                                                     
 News and tutorials at http://www.serenity-bdd.info                                  
 Documentation at https://wakaleo.gitbooks.io/the-serenity-book/content/             
 Join the Serenity Community on Gitter: https://gitter.im/serenity-bdd/serenity-core 
 Serenity BDD Support and Training at http://serenity-bdd.info/#/trainingandsupport  
-------------------------------------------------------------------------------------

4541 [main] DEBUG n.t.core.steps.StepEventBus - Test suite started for story net.thucydides.core.model.Story@53d1bce7
4550 [main] INFO   - Test Suite Started: REQ-1 - Calcular desconto
5633 [main] INFO   - 
 _____ _____ ____ _____   ____ _____  _    ____ _____ _____ ____  
|_   _| ____/ ___|_   _| / ___|_   _|/ \  |  _ \_   _| ____|  _ \ 
  | | |  _| \___ \ | |   \___ \ | | / _ \ | |_) || | |  _| | | | |
  | | | |___ ___) || |    ___) || |/ ___ \|  _ < | | | |___| |_| |
  |_| |_____|____/ |_|   |____/ |_/_/   \_\_| \_\|_| |_____|____/ 

Calcular desconto com sucesso (fluxo básico)(req-1---calcular-desconto;calcular-desconto-com-sucesso-(fluxo-básico))
-------------------------------------------------------------------
5955 [main] DEBUG n.t.c.r.m.cucumber.CucumberParser - Added feature REQ-X - Formulário de Contato
5987 [main] DEBUG n.t.c.r.m.cucumber.CucumberParser - Added feature REQ-X - Calcular desconto
6006 [main] DEBUG n.t.c.r.m.cucumber.CucumberParser - Added feature REQ-1 - Calcular desconto
7593 [main] DEBUG n.t.core.steps.StepInterceptor - STARTING STEP: SharedSpecs.que_estou_na_página_inicial_do_sistema - acesse_pagina_inicial
11146 [main] DEBUG io.netty.handler.ssl.JdkSslContext - Default protocols (JDK): [TLSv1.2, TLSv1.1, TLSv1] 
11146 [main] DEBUG io.netty.handler.ssl.JdkSslContext - Default cipher suites (JDK): [TLS_ECDHE_ECDSA_WITH_AES_256_GCM_SHA384, TLS_ECDHE_ECDSA_WITH_AES_128_GCM_SHA256, TLS_ECDHE_RSA_WITH_AES_128_GCM_SHA256, TLS_ECDHE_RSA_WITH_AES_256_GCM_SHA384, TLS_ECDHE_RSA_WITH_AES_128_CBC_SHA, TLS_ECDHE_RSA_WITH_AES_256_CBC_SHA, TLS_RSA_WITH_AES_128_GCM_SHA256, TLS_RSA_WITH_AES_128_CBC_SHA, TLS_RSA_WITH_AES_256_CBC_SHA, TLS_AES_128_GCM_SHA256, TLS_AES_256_GCM_SHA384]
11263 [main] DEBUG i.n.c.MultithreadEventLoopGroup - -Dio.netty.eventLoopThreads: 8
11299 [main] DEBUG io.netty.channel.nio.NioEventLoop - -Dio.netty.noKeySetOptimization: false
11300 [main] DEBUG io.netty.channel.nio.NioEventLoop - -Dio.netty.selectorAutoRebuildThreshold: 512
11408 [main] DEBUG i.n.buffer.PooledByteBufAllocator - -Dio.netty.allocator.numHeapArenas: 8
11408 [main] DEBUG i.n.buffer.PooledByteBufAllocator - -Dio.netty.allocator.numDirectArenas: 8
11408 [main] DEBUG i.n.buffer.PooledByteBufAllocator - -Dio.netty.allocator.pageSize: 8192
11409 [main] DEBUG i.n.buffer.PooledByteBufAllocator - -Dio.netty.allocator.maxOrder: 11
11409 [main] DEBUG i.n.buffer.PooledByteBufAllocator - -Dio.netty.allocator.chunkSize: 16777216
11409 [main] DEBUG i.n.buffer.PooledByteBufAllocator - -Dio.netty.allocator.tinyCacheSize: 512
11409 [main] DEBUG i.n.buffer.PooledByteBufAllocator - -Dio.netty.allocator.smallCacheSize: 256
11409 [main] DEBUG i.n.buffer.PooledByteBufAllocator - -Dio.netty.allocator.normalCacheSize: 64
11409 [main] DEBUG i.n.buffer.PooledByteBufAllocator - -Dio.netty.allocator.maxCachedBufferCapacity: 32768
11409 [main] DEBUG i.n.buffer.PooledByteBufAllocator - -Dio.netty.allocator.cacheTrimInterval: 8192
11409 [main] DEBUG i.n.buffer.PooledByteBufAllocator - -Dio.netty.allocator.cacheTrimIntervalMillis: 0
11410 [main] DEBUG i.n.buffer.PooledByteBufAllocator - -Dio.netty.allocator.useCacheForAllThreads: true
11410 [main] DEBUG i.n.buffer.PooledByteBufAllocator - -Dio.netty.allocator.maxCachedByteBuffersPerChunk: 1023
11442 [main] DEBUG io.netty.buffer.ByteBufUtil - -Dio.netty.allocator.type: pooled
11443 [main] DEBUG io.netty.buffer.ByteBufUtil - -Dio.netty.threadLocalDirectBufferSize: 0
11443 [main] DEBUG io.netty.buffer.ByteBufUtil - -Dio.netty.maxThreadLocalCharBufferSize: 16384
12728 [Forwarding newSession on session null to remote] DEBUG io.netty.channel.DefaultChannelId - -Dio.netty.processId: 10948 (auto-detected)
12788 [Forwarding newSession on session null to remote] DEBUG io.netty.channel.DefaultChannelId - -Dio.netty.machineId: d4:3d:7e:ff:fe:7f:ea:c5 (auto-detected)
12975 [AsyncHttpClient-3-1] DEBUG io.netty.buffer.AbstractByteBuf - -Dio.netty.buffer.checkAccessible: true
12976 [AsyncHttpClient-3-1] DEBUG io.netty.buffer.AbstractByteBuf - -Dio.netty.buffer.checkBounds: true
24515 [main] DEBUG n.t.core.steps.StepInterceptor - STEP DONE: acesse_pagina_inicial
24723 [main] INFO   - 
          __  _____ _____ ____ _____   ____  _____ _   _ ____ ___ _   _  ____ 
 _       / / |_   _| ____/ ___|_   _| |  _ \| ____| \ | |  _ \_ _| \ | |/ ___|
(_)____ / /    | | |  _| \___ \ | |   | |_) |  _| |  \| | | | | ||  \| | |  _ 
 |_____/ /     | | | |___ ___) || |   |  __/| |___| |\  | |_| | || |\  | |_| |
(_)   /_/      |_| |_____|____/ |_|   |_|   |_____|_| \_|____/___|_| \_|\____|

Calcular desconto com sucesso (fluxo básico)
-------------------------------------------------------------------------------
24800 [main] DEBUG n.t.core.steps.StepInterceptor - STARTING STEP: SharedSpecs.que_estou_na_página_inicial_do_sistema - acesse_pagina_inicial
45402 [main] DEBUG n.t.core.steps.StepInterceptor - STEP DONE: acesse_pagina_inicial
45531 [main] INFO   - 
          __  _____ _____ ____ _____   ____  _____ _   _ ____ ___ _   _  ____ 
 _       / / |_   _| ____/ ___|_   _| |  _ \| ____| \ | |  _ \_ _| \ | |/ ___|
(_)____ / /    | | |  _| \___ \ | |   | |_) |  _| |  \| | | | | ||  \| | |  _ 
 |_____/ /     | | | |___ ___) || |   |  __/| |___| |\  | |_| | || |\  | |_| |
(_)   /_/      |_| |_____|____/ |_|   |_|   |_____|_| \_|____/___|_| \_|\____|

Calcular desconto com sucesso (fluxo básico)
-------------------------------------------------------------------------------
45578 [main] DEBUG n.t.core.steps.StepInterceptor - STARTING STEP: SharedSpecs.que_estou_na_página_inicial_do_sistema - acesse_pagina_inicial
54336 [main] DEBUG n.t.core.steps.StepInterceptor - STEP DONE: acesse_pagina_inicial
54889 [main] DEBUG n.t.core.reports.ReportService - Reporting formats: [JSON, HTML]
55231 [main] DEBUG n.t.core.reports.ReportService - Reporting formats: [JSON, HTML]
55248 [main] DEBUG n.t.core.reports.ReportService - Generating reports for 1 test outcomes using: net.thucydides.core.reports.json.JSONTestOutcomeReporter@7ffcb232
55250 [pool-1-thread-1] DEBUG n.t.core.reports.ReportService - Processing test outcome REQ-1 - Calcular desconto:Calcular desconto com sucesso (fluxo básico)
55251 [pool-1-thread-1] DEBUG n.t.core.reports.ReportService - net.thucydides.core.reports.json.JSONTestOutcomeReporter@7ffcb232: Generating report for test outcome: REQ-1 - Calcular desconto:Calcular desconto com sucesso (fluxo básico)
55273 [pool-1-thread-1] DEBUG n.t.c.r.j.JSONTestOutcomeReporter - Generating JSON report for Calcular desconto com sucesso (fluxo básico) to file C:\Users\artur.araujo\git\pos-testes-unitarios\target\site\serenity\42ed43431ee77761e55b24e7580fd0a5eacc1429d50837dbfd9658add2366bb3.json (using temp file C:\Users\artur.araujo\git\pos-testes-unitarios\target\site\serenity\42ed43431ee77761e55b24e7580fd0a5eacc1429d50837dbfd9658add2366bb3.json3c2fce68-5a8c-40e2-884c-946103015f84)
55363 [pool-1-thread-1] DEBUG n.t.core.reports.ReportService - Processing test outcome REQ-1 - Calcular desconto:Calcular desconto com sucesso (fluxo básico) done
55364 [main] DEBUG n.t.core.reports.ReportService - Shutting down executor service
55364 [main] DEBUG n.t.core.reports.ReportService - Reports generated in: 116 ms
55365 [main] DEBUG n.t.core.reports.ReportService - Generating reports for 1 test outcomes using: net.thucydides.core.reports.html.HtmlAcceptanceTestReporter@62ab5e63
55366 [pool-2-thread-1] DEBUG n.t.core.reports.ReportService - Processing test outcome REQ-1 - Calcular desconto:Calcular desconto com sucesso (fluxo básico)
55366 [pool-2-thread-1] DEBUG n.t.core.reports.ReportService - net.thucydides.core.reports.html.HtmlAcceptanceTestReporter@62ab5e63: Generating report for test outcome: REQ-1 - Calcular desconto:Calcular desconto com sucesso (fluxo básico)
55367 [pool-2-thread-1] DEBUG n.t.c.r.h.HtmlAcceptanceTestReporter - GENERATE TEST OUTCOME REPORT FOR Calcular desconto com sucesso (fluxo básico) in 42ed43431ee77761e55b24e7580fd0a5eacc1429d50837dbfd9658add2366bb3
55483 [pool-2-thread-1] DEBUG n.t.c.r.m.cucumber.CucumberParser - Added feature REQ-X - Formulário de Contato
55495 [pool-2-thread-1] DEBUG n.t.c.r.m.cucumber.CucumberParser - Added feature REQ-X - Calcular desconto
55507 [pool-2-thread-1] DEBUG n.t.c.r.m.cucumber.CucumberParser - Added feature REQ-1 - Calcular desconto
55508 [pool-2-thread-1] DEBUG n.t.c.r.RequirementsTagProvider -  found:[Requirement{name='REQ-X - Formulário de Contato', type='feature' parent = 'null', cardNumber='null'}, Requirement{name='REQ-X - Calcular desconto', type='feature' parent = 'null', cardNumber='null'}, Requirement{name='REQ-1 - Calcular desconto', type='feature' parent = 'null', cardNumber='null'}]
55520 [pool-2-thread-1] DEBUG n.t.c.r.BaseRequirementsService - Requirement found for test outcome Calcular desconto com sucesso (fluxo básico)-[]: Optional[Requirement{name='REQ-1 - Calcular desconto', type='feature' parent = 'null', cardNumber='null'}]
55525 [pool-2-thread-1] DEBUG n.t.c.r.BaseRequirementsService - Requirement found for test outcome Calcular desconto com sucesso (fluxo básico)-[]: Optional[Requirement{name='REQ-1 - Calcular desconto', type='feature' parent = 'null', cardNumber='null'}]
55839 [pool-2-thread-1] DEBUG n.t.c.r.h.HtmlAcceptanceTestReporter - GENERATING HTML REPORT FOR REQ-1 - Calcular desconto:Calcular desconto com sucesso (fluxo básico) in 42ed43431ee77761e55b24e7580fd0a5eacc1429d50837dbfd9658add2366bb3.html in directory target\site\serenity  
55848 [pool-2-thread-1] DEBUG n.t.c.r.h.HtmlAcceptanceTestReporter - Generating report in 42ed43431ee77761e55b24e7580fd0a5eacc1429d50837dbfd9658add2366bb3.html
57262 [pool-2-thread-1] DEBUG n.t.c.r.h.HtmlAcceptanceTestReporter - Generated report 42ed43431ee77761e55b24e7580fd0a5eacc1429d50837dbfd9658add2366bb3.html in 1415 ms
57262 [pool-2-thread-1] DEBUG n.t.core.reports.ReportService - Processing test outcome REQ-1 - Calcular desconto:Calcular desconto com sucesso (fluxo básico) done
57265 [main] DEBUG n.t.core.reports.ReportService - Shutting down executor service
57265 [main] DEBUG n.t.core.reports.ReportService - Reports generated in: 1900 ms
5446 [main] INFO   - 

-------------------------------------------------------------------------------------
     _______. _______ .______       _______ .__   __.  __  .___________.____    ____ 
    /       ||   ____||   _  \     |   ____||  \ |  | |  | |           |\   \  /   / 
   |   (----`|  |__   |  |_)  |    |  |__   |   \|  | |  | `---|  |----` \   \/   /  
    \   \    |   __|  |      /     |   __|  |  . `  | |  |     |  |       \_    _/   
.----)   |   |  |____ |  |\  \----.|  |____ |  |\   | |  |     |  |         |  |     
|_______/    |_______|| _| `._____||_______||__| \__| |__|     |__|         |__|    
                                                                                     
 News and tutorials at http://www.serenity-bdd.info                                  
 Documentation at https://wakaleo.gitbooks.io/the-serenity-book/content/             
 Join the Serenity Community on Gitter: https://gitter.im/serenity-bdd/serenity-core 
 Serenity BDD Support and Training at http://serenity-bdd.info/#/trainingandsupport  
-------------------------------------------------------------------------------------

5466 [main] DEBUG n.t.core.steps.StepEventBus - Test suite started for story net.thucydides.core.model.Story@53d1bce7
5476 [main] INFO   - Test Suite Started: REQ-1 - Calcular desconto
6690 [main] INFO   - 
 _____ _____ ____ _____   ____ _____  _    ____ _____ _____ ____  
|_   _| ____/ ___|_   _| / ___|_   _|/ \  |  _ \_   _| ____|  _ \ 
  | | |  _| \___ \ | |   \___ \ | | / _ \ | |_) || | |  _| | | | |
  | | | |___ ___) || |    ___) || |/ ___ \|  _ < | | | |___| |_| |
  |_| |_____|____/ |_|   |____/ |_/_/   \_\_| \_\|_| |_____|____/ 

Calcular desconto com sucesso (fluxo básico)(req-1---calcular-desconto;calcular-desconto-com-sucesso-(fluxo-básico))
-------------------------------------------------------------------
7105 [main] DEBUG n.t.c.r.m.cucumber.CucumberParser - Added feature REQ-X - Formulário de Contato
7144 [main] DEBUG n.t.c.r.m.cucumber.CucumberParser - Added feature REQ-X - Calcular desconto
7174 [main] DEBUG n.t.c.r.m.cucumber.CucumberParser - Added feature REQ-1 - Calcular desconto
9172 [main] DEBUG n.t.core.steps.StepInterceptor - STARTING STEP: SharedSpecs.que_estou_na_página_inicial_do_sistema - acesse_pagina_inicial
12733 [main] DEBUG io.netty.handler.ssl.JdkSslContext - Default protocols (JDK): [TLSv1.2, TLSv1.1, TLSv1] 
12733 [main] DEBUG io.netty.handler.ssl.JdkSslContext - Default cipher suites (JDK): [TLS_ECDHE_ECDSA_WITH_AES_256_GCM_SHA384, TLS_ECDHE_ECDSA_WITH_AES_128_GCM_SHA256, TLS_ECDHE_RSA_WITH_AES_128_GCM_SHA256, TLS_ECDHE_RSA_WITH_AES_256_GCM_SHA384, TLS_ECDHE_RSA_WITH_AES_128_CBC_SHA, TLS_ECDHE_RSA_WITH_AES_256_CBC_SHA, TLS_RSA_WITH_AES_128_GCM_SHA256, TLS_RSA_WITH_AES_128_CBC_SHA, TLS_RSA_WITH_AES_256_CBC_SHA, TLS_AES_128_GCM_SHA256, TLS_AES_256_GCM_SHA384]
12837 [main] DEBUG i.n.c.MultithreadEventLoopGroup - -Dio.netty.eventLoopThreads: 8
12871 [main] DEBUG io.netty.channel.nio.NioEventLoop - -Dio.netty.noKeySetOptimization: false
12871 [main] DEBUG io.netty.channel.nio.NioEventLoop - -Dio.netty.selectorAutoRebuildThreshold: 512
12972 [main] DEBUG i.n.buffer.PooledByteBufAllocator - -Dio.netty.allocator.numHeapArenas: 8
12972 [main] DEBUG i.n.buffer.PooledByteBufAllocator - -Dio.netty.allocator.numDirectArenas: 8
12973 [main] DEBUG i.n.buffer.PooledByteBufAllocator - -Dio.netty.allocator.pageSize: 8192
12973 [main] DEBUG i.n.buffer.PooledByteBufAllocator - -Dio.netty.allocator.maxOrder: 11
12973 [main] DEBUG i.n.buffer.PooledByteBufAllocator - -Dio.netty.allocator.chunkSize: 16777216
12973 [main] DEBUG i.n.buffer.PooledByteBufAllocator - -Dio.netty.allocator.tinyCacheSize: 512
12973 [main] DEBUG i.n.buffer.PooledByteBufAllocator - -Dio.netty.allocator.smallCacheSize: 256
12973 [main] DEBUG i.n.buffer.PooledByteBufAllocator - -Dio.netty.allocator.normalCacheSize: 64
12974 [main] DEBUG i.n.buffer.PooledByteBufAllocator - -Dio.netty.allocator.maxCachedBufferCapacity: 32768
12974 [main] DEBUG i.n.buffer.PooledByteBufAllocator - -Dio.netty.allocator.cacheTrimInterval: 8192
12974 [main] DEBUG i.n.buffer.PooledByteBufAllocator - -Dio.netty.allocator.cacheTrimIntervalMillis: 0
12975 [main] DEBUG i.n.buffer.PooledByteBufAllocator - -Dio.netty.allocator.useCacheForAllThreads: true
12975 [main] DEBUG i.n.buffer.PooledByteBufAllocator - -Dio.netty.allocator.maxCachedByteBuffersPerChunk: 1023
13001 [main] DEBUG io.netty.buffer.ByteBufUtil - -Dio.netty.allocator.type: pooled
13001 [main] DEBUG io.netty.buffer.ByteBufUtil - -Dio.netty.threadLocalDirectBufferSize: 0
13002 [main] DEBUG io.netty.buffer.ByteBufUtil - -Dio.netty.maxThreadLocalCharBufferSize: 16384
14315 [Forwarding newSession on session null to remote] DEBUG io.netty.channel.DefaultChannelId - -Dio.netty.processId: 16496 (auto-detected)
14375 [Forwarding newSession on session null to remote] DEBUG io.netty.channel.DefaultChannelId - -Dio.netty.machineId: d4:3d:7e:ff:fe:7f:ea:c5 (auto-detected)
14557 [AsyncHttpClient-3-1] DEBUG io.netty.buffer.AbstractByteBuf - -Dio.netty.buffer.checkAccessible: true
14558 [AsyncHttpClient-3-1] DEBUG io.netty.buffer.AbstractByteBuf - -Dio.netty.buffer.checkBounds: true
23078 [main] DEBUG n.t.core.steps.StepInterceptor - STEP DONE: acesse_pagina_inicial
23132 [main] DEBUG n.t.core.steps.StepInterceptor - STARTING STEP: SharedSpecs.acesso_o_menu_para_o_calculo_do_desconto - acesse_pagina_desconto
24018 [main] DEBUG n.s.core.photography.Darkroom - Opening darkroom
24026 [Darkroom Processing Line] DEBUG n.s.c.p.DarkroomProcessingLine - Darkroom processing line starting up
24785 [main] DEBUG n.s.core.photography.Darkroom - Send negative for processing for target\site\serenity\79445f8776a90ed1af07d36283fce14c3b3dd872b6c61023f791c1e795e5d9b6.png
24787 [Darkroom Processing Line] DEBUG n.s.c.p.DarkroomProcessingLine - Processing screenshot image in /var/screenshots/screenshot-8537718096055242839
24787 [Darkroom Processing Line] DEBUG n.s.c.p.DarkroomProcessingLine - Saving screenshot to target\site\serenity\79445f8776a90ed1af07d36283fce14c3b3dd872b6c61023f791c1e795e5d9b6.png
24789 [main] DEBUG n.t.core.steps.StepInterceptor - STEP DONE: acesse_pagina_desconto
25214 [main] DEBUG n.s.core.photography.Darkroom - Send negative for processing for target\site\serenity\79445f8776a90ed1af07d36283fce14c3b3dd872b6c61023f791c1e795e5d9b6.png
25215 [main] DEBUG n.t.core.steps.StepInterceptor - STARTING STEP: Req001ClientASpecs.seleciono_o_produto - selecionar_produto
26313 [main] DEBUG n.s.core.photography.Darkroom - Send negative for processing for target\site\serenity\4f4eb725127b88745ac7abd76af7ec66f04fa4738c4403e3474bc8f13423e354.png
26315 [main] DEBUG n.t.core.steps.StepInterceptor - STEP DONE: selecionar_produto
26315 [Darkroom Processing Line] DEBUG n.s.c.p.DarkroomProcessingLine - Processing screenshot image in /var/screenshots/screenshot-5054749539338205500
26315 [Darkroom Processing Line] DEBUG n.s.c.p.DarkroomProcessingLine - Saving screenshot to target\site\serenity\4f4eb725127b88745ac7abd76af7ec66f04fa4738c4403e3474bc8f13423e354.png
26358 [main] DEBUG n.t.core.steps.StepInterceptor - STARTING STEP: Req001ClientASpecs.preencho_com_dados_do_cliente - informar_tipo_cliente
26975 [main] DEBUG n.s.core.photography.Darkroom - Send negative for processing for target\site\serenity\4f4eb725127b88745ac7abd76af7ec66f04fa4738c4403e3474bc8f13423e354.png
26975 [main] DEBUG n.t.core.steps.StepInterceptor - STEP DONE: informar_tipo_cliente
26981 [main] DEBUG n.t.core.steps.StepInterceptor - STARTING STEP: Req001ClientASpecs.preencho_com_dados_do_cliente - informar_qtd_iten
27594 [main] DEBUG n.s.core.photography.Darkroom - Send negative for processing for target\site\serenity\926d577542f76e38e55416bea72564fe3262ad7d9a99c53dd46081b113925fdc.png
27594 [main] DEBUG n.t.core.steps.StepInterceptor - STEP DONE: informar_qtd_iten
27595 [Darkroom Processing Line] DEBUG n.s.c.p.DarkroomProcessingLine - Processing screenshot image in /var/screenshots/screenshot-10590183016320935995
27595 [Darkroom Processing Line] DEBUG n.s.c.p.DarkroomProcessingLine - Saving screenshot to target\site\serenity\926d577542f76e38e55416bea72564fe3262ad7d9a99c53dd46081b113925fdc.png
27627 [main] DEBUG n.t.core.steps.StepInterceptor - STARTING STEP: Req001ClientASpecs.calculoDesconto - calcular_o_desconto
28563 [main] DEBUG n.s.core.photography.Darkroom - Send negative for processing for target\site\serenity\81eafbce546b507b6c4795805c0578c431845f4f71d48c20958beddb8e2e1437.png
28564 [main] DEBUG n.t.core.steps.StepInterceptor - STEP DONE: calcular_o_desconto
28565 [Darkroom Processing Line] DEBUG n.s.c.p.DarkroomProcessingLine - Processing screenshot image in /var/screenshots/screenshot-16164369132397466740
28565 [Darkroom Processing Line] DEBUG n.s.c.p.DarkroomProcessingLine - Saving screenshot to target\site\serenity\81eafbce546b507b6c4795805c0578c431845f4f71d48c20958beddb8e2e1437.png
28596 [main] DEBUG n.t.core.steps.StepInterceptor - STARTING STEP: Req001ClientASpecs.verifico_se_a_mensagem_foi_exibida_com_sucesso - verificar_mensagem_sucesso
28987 [main] DEBUG n.s.core.photography.Darkroom - Send negative for processing for target\site\serenity\81eafbce546b507b6c4795805c0578c431845f4f71d48c20958beddb8e2e1437.png
28988 [main] DEBUG n.t.core.steps.StepInterceptor - STEP DONE: verificar_mensagem_sucesso
32167 [main] INFO   - 
        __    _____ _____ ____ _____   ____   _    ____  ____  _____ ____  
  _     \ \  |_   _| ____/ ___|_   _| |  _ \ / \  / ___|/ ___|| ____|  _ \ 
 (_)_____| |   | | |  _| \___ \ | |   | |_) / _ \ \___ \\___ \|  _| | | | |
  _|_____| |   | | | |___ ___) || |   |  __/ ___ \ ___) |___) | |___| |_| |
 (_)     | |   |_| |_____|____/ |_|   |_| /_/   \_\____/|____/|_____|____/ 
        /_/                                                                

Calcular desconto com sucesso (fluxo básico)
----------------------------------------------------------------------------
32217 [main] DEBUG n.t.core.steps.StepInterceptor - STARTING STEP: SharedSpecs.que_estou_na_página_inicial_do_sistema - acesse_pagina_inicial
42151 [main] DEBUG n.t.core.steps.StepInterceptor - STEP DONE: acesse_pagina_inicial
42174 [main] DEBUG n.t.core.steps.StepInterceptor - STARTING STEP: SharedSpecs.acesso_o_menu_para_o_calculo_do_desconto - acesse_pagina_desconto
43249 [main] DEBUG n.s.core.photography.Darkroom - Send negative for processing for target\site\serenity\6d911abd002f19ca2b5e82a8fe1226d1202f2b8539e27695d3ae801d7bf83655.png
43250 [main] DEBUG n.t.core.steps.StepInterceptor - STEP DONE: acesse_pagina_desconto
43251 [Darkroom Processing Line] DEBUG n.s.c.p.DarkroomProcessingLine - Processing screenshot image in /var/screenshots/screenshot-16860623076714862646
43251 [Darkroom Processing Line] DEBUG n.s.c.p.DarkroomProcessingLine - Saving screenshot to target\site\serenity\6d911abd002f19ca2b5e82a8fe1226d1202f2b8539e27695d3ae801d7bf83655.png
43292 [main] DEBUG n.t.core.steps.StepInterceptor - STARTING STEP: Req001ClientASpecs.seleciono_o_produto - selecionar_produto
44437 [main] DEBUG n.s.core.photography.Darkroom - Send negative for processing for target\site\serenity\1319c8362adb532778f10cd4d537227f4733f66ca45ff96b0d70ffcb980611be.png
44438 [main] DEBUG n.t.core.steps.StepInterceptor - STEP DONE: selecionar_produto
44439 [Darkroom Processing Line] DEBUG n.s.c.p.DarkroomProcessingLine - Processing screenshot image in /var/screenshots/screenshot-4175105411882492426
44440 [Darkroom Processing Line] DEBUG n.s.c.p.DarkroomProcessingLine - Saving screenshot to target\site\serenity\1319c8362adb532778f10cd4d537227f4733f66ca45ff96b0d70ffcb980611be.png
44468 [main] DEBUG n.t.core.steps.StepInterceptor - STARTING STEP: Req001ClientASpecs.preencho_com_dados_do_cliente - informar_tipo_cliente
45039 [main] DEBUG n.s.core.photography.Darkroom - Send negative for processing for target\site\serenity\1319c8362adb532778f10cd4d537227f4733f66ca45ff96b0d70ffcb980611be.png
45040 [main] DEBUG n.t.core.steps.StepInterceptor - STEP DONE: informar_tipo_cliente
45044 [main] DEBUG n.t.core.steps.StepInterceptor - STARTING STEP: Req001ClientASpecs.preencho_com_dados_do_cliente - informar_qtd_iten
45622 [main] DEBUG n.s.core.photography.Darkroom - Send negative for processing for target\site\serenity\d7ebbb6a25ecea58abe6ffb3415be1dfad6d73f7d3b27f6790483f35b4826b07.png
45623 [main] DEBUG n.t.core.steps.StepInterceptor - STEP DONE: informar_qtd_iten
45624 [Darkroom Processing Line] DEBUG n.s.c.p.DarkroomProcessingLine - Processing screenshot image in /var/screenshots/screenshot-17273502944386957631
45624 [Darkroom Processing Line] DEBUG n.s.c.p.DarkroomProcessingLine - Saving screenshot to target\site\serenity\d7ebbb6a25ecea58abe6ffb3415be1dfad6d73f7d3b27f6790483f35b4826b07.png
45649 [main] DEBUG n.t.core.steps.StepInterceptor - STARTING STEP: Req001ClientASpecs.calculoDesconto - calcular_o_desconto
46603 [main] DEBUG n.s.core.photography.Darkroom - Send negative for processing for target\site\serenity\311931b5be52dcef343879a274c6744943260a1e15d73b7bd68d7d5dfbd0e673.png
46604 [Darkroom Processing Line] DEBUG n.s.c.p.DarkroomProcessingLine - Processing screenshot image in /var/screenshots/screenshot-18011745257839303686
46604 [main] DEBUG n.t.core.steps.StepInterceptor - STEP DONE: calcular_o_desconto
46607 [Darkroom Processing Line] DEBUG n.s.c.p.DarkroomProcessingLine - Saving screenshot to target\site\serenity\311931b5be52dcef343879a274c6744943260a1e15d73b7bd68d7d5dfbd0e673.png
46631 [main] DEBUG n.t.core.steps.StepInterceptor - STARTING STEP: Req001ClientASpecs.verifico_se_a_mensagem_foi_exibida_com_sucesso - verificar_mensagem_sucesso
47125 [main] DEBUG n.s.core.photography.Darkroom - Send negative for processing for target\site\serenity\311931b5be52dcef343879a274c6744943260a1e15d73b7bd68d7d5dfbd0e673.png
47125 [main] DEBUG n.t.core.steps.StepInterceptor - STEP DONE: verificar_mensagem_sucesso
49686 [main] INFO   - 
        __    _____ _____ ____ _____   ____   _    ____  ____  _____ ____  
  _     \ \  |_   _| ____/ ___|_   _| |  _ \ / \  / ___|/ ___|| ____|  _ \ 
 (_)_____| |   | | |  _| \___ \ | |   | |_) / _ \ \___ \\___ \|  _| | | | |
  _|_____| |   | | | |___ ___) || |   |  __/ ___ \ ___) |___) | |___| |_| |
 (_)     | |   |_| |_____|____/ |_|   |_| /_/   \_\____/|____/|_____|____/ 
        /_/                                                                

Calcular desconto com sucesso (fluxo básico)
----------------------------------------------------------------------------
49734 [main] DEBUG n.t.core.steps.StepInterceptor - STARTING STEP: SharedSpecs.que_estou_na_página_inicial_do_sistema - acesse_pagina_inicial
60597 [main] DEBUG n.t.core.steps.StepInterceptor - STEP DONE: acesse_pagina_inicial
60624 [main] DEBUG n.t.core.steps.StepInterceptor - STARTING STEP: SharedSpecs.acesso_o_menu_para_o_calculo_do_desconto - acesse_pagina_desconto
61630 [main] DEBUG n.s.core.photography.Darkroom - Send negative for processing for target\site\serenity\7b31e968bc3b779b3b906a1d669fec12e4c6626fbee932b28bf244ae81e35824.png
61630 [main] DEBUG n.t.core.steps.StepInterceptor - STEP DONE: acesse_pagina_desconto
61631 [Darkroom Processing Line] DEBUG n.s.c.p.DarkroomProcessingLine - Processing screenshot image in /var/screenshots/screenshot-7941863449750890532
61632 [Darkroom Processing Line] DEBUG n.s.c.p.DarkroomProcessingLine - Saving screenshot to target\site\serenity\7b31e968bc3b779b3b906a1d669fec12e4c6626fbee932b28bf244ae81e35824.png
61667 [main] DEBUG n.t.core.steps.StepInterceptor - STARTING STEP: Req001ClientASpecs.seleciono_o_produto - selecionar_produto
62713 [main] DEBUG n.s.core.photography.Darkroom - Send negative for processing for target\site\serenity\6252636edd816893bbb0c690eb32bf2291967645a74c51d73e8f1ff245161928.png
62713 [main] DEBUG n.t.core.steps.StepInterceptor - STEP DONE: selecionar_produto
62714 [Darkroom Processing Line] DEBUG n.s.c.p.DarkroomProcessingLine - Processing screenshot image in /var/screenshots/screenshot-1344825680045916889
62715 [Darkroom Processing Line] DEBUG n.s.c.p.DarkroomProcessingLine - Saving screenshot to target\site\serenity\6252636edd816893bbb0c690eb32bf2291967645a74c51d73e8f1ff245161928.png
62742 [main] DEBUG n.t.core.steps.StepInterceptor - STARTING STEP: Req001ClientASpecs.preencho_com_dados_do_cliente - informar_tipo_cliente
63350 [main] DEBUG n.s.core.photography.Darkroom - Send negative for processing for target\site\serenity\6252636edd816893bbb0c690eb32bf2291967645a74c51d73e8f1ff245161928.png
63350 [main] DEBUG n.t.core.steps.StepInterceptor - STEP DONE: informar_tipo_cliente
63353 [main] DEBUG n.t.core.steps.StepInterceptor - STARTING STEP: Req001ClientASpecs.preencho_com_dados_do_cliente - informar_qtd_iten
63936 [main] DEBUG n.s.core.photography.Darkroom - Send negative for processing for target\site\serenity\c8f5315a155cc8ff1ee4999dcab50bb7f45f80f559b9f60d8639c7dec847c4ce.png
63937 [main] DEBUG n.t.core.steps.StepInterceptor - STEP DONE: informar_qtd_iten
63938 [Darkroom Processing Line] DEBUG n.s.c.p.DarkroomProcessingLine - Processing screenshot image in /var/screenshots/screenshot-7063486028968418315
63938 [Darkroom Processing Line] DEBUG n.s.c.p.DarkroomProcessingLine - Saving screenshot to target\site\serenity\c8f5315a155cc8ff1ee4999dcab50bb7f45f80f559b9f60d8639c7dec847c4ce.png
63961 [main] DEBUG n.t.core.steps.StepInterceptor - STARTING STEP: Req001ClientASpecs.calculoDesconto - calcular_o_desconto
64833 [main] DEBUG n.s.core.photography.Darkroom - Send negative for processing for target\site\serenity\3bb9768898c9a6b8dbe99f01d40184f42970326edc352e1f6da6f5e261c653cf.png
64833 [main] DEBUG n.t.core.steps.StepInterceptor - STEP DONE: calcular_o_desconto
64834 [Darkroom Processing Line] DEBUG n.s.c.p.DarkroomProcessingLine - Processing screenshot image in /var/screenshots/screenshot-16308707059186560421
64835 [Darkroom Processing Line] DEBUG n.s.c.p.DarkroomProcessingLine - Saving screenshot to target\site\serenity\3bb9768898c9a6b8dbe99f01d40184f42970326edc352e1f6da6f5e261c653cf.png
64859 [main] DEBUG n.t.core.steps.StepInterceptor - STARTING STEP: Req001ClientASpecs.verifico_se_a_mensagem_foi_exibida_com_sucesso - verificar_mensagem_sucesso
65295 [main] DEBUG n.s.core.photography.Darkroom - Send negative for processing for target\site\serenity\3bb9768898c9a6b8dbe99f01d40184f42970326edc352e1f6da6f5e261c653cf.png
65295 [main] DEBUG n.t.core.steps.StepInterceptor - STEP DONE: verificar_mensagem_sucesso
67313 [main] DEBUG n.t.core.reports.ReportService - Reporting formats: [JSON, HTML]
67650 [main] DEBUG n.t.core.reports.ReportService - Reporting formats: [JSON, HTML]
67663 [main] DEBUG n.t.core.reports.ReportService - Generating reports for 1 test outcomes using: net.thucydides.core.reports.json.JSONTestOutcomeReporter@34e68840
67665 [pool-1-thread-1] DEBUG n.t.core.reports.ReportService - Processing test outcome REQ-1 - Calcular desconto:Calcular desconto com sucesso (fluxo básico)
67665 [pool-1-thread-1] DEBUG n.t.core.reports.ReportService - net.thucydides.core.reports.json.JSONTestOutcomeReporter@34e68840: Generating report for test outcome: REQ-1 - Calcular desconto:Calcular desconto com sucesso (fluxo básico)
67677 [pool-1-thread-1] DEBUG n.t.c.r.j.JSONTestOutcomeReporter - Generating JSON report for Calcular desconto com sucesso (fluxo básico) to file C:\Users\artur.araujo\git\pos-testes-unitarios\target\site\serenity\42ed43431ee77761e55b24e7580fd0a5eacc1429d50837dbfd9658add2366bb3.json (using temp file C:\Users\artur.araujo\git\pos-testes-unitarios\target\site\serenity\42ed43431ee77761e55b24e7580fd0a5eacc1429d50837dbfd9658add2366bb3.json574ff6d2-d939-45ee-a916-14b467643a22)
67764 [pool-1-thread-1] DEBUG n.t.core.reports.ReportService - Processing test outcome REQ-1 - Calcular desconto:Calcular desconto com sucesso (fluxo básico) done
67765 [main] DEBUG n.t.core.reports.ReportService - Shutting down executor service
67765 [main] DEBUG n.t.core.reports.ReportService - Reports generated in: 101 ms
67765 [main] DEBUG n.t.core.reports.ReportService - Generating reports for 1 test outcomes using: net.thucydides.core.reports.html.HtmlAcceptanceTestReporter@1e27bb89
67766 [pool-2-thread-1] DEBUG n.t.core.reports.ReportService - Processing test outcome REQ-1 - Calcular desconto:Calcular desconto com sucesso (fluxo básico)
67766 [pool-2-thread-1] DEBUG n.t.core.reports.ReportService - net.thucydides.core.reports.html.HtmlAcceptanceTestReporter@1e27bb89: Generating report for test outcome: REQ-1 - Calcular desconto:Calcular desconto com sucesso (fluxo básico)
67767 [pool-2-thread-1] DEBUG n.t.c.r.h.HtmlAcceptanceTestReporter - GENERATE TEST OUTCOME REPORT FOR Calcular desconto com sucesso (fluxo básico) in 42ed43431ee77761e55b24e7580fd0a5eacc1429d50837dbfd9658add2366bb3
67877 [pool-2-thread-1] DEBUG n.t.c.r.m.cucumber.CucumberParser - Added feature REQ-X - Formulário de Contato
67888 [pool-2-thread-1] DEBUG n.t.c.r.m.cucumber.CucumberParser - Added feature REQ-X - Calcular desconto
67901 [pool-2-thread-1] DEBUG n.t.c.r.m.cucumber.CucumberParser - Added feature REQ-1 - Calcular desconto
67902 [pool-2-thread-1] DEBUG n.t.c.r.RequirementsTagProvider -  found:[Requirement{name='REQ-X - Formulário de Contato', type='feature' parent = 'null', cardNumber='null'}, Requirement{name='REQ-X - Calcular desconto', type='feature' parent = 'null', cardNumber='null'}, Requirement{name='REQ-1 - Calcular desconto', type='feature' parent = 'null', cardNumber='null'}]
67913 [pool-2-thread-1] DEBUG n.t.c.r.BaseRequirementsService - Requirement found for test outcome Calcular desconto com sucesso (fluxo básico)-[]: Optional[Requirement{name='REQ-1 - Calcular desconto', type='feature' parent = 'null', cardNumber='null'}]
67917 [pool-2-thread-1] DEBUG n.t.c.r.BaseRequirementsService - Requirement found for test outcome Calcular desconto com sucesso (fluxo básico)-[]: Optional[Requirement{name='REQ-1 - Calcular desconto', type='feature' parent = 'null', cardNumber='null'}]
68071 [pool-2-thread-1] DEBUG n.t.c.r.BaseRequirementsService - Requirement found for test outcome Calcular desconto com sucesso (fluxo básico)-[]: Optional[Requirement{name='REQ-1 - Calcular desconto', type='feature' parent = 'null', cardNumber='null'}]
68078 [pool-2-thread-1] DEBUG n.t.c.r.BaseRequirementsService - Requirement found for test outcome Calcular desconto com sucesso (fluxo básico)-[]: Optional[Requirement{name='REQ-1 - Calcular desconto', type='feature' parent = 'null', cardNumber='null'}]
68369 [pool-2-thread-1] DEBUG n.t.c.r.h.HtmlAcceptanceTestReporter - Generating report in 42ed43431ee77761e55b24e7580fd0a5eacc1429d50837dbfd9658add2366bb3_screenshots.html
69645 [pool-2-thread-1] DEBUG n.t.c.r.h.HtmlAcceptanceTestReporter - Generated report 42ed43431ee77761e55b24e7580fd0a5eacc1429d50837dbfd9658add2366bb3_screenshots.html in 1276 ms
69647 [pool-2-thread-1] DEBUG n.t.c.r.h.HtmlAcceptanceTestReporter - GENERATING HTML REPORT FOR REQ-1 - Calcular desconto:Calcular desconto com sucesso (fluxo básico) in 42ed43431ee77761e55b24e7580fd0a5eacc1429d50837dbfd9658add2366bb3.html in directory target\site\serenity  
69657 [pool-2-thread-1] DEBUG n.t.c.r.h.HtmlAcceptanceTestReporter - Generating report in 42ed43431ee77761e55b24e7580fd0a5eacc1429d50837dbfd9658add2366bb3.html
86126 [pool-2-thread-1] DEBUG n.t.c.r.h.HtmlAcceptanceTestReporter - Generated report 42ed43431ee77761e55b24e7580fd0a5eacc1429d50837dbfd9658add2366bb3.html in 16469 ms
86126 [pool-2-thread-1] DEBUG n.t.core.reports.ReportService - Processing test outcome REQ-1 - Calcular desconto:Calcular desconto com sucesso (fluxo básico) done
86126 [main] DEBUG n.t.core.reports.ReportService - Shutting down executor service
86126 [main] DEBUG n.t.core.reports.ReportService - Reports generated in: 18361 ms
86356 [main] DEBUG n.s.core.photography.Darkroom - Closing darkroom
86357 [Darkroom Processing Line] DEBUG n.s.c.p.DarkroomProcessingLine - Darkroom processing line shutting down
4723 [main] INFO   - 

-------------------------------------------------------------------------------------
     _______. _______ .______       _______ .__   __.  __  .___________.____    ____ 
    /       ||   ____||   _  \     |   ____||  \ |  | |  | |           |\   \  /   / 
   |   (----`|  |__   |  |_)  |    |  |__   |   \|  | |  | `---|  |----` \   \/   /  
    \   \    |   __|  |      /     |   __|  |  . `  | |  |     |  |       \_    _/   
.----)   |   |  |____ |  |\  \----.|  |____ |  |\   | |  |     |  |         |  |     
|_______/    |_______|| _| `._____||_______||__| \__| |__|     |__|         |__|    
                                                                                     
 News and tutorials at http://www.serenity-bdd.info                                  
 Documentation at https://wakaleo.gitbooks.io/the-serenity-book/content/             
 Join the Serenity Community on Gitter: https://gitter.im/serenity-bdd/serenity-core 
 Serenity BDD Support and Training at http://serenity-bdd.info/#/trainingandsupport  
-------------------------------------------------------------------------------------

4741 [main] DEBUG n.t.core.steps.StepEventBus - Test suite started for story net.thucydides.core.model.Story@53d1bce7
4750 [main] INFO   - Test Suite Started: REQ-1 - Calcular desconto
5755 [main] INFO   - 
 _____ _____ ____ _____   ____ _____  _    ____ _____ _____ ____  
|_   _| ____/ ___|_   _| / ___|_   _|/ \  |  _ \_   _| ____|  _ \ 
  | | |  _| \___ \ | |   \___ \ | | / _ \ | |_) || | |  _| | | | |
  | | | |___ ___) || |    ___) || |/ ___ \|  _ < | | | |___| |_| |
  |_| |_____|____/ |_|   |____/ |_/_/   \_\_| \_\|_| |_____|____/ 

Calcular desconto com sucesso (fluxo básico)(req-1---calcular-desconto;calcular-desconto-com-sucesso-(fluxo-básico))
-------------------------------------------------------------------
6090 [main] DEBUG n.t.c.r.m.cucumber.CucumberParser - Added feature REQ-X - Formulário de Contato
6122 [main] DEBUG n.t.c.r.m.cucumber.CucumberParser - Added feature REQ-X - Calcular desconto
6145 [main] DEBUG n.t.c.r.m.cucumber.CucumberParser - Added feature REQ-1 - Calcular desconto
7758 [main] DEBUG n.t.core.steps.StepInterceptor - STARTING STEP: SharedSpecs.que_estou_na_página_inicial_do_sistema - acesse_pagina_inicial
11370 [main] DEBUG io.netty.handler.ssl.JdkSslContext - Default protocols (JDK): [TLSv1.2, TLSv1.1, TLSv1] 
11370 [main] DEBUG io.netty.handler.ssl.JdkSslContext - Default cipher suites (JDK): [TLS_ECDHE_ECDSA_WITH_AES_256_GCM_SHA384, TLS_ECDHE_ECDSA_WITH_AES_128_GCM_SHA256, TLS_ECDHE_RSA_WITH_AES_128_GCM_SHA256, TLS_ECDHE_RSA_WITH_AES_256_GCM_SHA384, TLS_ECDHE_RSA_WITH_AES_128_CBC_SHA, TLS_ECDHE_RSA_WITH_AES_256_CBC_SHA, TLS_RSA_WITH_AES_128_GCM_SHA256, TLS_RSA_WITH_AES_128_CBC_SHA, TLS_RSA_WITH_AES_256_CBC_SHA, TLS_AES_128_GCM_SHA256, TLS_AES_256_GCM_SHA384]
11486 [main] DEBUG i.n.c.MultithreadEventLoopGroup - -Dio.netty.eventLoopThreads: 8
11520 [main] DEBUG io.netty.channel.nio.NioEventLoop - -Dio.netty.noKeySetOptimization: false
11520 [main] DEBUG io.netty.channel.nio.NioEventLoop - -Dio.netty.selectorAutoRebuildThreshold: 512
11625 [main] DEBUG i.n.buffer.PooledByteBufAllocator - -Dio.netty.allocator.numHeapArenas: 8
11625 [main] DEBUG i.n.buffer.PooledByteBufAllocator - -Dio.netty.allocator.numDirectArenas: 8
11625 [main] DEBUG i.n.buffer.PooledByteBufAllocator - -Dio.netty.allocator.pageSize: 8192
11626 [main] DEBUG i.n.buffer.PooledByteBufAllocator - -Dio.netty.allocator.maxOrder: 11
11626 [main] DEBUG i.n.buffer.PooledByteBufAllocator - -Dio.netty.allocator.chunkSize: 16777216
11626 [main] DEBUG i.n.buffer.PooledByteBufAllocator - -Dio.netty.allocator.tinyCacheSize: 512
11626 [main] DEBUG i.n.buffer.PooledByteBufAllocator - -Dio.netty.allocator.smallCacheSize: 256
11626 [main] DEBUG i.n.buffer.PooledByteBufAllocator - -Dio.netty.allocator.normalCacheSize: 64
11626 [main] DEBUG i.n.buffer.PooledByteBufAllocator - -Dio.netty.allocator.maxCachedBufferCapacity: 32768
11626 [main] DEBUG i.n.buffer.PooledByteBufAllocator - -Dio.netty.allocator.cacheTrimInterval: 8192
11627 [main] DEBUG i.n.buffer.PooledByteBufAllocator - -Dio.netty.allocator.cacheTrimIntervalMillis: 0
11627 [main] DEBUG i.n.buffer.PooledByteBufAllocator - -Dio.netty.allocator.useCacheForAllThreads: true
11627 [main] DEBUG i.n.buffer.PooledByteBufAllocator - -Dio.netty.allocator.maxCachedByteBuffersPerChunk: 1023
11656 [main] DEBUG io.netty.buffer.ByteBufUtil - -Dio.netty.allocator.type: pooled
11657 [main] DEBUG io.netty.buffer.ByteBufUtil - -Dio.netty.threadLocalDirectBufferSize: 0
11657 [main] DEBUG io.netty.buffer.ByteBufUtil - -Dio.netty.maxThreadLocalCharBufferSize: 16384
12998 [Forwarding newSession on session null to remote] DEBUG io.netty.channel.DefaultChannelId - -Dio.netty.processId: 6308 (auto-detected)
13067 [Forwarding newSession on session null to remote] DEBUG io.netty.channel.DefaultChannelId - -Dio.netty.machineId: d4:3d:7e:ff:fe:7f:ea:c5 (auto-detected)
13268 [AsyncHttpClient-3-1] DEBUG io.netty.buffer.AbstractByteBuf - -Dio.netty.buffer.checkAccessible: true
13269 [AsyncHttpClient-3-1] DEBUG io.netty.buffer.AbstractByteBuf - -Dio.netty.buffer.checkBounds: true
21852 [main] DEBUG n.t.core.steps.StepInterceptor - STEP DONE: acesse_pagina_inicial
21904 [main] DEBUG n.t.core.steps.StepInterceptor - STARTING STEP: SharedSpecs.acesso_o_menu_para_o_calculo_do_desconto - acesse_pagina_desconto
22798 [main] DEBUG n.s.core.photography.Darkroom - Opening darkroom
22801 [Darkroom Processing Line] DEBUG n.s.c.p.DarkroomProcessingLine - Darkroom processing line starting up
23592 [main] DEBUG n.s.core.photography.Darkroom - Send negative for processing for target\site\serenity\8c4c82abba8e7352e6967c4e93058fae4a8d092ea8e888e9197c01e2c0efbed1.png
23593 [Darkroom Processing Line] DEBUG n.s.c.p.DarkroomProcessingLine - Processing screenshot image in /var/screenshots/screenshot-14944106175939090330
23594 [Darkroom Processing Line] DEBUG n.s.c.p.DarkroomProcessingLine - Saving screenshot to target\site\serenity\8c4c82abba8e7352e6967c4e93058fae4a8d092ea8e888e9197c01e2c0efbed1.png
23596 [main] DEBUG n.t.core.steps.StepInterceptor - STEP DONE: acesse_pagina_desconto
24035 [main] DEBUG n.s.core.photography.Darkroom - Send negative for processing for target\site\serenity\8c4c82abba8e7352e6967c4e93058fae4a8d092ea8e888e9197c01e2c0efbed1.png
24037 [main] DEBUG n.t.core.steps.StepInterceptor - STARTING STEP: Req001ClientASpecs.selecionoUmProduto - selecionar_produto
25215 [main] DEBUG n.s.core.photography.Darkroom - Send negative for processing for target\site\serenity\3be5d32ec2412af2b8323ac08d4894d61eead7d8e534ce064cf72ea16fedc091.png
25216 [main] DEBUG n.t.core.steps.StepInterceptor - STEP DONE: selecionar_produto
25217 [Darkroom Processing Line] DEBUG n.s.c.p.DarkroomProcessingLine - Processing screenshot image in /var/screenshots/screenshot-35075542016414429
25218 [Darkroom Processing Line] DEBUG n.s.c.p.DarkroomProcessingLine - Saving screenshot to target\site\serenity\3be5d32ec2412af2b8323ac08d4894d61eead7d8e534ce064cf72ea16fedc091.png
25262 [main] DEBUG n.t.core.steps.StepInterceptor - STARTING STEP: Req001ClientASpecs.preencho_com_dados_do_cliente - informar_tipo_cliente
25895 [main] DEBUG n.s.core.photography.Darkroom - Send negative for processing for target\site\serenity\3be5d32ec2412af2b8323ac08d4894d61eead7d8e534ce064cf72ea16fedc091.png
25896 [main] DEBUG n.t.core.steps.StepInterceptor - STEP DONE: informar_tipo_cliente
25901 [main] DEBUG n.t.core.steps.StepInterceptor - STARTING STEP: Req001ClientASpecs.preencho_com_dados_do_cliente - informar_qtd_iten
26565 [main] DEBUG n.s.core.photography.Darkroom - Send negative for processing for target\site\serenity\2374f62a76b348f32f9125aca423d66e7ae00d80b26ae7ebd71d62321a8d95ce.png
26567 [Darkroom Processing Line] DEBUG n.s.c.p.DarkroomProcessingLine - Processing screenshot image in /var/screenshots/screenshot-6209939205872918557
26567 [Darkroom Processing Line] DEBUG n.s.c.p.DarkroomProcessingLine - Saving screenshot to target\site\serenity\2374f62a76b348f32f9125aca423d66e7ae00d80b26ae7ebd71d62321a8d95ce.png
26569 [main] DEBUG n.t.core.steps.StepInterceptor - STEP DONE: informar_qtd_iten
26604 [main] DEBUG n.t.core.steps.StepInterceptor - STARTING STEP: Req001ClientASpecs.calculoDesconto - calcular_o_desconto
27616 [main] DEBUG n.s.core.photography.Darkroom - Send negative for processing for target\site\serenity\5643f3cd0d71a9952780a6518c7849b1989b2ddb508a70ebd0ee5bd3d9bd9334.png
27616 [main] DEBUG n.t.core.steps.StepInterceptor - STEP DONE: calcular_o_desconto
27617 [Darkroom Processing Line] DEBUG n.s.c.p.DarkroomProcessingLine - Processing screenshot image in /var/screenshots/screenshot-16836029905930127237
27618 [Darkroom Processing Line] DEBUG n.s.c.p.DarkroomProcessingLine - Saving screenshot to target\site\serenity\5643f3cd0d71a9952780a6518c7849b1989b2ddb508a70ebd0ee5bd3d9bd9334.png
27647 [main] DEBUG n.t.core.steps.StepInterceptor - STARTING STEP: Req001ClientASpecs.verifico_se_a_mensagem_foi_exibida_com_sucesso - verificar_mensagem_sucesso
28037 [main] DEBUG n.s.core.photography.Darkroom - Send negative for processing for target\site\serenity\5643f3cd0d71a9952780a6518c7849b1989b2ddb508a70ebd0ee5bd3d9bd9334.png
28037 [main] DEBUG n.t.core.steps.StepInterceptor - STEP DONE: verificar_mensagem_sucesso
31974 [main] INFO   - 
        __    _____ _____ ____ _____   ____   _    ____  ____  _____ ____  
  _     \ \  |_   _| ____/ ___|_   _| |  _ \ / \  / ___|/ ___|| ____|  _ \ 
 (_)_____| |   | | |  _| \___ \ | |   | |_) / _ \ \___ \\___ \|  _| | | | |
  _|_____| |   | | | |___ ___) || |   |  __/ ___ \ ___) |___) | |___| |_| |
 (_)     | |   |_| |_____|____/ |_|   |_| /_/   \_\____/|____/|_____|____/ 
        /_/                                                                

Calcular desconto com sucesso (fluxo básico)
----------------------------------------------------------------------------
32027 [main] DEBUG n.t.core.steps.StepInterceptor - STARTING STEP: SharedSpecs.que_estou_na_página_inicial_do_sistema - acesse_pagina_inicial
41781 [main] DEBUG n.t.core.steps.StepInterceptor - STEP DONE: acesse_pagina_inicial
41804 [main] DEBUG n.t.core.steps.StepInterceptor - STARTING STEP: SharedSpecs.acesso_o_menu_para_o_calculo_do_desconto - acesse_pagina_desconto
42917 [main] DEBUG n.s.core.photography.Darkroom - Send negative for processing for target\site\serenity\65a8cb43219cadcd16933534698892622d689bac3c99449c9bafde53a2f89047.png
42918 [main] DEBUG n.t.core.steps.StepInterceptor - STEP DONE: acesse_pagina_desconto
42919 [Darkroom Processing Line] DEBUG n.s.c.p.DarkroomProcessingLine - Processing screenshot image in /var/screenshots/screenshot-14190988325452856230
42919 [Darkroom Processing Line] DEBUG n.s.c.p.DarkroomProcessingLine - Saving screenshot to target\site\serenity\65a8cb43219cadcd16933534698892622d689bac3c99449c9bafde53a2f89047.png
42959 [main] DEBUG n.t.core.steps.StepInterceptor - STARTING STEP: Req001ClientASpecs.selecionoUmProduto - selecionar_produto
44026 [main] DEBUG n.s.core.photography.Darkroom - Send negative for processing for target\site\serenity\12abedc30284ed39435fe0436458d686c2af04474ba563eb49c607144c0f606f.png
44027 [main] DEBUG n.t.core.steps.StepInterceptor - STEP DONE: selecionar_produto
44028 [Darkroom Processing Line] DEBUG n.s.c.p.DarkroomProcessingLine - Processing screenshot image in /var/screenshots/screenshot-10736249103079522020
44028 [Darkroom Processing Line] DEBUG n.s.c.p.DarkroomProcessingLine - Saving screenshot to target\site\serenity\12abedc30284ed39435fe0436458d686c2af04474ba563eb49c607144c0f606f.png
44057 [main] DEBUG n.t.core.steps.StepInterceptor - STARTING STEP: Req001ClientASpecs.preencho_com_dados_do_cliente - informar_tipo_cliente
44625 [main] DEBUG n.s.core.photography.Darkroom - Send negative for processing for target\site\serenity\12abedc30284ed39435fe0436458d686c2af04474ba563eb49c607144c0f606f.png
44625 [main] DEBUG n.t.core.steps.StepInterceptor - STEP DONE: informar_tipo_cliente
44630 [main] DEBUG n.t.core.steps.StepInterceptor - STARTING STEP: Req001ClientASpecs.preencho_com_dados_do_cliente - informar_qtd_iten
45243 [main] DEBUG n.s.core.photography.Darkroom - Send negative for processing for target\site\serenity\7e659331a3744ff6b6df6cca00db422f4061513fc7de7f1b0988e12d6702e0d8.png
45244 [main] DEBUG n.t.core.steps.StepInterceptor - STEP DONE: informar_qtd_iten
45245 [Darkroom Processing Line] DEBUG n.s.c.p.DarkroomProcessingLine - Processing screenshot image in /var/screenshots/screenshot-7714728291199255536
45245 [Darkroom Processing Line] DEBUG n.s.c.p.DarkroomProcessingLine - Saving screenshot to target\site\serenity\7e659331a3744ff6b6df6cca00db422f4061513fc7de7f1b0988e12d6702e0d8.png
45270 [main] DEBUG n.t.core.steps.StepInterceptor - STARTING STEP: Req001ClientASpecs.calculoDesconto - calcular_o_desconto
46168 [main] DEBUG n.s.core.photography.Darkroom - Send negative for processing for target\site\serenity\aad0d6cc969e27eaa41126067166a3bb6236fc7e72944c1861be7450b5d2a19c.png
46169 [main] DEBUG n.t.core.steps.StepInterceptor - STEP DONE: calcular_o_desconto
46170 [Darkroom Processing Line] DEBUG n.s.c.p.DarkroomProcessingLine - Processing screenshot image in /var/screenshots/screenshot-8709677708670152457
46170 [Darkroom Processing Line] DEBUG n.s.c.p.DarkroomProcessingLine - Saving screenshot to target\site\serenity\aad0d6cc969e27eaa41126067166a3bb6236fc7e72944c1861be7450b5d2a19c.png
46197 [main] DEBUG n.t.core.steps.StepInterceptor - STARTING STEP: Req001ClientASpecs.verifico_se_a_mensagem_foi_exibida_com_sucesso - verificar_mensagem_sucesso
46580 [main] DEBUG n.s.core.photography.Darkroom - Send negative for processing for target\site\serenity\aad0d6cc969e27eaa41126067166a3bb6236fc7e72944c1861be7450b5d2a19c.png
46581 [main] DEBUG n.t.core.steps.StepInterceptor - STEP DONE: verificar_mensagem_sucesso
48659 [main] INFO   - 
        __    _____ _____ ____ _____   ____   _    ____  ____  _____ ____  
  _     \ \  |_   _| ____/ ___|_   _| |  _ \ / \  / ___|/ ___|| ____|  _ \ 
 (_)_____| |   | | |  _| \___ \ | |   | |_) / _ \ \___ \\___ \|  _| | | | |
  _|_____| |   | | | |___ ___) || |   |  __/ ___ \ ___) |___) | |___| |_| |
 (_)     | |   |_| |_____|____/ |_|   |_| /_/   \_\____/|____/|_____|____/ 
        /_/                                                                

Calcular desconto com sucesso (fluxo básico)
----------------------------------------------------------------------------
48703 [main] DEBUG n.t.core.steps.StepInterceptor - STARTING STEP: SharedSpecs.que_estou_na_página_inicial_do_sistema - acesse_pagina_inicial
60715 [main] DEBUG n.t.core.steps.StepInterceptor - STEP DONE: acesse_pagina_inicial
60742 [main] DEBUG n.t.core.steps.StepInterceptor - STARTING STEP: SharedSpecs.acesso_o_menu_para_o_calculo_do_desconto - acesse_pagina_desconto
61848 [main] DEBUG n.s.core.photography.Darkroom - Send negative for processing for target\site\serenity\d9001a3063cacbbb1f7fe659ecd925d7a7b8bc029643999727f9db80551f514f.png
61848 [main] DEBUG n.t.core.steps.StepInterceptor - STEP DONE: acesse_pagina_desconto
61849 [Darkroom Processing Line] DEBUG n.s.c.p.DarkroomProcessingLine - Processing screenshot image in /var/screenshots/screenshot-12493423447604078525
61850 [Darkroom Processing Line] DEBUG n.s.c.p.DarkroomProcessingLine - Saving screenshot to target\site\serenity\d9001a3063cacbbb1f7fe659ecd925d7a7b8bc029643999727f9db80551f514f.png
61885 [main] DEBUG n.t.core.steps.StepInterceptor - STARTING STEP: Req001ClientASpecs.selecionoUmProduto - selecionar_produto
64221 [main] DEBUG n.s.core.photography.Darkroom - Send negative for processing for target\site\serenity\770e76f5c2156afb4d9326ab68716e964aca14f6463f98f588d5bed5ef7e9166.png
64222 [main] DEBUG n.t.core.steps.StepInterceptor - STEP DONE: selecionar_produto
64223 [Darkroom Processing Line] DEBUG n.s.c.p.DarkroomProcessingLine - Processing screenshot image in /var/screenshots/screenshot-7215457127270400217
64223 [Darkroom Processing Line] DEBUG n.s.c.p.DarkroomProcessingLine - Saving screenshot to target\site\serenity\770e76f5c2156afb4d9326ab68716e964aca14f6463f98f588d5bed5ef7e9166.png
64251 [main] DEBUG n.t.core.steps.StepInterceptor - STARTING STEP: Req001ClientASpecs.preencho_com_dados_do_cliente - informar_tipo_cliente
64920 [main] DEBUG n.s.core.photography.Darkroom - Send negative for processing for target\site\serenity\770e76f5c2156afb4d9326ab68716e964aca14f6463f98f588d5bed5ef7e9166.png
64920 [main] DEBUG n.t.core.steps.StepInterceptor - STEP DONE: informar_tipo_cliente
64924 [main] DEBUG n.t.core.steps.StepInterceptor - STARTING STEP: Req001ClientASpecs.preencho_com_dados_do_cliente - informar_qtd_iten
65686 [main] DEBUG n.s.core.photography.Darkroom - Send negative for processing for target\site\serenity\6f93491948944d071fd19666121e579968519ac8ab95ff3396a572088de13537.png
65687 [main] DEBUG n.t.core.steps.StepInterceptor - STEP DONE: informar_qtd_iten
65688 [Darkroom Processing Line] DEBUG n.s.c.p.DarkroomProcessingLine - Processing screenshot image in /var/screenshots/screenshot-14702524581306058913
65688 [Darkroom Processing Line] DEBUG n.s.c.p.DarkroomProcessingLine - Saving screenshot to target\site\serenity\6f93491948944d071fd19666121e579968519ac8ab95ff3396a572088de13537.png
65714 [main] DEBUG n.t.core.steps.StepInterceptor - STARTING STEP: Req001ClientASpecs.calculoDesconto - calcular_o_desconto
66721 [main] DEBUG n.s.core.photography.Darkroom - Send negative for processing for target\site\serenity\06aa16f04537e8fafc3432b38fd5e61dfb09ccf4ea8a62035be47878f33febdc.png
66721 [main] DEBUG n.t.core.steps.StepInterceptor - STEP DONE: calcular_o_desconto
66722 [Darkroom Processing Line] DEBUG n.s.c.p.DarkroomProcessingLine - Processing screenshot image in /var/screenshots/screenshot-1952466030855206997
66723 [Darkroom Processing Line] DEBUG n.s.c.p.DarkroomProcessingLine - Saving screenshot to target\site\serenity\06aa16f04537e8fafc3432b38fd5e61dfb09ccf4ea8a62035be47878f33febdc.png
66750 [main] DEBUG n.t.core.steps.StepInterceptor - STARTING STEP: Req001ClientASpecs.verifico_se_a_mensagem_foi_exibida_com_sucesso - verificar_mensagem_sucesso
67130 [main] DEBUG n.s.core.photography.Darkroom - Send negative for processing for target\site\serenity\06aa16f04537e8fafc3432b38fd5e61dfb09ccf4ea8a62035be47878f33febdc.png
67131 [main] DEBUG n.t.core.steps.StepInterceptor - STEP DONE: verificar_mensagem_sucesso
71367 [main] DEBUG n.t.core.reports.ReportService - Reporting formats: [JSON, HTML]
71682 [main] DEBUG n.t.core.reports.ReportService - Reporting formats: [JSON, HTML]
71695 [main] DEBUG n.t.core.reports.ReportService - Generating reports for 1 test outcomes using: net.thucydides.core.reports.json.JSONTestOutcomeReporter@62615be
71697 [pool-1-thread-1] DEBUG n.t.core.reports.ReportService - Processing test outcome REQ-1 - Calcular desconto:Calcular desconto com sucesso (fluxo básico)
71697 [pool-1-thread-1] DEBUG n.t.core.reports.ReportService - net.thucydides.core.reports.json.JSONTestOutcomeReporter@62615be: Generating report for test outcome: REQ-1 - Calcular desconto:Calcular desconto com sucesso (fluxo básico)
71707 [pool-1-thread-1] DEBUG n.t.c.r.j.JSONTestOutcomeReporter - Generating JSON report for Calcular desconto com sucesso (fluxo básico) to file C:\Users\artur.araujo\git\pos-testes-unitarios\target\site\serenity\42ed43431ee77761e55b24e7580fd0a5eacc1429d50837dbfd9658add2366bb3.json (using temp file C:\Users\artur.araujo\git\pos-testes-unitarios\target\site\serenity\42ed43431ee77761e55b24e7580fd0a5eacc1429d50837dbfd9658add2366bb3.json2f382f31-6d69-48e2-8ab2-a140baae1774)
71794 [pool-1-thread-1] DEBUG n.t.core.reports.ReportService - Processing test outcome REQ-1 - Calcular desconto:Calcular desconto com sucesso (fluxo básico) done
71794 [main] DEBUG n.t.core.reports.ReportService - Shutting down executor service
71794 [main] DEBUG n.t.core.reports.ReportService - Reports generated in: 99 ms
71794 [main] DEBUG n.t.core.reports.ReportService - Generating reports for 1 test outcomes using: net.thucydides.core.reports.html.HtmlAcceptanceTestReporter@1ee22768
71796 [pool-2-thread-1] DEBUG n.t.core.reports.ReportService - Processing test outcome REQ-1 - Calcular desconto:Calcular desconto com sucesso (fluxo básico)
71796 [pool-2-thread-1] DEBUG n.t.core.reports.ReportService - net.thucydides.core.reports.html.HtmlAcceptanceTestReporter@1ee22768: Generating report for test outcome: REQ-1 - Calcular desconto:Calcular desconto com sucesso (fluxo básico)
71797 [pool-2-thread-1] DEBUG n.t.c.r.h.HtmlAcceptanceTestReporter - GENERATE TEST OUTCOME REPORT FOR Calcular desconto com sucesso (fluxo básico) in 42ed43431ee77761e55b24e7580fd0a5eacc1429d50837dbfd9658add2366bb3
71909 [pool-2-thread-1] DEBUG n.t.c.r.m.cucumber.CucumberParser - Added feature REQ-X - Formulário de Contato
71921 [pool-2-thread-1] DEBUG n.t.c.r.m.cucumber.CucumberParser - Added feature REQ-X - Calcular desconto
71933 [pool-2-thread-1] DEBUG n.t.c.r.m.cucumber.CucumberParser - Added feature REQ-1 - Calcular desconto
71934 [pool-2-thread-1] DEBUG n.t.c.r.RequirementsTagProvider -  found:[Requirement{name='REQ-X - Formulário de Contato', type='feature' parent = 'null', cardNumber='null'}, Requirement{name='REQ-X - Calcular desconto', type='feature' parent = 'null', cardNumber='null'}, Requirement{name='REQ-1 - Calcular desconto', type='feature' parent = 'null', cardNumber='null'}]
71948 [pool-2-thread-1] DEBUG n.t.c.r.BaseRequirementsService - Requirement found for test outcome Calcular desconto com sucesso (fluxo básico)-[]: Optional[Requirement{name='REQ-1 - Calcular desconto', type='feature' parent = 'null', cardNumber='null'}]
71951 [pool-2-thread-1] DEBUG n.t.c.r.BaseRequirementsService - Requirement found for test outcome Calcular desconto com sucesso (fluxo básico)-[]: Optional[Requirement{name='REQ-1 - Calcular desconto', type='feature' parent = 'null', cardNumber='null'}]
72105 [pool-2-thread-1] DEBUG n.t.c.r.BaseRequirementsService - Requirement found for test outcome Calcular desconto com sucesso (fluxo básico)-[]: Optional[Requirement{name='REQ-1 - Calcular desconto', type='feature' parent = 'null', cardNumber='null'}]
72106 [pool-2-thread-1] DEBUG n.t.c.r.BaseRequirementsService - Requirement found for test outcome Calcular desconto com sucesso (fluxo básico)-[]: Optional[Requirement{name='REQ-1 - Calcular desconto', type='feature' parent = 'null', cardNumber='null'}]
72405 [pool-2-thread-1] DEBUG n.t.c.r.h.HtmlAcceptanceTestReporter - Generating report in 42ed43431ee77761e55b24e7580fd0a5eacc1429d50837dbfd9658add2366bb3_screenshots.html
73769 [pool-2-thread-1] DEBUG n.t.c.r.h.HtmlAcceptanceTestReporter - Generated report 42ed43431ee77761e55b24e7580fd0a5eacc1429d50837dbfd9658add2366bb3_screenshots.html in 1364 ms
73773 [pool-2-thread-1] DEBUG n.t.c.r.h.HtmlAcceptanceTestReporter - GENERATING HTML REPORT FOR REQ-1 - Calcular desconto:Calcular desconto com sucesso (fluxo básico) in 42ed43431ee77761e55b24e7580fd0a5eacc1429d50837dbfd9658add2366bb3.html in directory target\site\serenity  
73780 [pool-2-thread-1] DEBUG n.t.c.r.h.HtmlAcceptanceTestReporter - Generating report in 42ed43431ee77761e55b24e7580fd0a5eacc1429d50837dbfd9658add2366bb3.html
90244 [pool-2-thread-1] DEBUG n.t.c.r.h.HtmlAcceptanceTestReporter - Generated report 42ed43431ee77761e55b24e7580fd0a5eacc1429d50837dbfd9658add2366bb3.html in 16464 ms
90244 [pool-2-thread-1] DEBUG n.t.core.reports.ReportService - Processing test outcome REQ-1 - Calcular desconto:Calcular desconto com sucesso (fluxo básico) done
90244 [main] DEBUG n.t.core.reports.ReportService - Shutting down executor service
90245 [main] DEBUG n.t.core.reports.ReportService - Reports generated in: 18450 ms
90460 [main] DEBUG n.s.core.photography.Darkroom - Closing darkroom
90461 [Darkroom Processing Line] DEBUG n.s.c.p.DarkroomProcessingLine - Darkroom processing line shutting down
4695 [main] INFO   - 

-------------------------------------------------------------------------------------
     _______. _______ .______       _______ .__   __.  __  .___________.____    ____ 
    /       ||   ____||   _  \     |   ____||  \ |  | |  | |           |\   \  /   / 
   |   (----`|  |__   |  |_)  |    |  |__   |   \|  | |  | `---|  |----` \   \/   /  
    \   \    |   __|  |      /     |   __|  |  . `  | |  |     |  |       \_    _/   
.----)   |   |  |____ |  |\  \----.|  |____ |  |\   | |  |     |  |         |  |     
|_______/    |_______|| _| `._____||_______||__| \__| |__|     |__|         |__|    
                                                                                     
 News and tutorials at http://www.serenity-bdd.info                                  
 Documentation at https://wakaleo.gitbooks.io/the-serenity-book/content/             
 Join the Serenity Community on Gitter: https://gitter.im/serenity-bdd/serenity-core 
 Serenity BDD Support and Training at http://serenity-bdd.info/#/trainingandsupport  
-------------------------------------------------------------------------------------

4713 [main] DEBUG n.t.core.steps.StepEventBus - Test suite started for story net.thucydides.core.model.Story@53d1bce7
4722 [main] INFO   - Test Suite Started: REQ-1 - Calcular desconto
5759 [main] INFO   - 
 _____ _____ ____ _____   ____ _____  _    ____ _____ _____ ____  
|_   _| ____/ ___|_   _| / ___|_   _|/ \  |  _ \_   _| ____|  _ \ 
  | | |  _| \___ \ | |   \___ \ | | / _ \ | |_) || | |  _| | | | |
  | | | |___ ___) || |    ___) || |/ ___ \|  _ < | | | |___| |_| |
  |_| |_____|____/ |_|   |____/ |_/_/   \_\_| \_\|_| |_____|____/ 

Calcular desconto com sucesso (fluxo básico)(req-1---calcular-desconto;calcular-desconto-com-sucesso-(fluxo-básico))
-------------------------------------------------------------------
6111 [main] DEBUG n.t.c.r.m.cucumber.CucumberParser - Added feature REQ-X - Formulário de Contato
6146 [main] DEBUG n.t.c.r.m.cucumber.CucumberParser - Added feature REQ-X - Calcular desconto
6170 [main] DEBUG n.t.c.r.m.cucumber.CucumberParser - Added feature REQ-1 - Calcular desconto
7803 [main] DEBUG n.t.core.steps.StepInterceptor - STARTING STEP: SharedSpecs.que_estou_na_página_inicial_do_sistema - acesse_pagina_inicial
11464 [main] DEBUG io.netty.handler.ssl.JdkSslContext - Default protocols (JDK): [TLSv1.2, TLSv1.1, TLSv1] 
11464 [main] DEBUG io.netty.handler.ssl.JdkSslContext - Default cipher suites (JDK): [TLS_ECDHE_ECDSA_WITH_AES_256_GCM_SHA384, TLS_ECDHE_ECDSA_WITH_AES_128_GCM_SHA256, TLS_ECDHE_RSA_WITH_AES_128_GCM_SHA256, TLS_ECDHE_RSA_WITH_AES_256_GCM_SHA384, TLS_ECDHE_RSA_WITH_AES_128_CBC_SHA, TLS_ECDHE_RSA_WITH_AES_256_CBC_SHA, TLS_RSA_WITH_AES_128_GCM_SHA256, TLS_RSA_WITH_AES_128_CBC_SHA, TLS_RSA_WITH_AES_256_CBC_SHA, TLS_AES_128_GCM_SHA256, TLS_AES_256_GCM_SHA384]
11581 [main] DEBUG i.n.c.MultithreadEventLoopGroup - -Dio.netty.eventLoopThreads: 8
11616 [main] DEBUG io.netty.channel.nio.NioEventLoop - -Dio.netty.noKeySetOptimization: false
11617 [main] DEBUG io.netty.channel.nio.NioEventLoop - -Dio.netty.selectorAutoRebuildThreshold: 512
11722 [main] DEBUG i.n.buffer.PooledByteBufAllocator - -Dio.netty.allocator.numHeapArenas: 8
11722 [main] DEBUG i.n.buffer.PooledByteBufAllocator - -Dio.netty.allocator.numDirectArenas: 8
11723 [main] DEBUG i.n.buffer.PooledByteBufAllocator - -Dio.netty.allocator.pageSize: 8192
11723 [main] DEBUG i.n.buffer.PooledByteBufAllocator - -Dio.netty.allocator.maxOrder: 11
11723 [main] DEBUG i.n.buffer.PooledByteBufAllocator - -Dio.netty.allocator.chunkSize: 16777216
11723 [main] DEBUG i.n.buffer.PooledByteBufAllocator - -Dio.netty.allocator.tinyCacheSize: 512
11723 [main] DEBUG i.n.buffer.PooledByteBufAllocator - -Dio.netty.allocator.smallCacheSize: 256
11723 [main] DEBUG i.n.buffer.PooledByteBufAllocator - -Dio.netty.allocator.normalCacheSize: 64
11723 [main] DEBUG i.n.buffer.PooledByteBufAllocator - -Dio.netty.allocator.maxCachedBufferCapacity: 32768
11724 [main] DEBUG i.n.buffer.PooledByteBufAllocator - -Dio.netty.allocator.cacheTrimInterval: 8192
11724 [main] DEBUG i.n.buffer.PooledByteBufAllocator - -Dio.netty.allocator.cacheTrimIntervalMillis: 0
11724 [main] DEBUG i.n.buffer.PooledByteBufAllocator - -Dio.netty.allocator.useCacheForAllThreads: true
11724 [main] DEBUG i.n.buffer.PooledByteBufAllocator - -Dio.netty.allocator.maxCachedByteBuffersPerChunk: 1023
11754 [main] DEBUG io.netty.buffer.ByteBufUtil - -Dio.netty.allocator.type: pooled
11754 [main] DEBUG io.netty.buffer.ByteBufUtil - -Dio.netty.threadLocalDirectBufferSize: 0
11754 [main] DEBUG io.netty.buffer.ByteBufUtil - -Dio.netty.maxThreadLocalCharBufferSize: 16384
13068 [Forwarding newSession on session null to remote] DEBUG io.netty.channel.DefaultChannelId - -Dio.netty.processId: 12800 (auto-detected)
13131 [Forwarding newSession on session null to remote] DEBUG io.netty.channel.DefaultChannelId - -Dio.netty.machineId: d4:3d:7e:ff:fe:7f:ea:c5 (auto-detected)
13325 [AsyncHttpClient-3-1] DEBUG io.netty.buffer.AbstractByteBuf - -Dio.netty.buffer.checkAccessible: true
13326 [AsyncHttpClient-3-1] DEBUG io.netty.buffer.AbstractByteBuf - -Dio.netty.buffer.checkBounds: true
21541 [main] DEBUG n.t.core.steps.StepInterceptor - STEP DONE: acesse_pagina_inicial
21598 [main] DEBUG n.t.core.steps.StepInterceptor - STARTING STEP: SharedSpecs.acesso_o_menu_para_o_calculo_do_desconto - acesse_pagina_desconto
22498 [main] DEBUG n.s.core.photography.Darkroom - Opening darkroom
22502 [Darkroom Processing Line] DEBUG n.s.c.p.DarkroomProcessingLine - Darkroom processing line starting up
23295 [main] DEBUG n.s.core.photography.Darkroom - Send negative for processing for target\site\serenity\8cc208cfab11ddb302463bcd907b64456645307452e34b85c88758e9452b2761.png
23297 [Darkroom Processing Line] DEBUG n.s.c.p.DarkroomProcessingLine - Processing screenshot image in /var/screenshots/screenshot-8550946980240088703
23297 [Darkroom Processing Line] DEBUG n.s.c.p.DarkroomProcessingLine - Saving screenshot to target\site\serenity\8cc208cfab11ddb302463bcd907b64456645307452e34b85c88758e9452b2761.png
23299 [main] DEBUG n.t.core.steps.StepInterceptor - STEP DONE: acesse_pagina_desconto
23737 [main] DEBUG n.s.core.photography.Darkroom - Send negative for processing for target\site\serenity\8cc208cfab11ddb302463bcd907b64456645307452e34b85c88758e9452b2761.png
23738 [main] DEBUG n.t.core.steps.StepInterceptor - STARTING STEP: Req001ClientASpecs.selecionoUmProduto - selecionar_produto
24838 [main] DEBUG n.s.core.photography.Darkroom - Send negative for processing for target\site\serenity\b6eed6a7956baa78f6fa9de214e2e22508073d48bd5247a02637ef3486d096c4.png
24839 [main] DEBUG n.t.core.steps.StepInterceptor - STEP DONE: selecionar_produto
24840 [Darkroom Processing Line] DEBUG n.s.c.p.DarkroomProcessingLine - Processing screenshot image in /var/screenshots/screenshot-15049299729247683057
24840 [Darkroom Processing Line] DEBUG n.s.c.p.DarkroomProcessingLine - Saving screenshot to target\site\serenity\b6eed6a7956baa78f6fa9de214e2e22508073d48bd5247a02637ef3486d096c4.png
25250 [main] DEBUG n.s.core.photography.Darkroom - Send negative for processing for target\site\serenity\b6eed6a7956baa78f6fa9de214e2e22508073d48bd5247a02637ef3486d096c4.png
25252 [main] DEBUG n.t.core.steps.StepInterceptor - STARTING STEP: Req001ClientASpecs.preencho_com_dados_do_cliente - informar_tipo_cliente
25888 [main] DEBUG n.s.core.photography.Darkroom - Send negative for processing for target\site\serenity\b6eed6a7956baa78f6fa9de214e2e22508073d48bd5247a02637ef3486d096c4.png
25888 [main] DEBUG n.t.core.steps.StepInterceptor - STEP DONE: informar_tipo_cliente
25894 [main] DEBUG n.t.core.steps.StepInterceptor - STARTING STEP: Req001ClientASpecs.preencho_com_dados_do_cliente - informar_qtd_iten
26599 [main] DEBUG n.s.core.photography.Darkroom - Send negative for processing for target\site\serenity\dab88b7e09fce633e6eb77813c156d77c34dd74d7c723d4b8b329d543288b7b7.png
26599 [main] DEBUG n.t.core.steps.StepInterceptor - STEP DONE: informar_qtd_iten
26600 [Darkroom Processing Line] DEBUG n.s.c.p.DarkroomProcessingLine - Processing screenshot image in /var/screenshots/screenshot-7992706442310006956
26601 [Darkroom Processing Line] DEBUG n.s.c.p.DarkroomProcessingLine - Saving screenshot to target\site\serenity\dab88b7e09fce633e6eb77813c156d77c34dd74d7c723d4b8b329d543288b7b7.png
26634 [main] DEBUG n.t.core.steps.StepInterceptor - STARTING STEP: Req001ClientASpecs.calculoDesconto - calcular_o_desconto
27553 [main] DEBUG n.s.core.photography.Darkroom - Send negative for processing for target\site\serenity\a9380fdee29a77db975fc486e8e4aaa44c96faab914a72ee5be31f583f03697c.png
27553 [main] DEBUG n.t.core.steps.StepInterceptor - STEP DONE: calcular_o_desconto
27554 [Darkroom Processing Line] DEBUG n.s.c.p.DarkroomProcessingLine - Processing screenshot image in /var/screenshots/screenshot-12440411546758394747
27554 [Darkroom Processing Line] DEBUG n.s.c.p.DarkroomProcessingLine - Saving screenshot to target\site\serenity\a9380fdee29a77db975fc486e8e4aaa44c96faab914a72ee5be31f583f03697c.png
27589 [main] DEBUG n.t.core.steps.StepInterceptor - STARTING STEP: Req001ClientASpecs.verifico_se_a_mensagem_foi_exibida_com_sucesso - verificar_mensagem_sucesso
28022 [main] DEBUG n.s.core.photography.Darkroom - Send negative for processing for target\site\serenity\a9380fdee29a77db975fc486e8e4aaa44c96faab914a72ee5be31f583f03697c.png
28023 [main] DEBUG n.t.core.steps.StepInterceptor - STEP DONE: verificar_mensagem_sucesso
31512 [main] INFO   - 
        __    _____ _____ ____ _____   ____   _    ____  ____  _____ ____  
  _     \ \  |_   _| ____/ ___|_   _| |  _ \ / \  / ___|/ ___|| ____|  _ \ 
 (_)_____| |   | | |  _| \___ \ | |   | |_) / _ \ \___ \\___ \|  _| | | | |
  _|_____| |   | | | |___ ___) || |   |  __/ ___ \ ___) |___) | |___| |_| |
 (_)     | |   |_| |_____|____/ |_|   |_| /_/   \_\____/|____/|_____|____/ 
        /_/                                                                

Calcular desconto com sucesso (fluxo básico)
----------------------------------------------------------------------------
31617 [main] DEBUG n.t.core.steps.StepInterceptor - STARTING STEP: SharedSpecs.que_estou_na_página_inicial_do_sistema - acesse_pagina_inicial
41158 [main] DEBUG n.t.core.steps.StepInterceptor - STEP DONE: acesse_pagina_inicial
41183 [main] DEBUG n.t.core.steps.StepInterceptor - STARTING STEP: SharedSpecs.acesso_o_menu_para_o_calculo_do_desconto - acesse_pagina_desconto
43036 [main] DEBUG n.s.core.photography.Darkroom - Send negative for processing for target\site\serenity\fe8b65b5ede37115ea0366163a12d08ab5a1b47a2fa3e76dc7e6551fdef91bc8.png
43038 [Darkroom Processing Line] DEBUG n.s.c.p.DarkroomProcessingLine - Processing screenshot image in /var/screenshots/screenshot-9093598208523347408
43038 [Darkroom Processing Line] DEBUG n.s.c.p.DarkroomProcessingLine - Saving screenshot to target\site\serenity\fe8b65b5ede37115ea0366163a12d08ab5a1b47a2fa3e76dc7e6551fdef91bc8.png
43045 [main] DEBUG n.t.core.steps.StepInterceptor - STEP DONE: acesse_pagina_desconto
43094 [main] DEBUG n.t.core.steps.StepInterceptor - STARTING STEP: Req001ClientASpecs.selecionoUmProduto - selecionar_produto
44146 [main] DEBUG n.s.core.photography.Darkroom - Send negative for processing for target\site\serenity\1890788da28f9ee75e0c7f871dd39810d2d73f831e38574d91a12ce255dd552d.png
44147 [main] DEBUG n.t.core.steps.StepInterceptor - STEP DONE: selecionar_produto
44148 [Darkroom Processing Line] DEBUG n.s.c.p.DarkroomProcessingLine - Processing screenshot image in /var/screenshots/screenshot-14676808634451233646
44148 [Darkroom Processing Line] DEBUG n.s.c.p.DarkroomProcessingLine - Saving screenshot to target\site\serenity\1890788da28f9ee75e0c7f871dd39810d2d73f831e38574d91a12ce255dd552d.png
44175 [main] DEBUG n.t.core.steps.StepInterceptor - STARTING STEP: Req001ClientASpecs.preencho_com_dados_do_cliente - informar_tipo_cliente
44764 [main] DEBUG n.s.core.photography.Darkroom - Send negative for processing for target\site\serenity\1890788da28f9ee75e0c7f871dd39810d2d73f831e38574d91a12ce255dd552d.png
44764 [main] DEBUG n.t.core.steps.StepInterceptor - STEP DONE: informar_tipo_cliente
44768 [main] DEBUG n.t.core.steps.StepInterceptor - STARTING STEP: Req001ClientASpecs.preencho_com_dados_do_cliente - informar_qtd_iten
45350 [main] DEBUG n.s.core.photography.Darkroom - Send negative for processing for target\site\serenity\3173940afdcc1165b4a8aaf1ebceadaaeb89f6c291704c26c4f59ef24ff611da.png
45351 [main] DEBUG n.t.core.steps.StepInterceptor - STEP DONE: informar_qtd_iten
45352 [Darkroom Processing Line] DEBUG n.s.c.p.DarkroomProcessingLine - Processing screenshot image in /var/screenshots/screenshot-4830292167477804279
45352 [Darkroom Processing Line] DEBUG n.s.c.p.DarkroomProcessingLine - Saving screenshot to target\site\serenity\3173940afdcc1165b4a8aaf1ebceadaaeb89f6c291704c26c4f59ef24ff611da.png
45377 [main] DEBUG n.t.core.steps.StepInterceptor - STARTING STEP: Req001ClientASpecs.calculoDesconto - calcular_o_desconto
46278 [main] DEBUG n.s.core.photography.Darkroom - Send negative for processing for target\site\serenity\afc62db0010a7086f6ab96bff3eee42b35778dc444ab6fd10ae45f8a5c13e2da.png
46279 [main] DEBUG n.t.core.steps.StepInterceptor - STEP DONE: calcular_o_desconto
46280 [Darkroom Processing Line] DEBUG n.s.c.p.DarkroomProcessingLine - Processing screenshot image in /var/screenshots/screenshot-6553068950840538149
46280 [Darkroom Processing Line] DEBUG n.s.c.p.DarkroomProcessingLine - Saving screenshot to target\site\serenity\afc62db0010a7086f6ab96bff3eee42b35778dc444ab6fd10ae45f8a5c13e2da.png
46305 [main] DEBUG n.t.core.steps.StepInterceptor - STARTING STEP: Req001ClientASpecs.verifico_se_a_mensagem_foi_exibida_com_sucesso - verificar_mensagem_sucesso
46678 [main] DEBUG n.s.core.photography.Darkroom - Send negative for processing for target\site\serenity\afc62db0010a7086f6ab96bff3eee42b35778dc444ab6fd10ae45f8a5c13e2da.png
46678 [main] DEBUG n.t.core.steps.StepInterceptor - STEP DONE: verificar_mensagem_sucesso
48631 [main] INFO   - 
        __    _____ _____ ____ _____   ____   _    ____  ____  _____ ____  
  _     \ \  |_   _| ____/ ___|_   _| |  _ \ / \  / ___|/ ___|| ____|  _ \ 
 (_)_____| |   | | |  _| \___ \ | |   | |_) / _ \ \___ \\___ \|  _| | | | |
  _|_____| |   | | | |___ ___) || |   |  __/ ___ \ ___) |___) | |___| |_| |
 (_)     | |   |_| |_____|____/ |_|   |_| /_/   \_\____/|____/|_____|____/ 
        /_/                                                                

Calcular desconto com sucesso (fluxo básico)
----------------------------------------------------------------------------
48676 [main] DEBUG n.t.core.steps.StepInterceptor - STARTING STEP: SharedSpecs.que_estou_na_página_inicial_do_sistema - acesse_pagina_inicial
57467 [main] DEBUG n.t.core.steps.StepInterceptor - STEP DONE: acesse_pagina_inicial
57489 [main] DEBUG n.t.core.steps.StepInterceptor - STARTING STEP: SharedSpecs.acesso_o_menu_para_o_calculo_do_desconto - acesse_pagina_desconto
58524 [main] DEBUG n.s.core.photography.Darkroom - Send negative for processing for target\site\serenity\2b64dfc2bc2aa910abfa5ff30b094808d1e0907169fc8188a651e22a94cecda6.png
58525 [main] DEBUG n.t.core.steps.StepInterceptor - STEP DONE: acesse_pagina_desconto
58526 [Darkroom Processing Line] DEBUG n.s.c.p.DarkroomProcessingLine - Processing screenshot image in /var/screenshots/screenshot-17664163810647674164
58526 [Darkroom Processing Line] DEBUG n.s.c.p.DarkroomProcessingLine - Saving screenshot to target\site\serenity\2b64dfc2bc2aa910abfa5ff30b094808d1e0907169fc8188a651e22a94cecda6.png
58561 [main] DEBUG n.t.core.steps.StepInterceptor - STARTING STEP: Req001ClientASpecs.selecionoUmProduto - selecionar_produto
59602 [main] DEBUG n.s.core.photography.Darkroom - Send negative for processing for target\site\serenity\609697e09210ccd956a41d961e8ed6971b601fd82b5710e73bcdd79022a9d388.png
59602 [main] DEBUG n.t.core.steps.StepInterceptor - STEP DONE: selecionar_produto
59603 [Darkroom Processing Line] DEBUG n.s.c.p.DarkroomProcessingLine - Processing screenshot image in /var/screenshots/screenshot-13249225940178735724
59603 [Darkroom Processing Line] DEBUG n.s.c.p.DarkroomProcessingLine - Saving screenshot to target\site\serenity\609697e09210ccd956a41d961e8ed6971b601fd82b5710e73bcdd79022a9d388.png
59628 [main] DEBUG n.t.core.steps.StepInterceptor - STARTING STEP: Req001ClientASpecs.preencho_com_dados_do_cliente - informar_tipo_cliente
60197 [main] DEBUG n.s.core.photography.Darkroom - Send negative for processing for target\site\serenity\609697e09210ccd956a41d961e8ed6971b601fd82b5710e73bcdd79022a9d388.png
60198 [main] DEBUG n.t.core.steps.StepInterceptor - STEP DONE: informar_tipo_cliente
60202 [main] DEBUG n.t.core.steps.StepInterceptor - STARTING STEP: Req001ClientASpecs.preencho_com_dados_do_cliente - informar_qtd_iten
60779 [main] DEBUG n.s.core.photography.Darkroom - Send negative for processing for target\site\serenity\e96516da4d6d29ea2078adaa48b72cc23e71bbfa38fdd8e7e3c180bab643ca65.png
60779 [main] DEBUG n.t.core.steps.StepInterceptor - STEP DONE: informar_qtd_iten
60780 [Darkroom Processing Line] DEBUG n.s.c.p.DarkroomProcessingLine - Processing screenshot image in /var/screenshots/screenshot-3497051410023231831
60780 [Darkroom Processing Line] DEBUG n.s.c.p.DarkroomProcessingLine - Saving screenshot to target\site\serenity\e96516da4d6d29ea2078adaa48b72cc23e71bbfa38fdd8e7e3c180bab643ca65.png
60805 [main] DEBUG n.t.core.steps.StepInterceptor - STARTING STEP: Req001ClientASpecs.calculoDesconto - calcular_o_desconto
61667 [main] DEBUG n.s.core.photography.Darkroom - Send negative for processing for target\site\serenity\79277ed2926bf774570dbd8cad93656baeaaa5d61d905902f8aabd2585013874.png
61667 [main] DEBUG n.t.core.steps.StepInterceptor - STEP DONE: calcular_o_desconto
61668 [Darkroom Processing Line] DEBUG n.s.c.p.DarkroomProcessingLine - Processing screenshot image in /var/screenshots/screenshot-1436859882520837412
61668 [Darkroom Processing Line] DEBUG n.s.c.p.DarkroomProcessingLine - Saving screenshot to target\site\serenity\79277ed2926bf774570dbd8cad93656baeaaa5d61d905902f8aabd2585013874.png
61691 [main] DEBUG n.t.core.steps.StepInterceptor - STARTING STEP: Req001ClientASpecs.verifico_se_a_mensagem_foi_exibida_com_sucesso - verificar_mensagem_sucesso
62062 [main] DEBUG n.s.core.photography.Darkroom - Send negative for processing for target\site\serenity\79277ed2926bf774570dbd8cad93656baeaaa5d61d905902f8aabd2585013874.png
62063 [main] DEBUG n.t.core.steps.StepInterceptor - STEP DONE: verificar_mensagem_sucesso
64259 [main] DEBUG n.t.core.reports.ReportService - Reporting formats: [JSON, HTML]
64609 [main] DEBUG n.t.core.reports.ReportService - Reporting formats: [JSON, HTML]
64624 [main] DEBUG n.t.core.reports.ReportService - Generating reports for 1 test outcomes using: net.thucydides.core.reports.json.JSONTestOutcomeReporter@35f22eef
64625 [pool-1-thread-1] DEBUG n.t.core.reports.ReportService - Processing test outcome REQ-1 - Calcular desconto:Calcular desconto com sucesso (fluxo básico)
64626 [pool-1-thread-1] DEBUG n.t.core.reports.ReportService - net.thucydides.core.reports.json.JSONTestOutcomeReporter@35f22eef: Generating report for test outcome: REQ-1 - Calcular desconto:Calcular desconto com sucesso (fluxo básico)
64637 [pool-1-thread-1] DEBUG n.t.c.r.j.JSONTestOutcomeReporter - Generating JSON report for Calcular desconto com sucesso (fluxo básico) to file C:\Users\artur.araujo\git\pos-testes-unitarios\target\site\serenity\42ed43431ee77761e55b24e7580fd0a5eacc1429d50837dbfd9658add2366bb3.json (using temp file C:\Users\artur.araujo\git\pos-testes-unitarios\target\site\serenity\42ed43431ee77761e55b24e7580fd0a5eacc1429d50837dbfd9658add2366bb3.jsonbc5154d6-bbbd-47a1-aaff-1b12ab16d2a3)
64724 [pool-1-thread-1] DEBUG n.t.core.reports.ReportService - Processing test outcome REQ-1 - Calcular desconto:Calcular desconto com sucesso (fluxo básico) done
64725 [main] DEBUG n.t.core.reports.ReportService - Shutting down executor service
64725 [main] DEBUG n.t.core.reports.ReportService - Reports generated in: 101 ms
64725 [main] DEBUG n.t.core.reports.ReportService - Generating reports for 1 test outcomes using: net.thucydides.core.reports.html.HtmlAcceptanceTestReporter@3130ca39
64726 [pool-2-thread-1] DEBUG n.t.core.reports.ReportService - Processing test outcome REQ-1 - Calcular desconto:Calcular desconto com sucesso (fluxo básico)
64726 [pool-2-thread-1] DEBUG n.t.core.reports.ReportService - net.thucydides.core.reports.html.HtmlAcceptanceTestReporter@3130ca39: Generating report for test outcome: REQ-1 - Calcular desconto:Calcular desconto com sucesso (fluxo básico)
64727 [pool-2-thread-1] DEBUG n.t.c.r.h.HtmlAcceptanceTestReporter - GENERATE TEST OUTCOME REPORT FOR Calcular desconto com sucesso (fluxo básico) in 42ed43431ee77761e55b24e7580fd0a5eacc1429d50837dbfd9658add2366bb3
64834 [pool-2-thread-1] DEBUG n.t.c.r.m.cucumber.CucumberParser - Added feature REQ-X - Formulário de Contato
64847 [pool-2-thread-1] DEBUG n.t.c.r.m.cucumber.CucumberParser - Added feature REQ-X - Calcular desconto
64861 [pool-2-thread-1] DEBUG n.t.c.r.m.cucumber.CucumberParser - Added feature REQ-1 - Calcular desconto
64862 [pool-2-thread-1] DEBUG n.t.c.r.RequirementsTagProvider -  found:[Requirement{name='REQ-X - Formulário de Contato', type='feature' parent = 'null', cardNumber='null'}, Requirement{name='REQ-X - Calcular desconto', type='feature' parent = 'null', cardNumber='null'}, Requirement{name='REQ-1 - Calcular desconto', type='feature' parent = 'null', cardNumber='null'}]
64874 [pool-2-thread-1] DEBUG n.t.c.r.BaseRequirementsService - Requirement found for test outcome Calcular desconto com sucesso (fluxo básico)-[]: Optional[Requirement{name='REQ-1 - Calcular desconto', type='feature' parent = 'null', cardNumber='null'}]
64878 [pool-2-thread-1] DEBUG n.t.c.r.BaseRequirementsService - Requirement found for test outcome Calcular desconto com sucesso (fluxo básico)-[]: Optional[Requirement{name='REQ-1 - Calcular desconto', type='feature' parent = 'null', cardNumber='null'}]
65038 [pool-2-thread-1] DEBUG n.t.c.r.BaseRequirementsService - Requirement found for test outcome Calcular desconto com sucesso (fluxo básico)-[]: Optional[Requirement{name='REQ-1 - Calcular desconto', type='feature' parent = 'null', cardNumber='null'}]
65041 [pool-2-thread-1] DEBUG n.t.c.r.BaseRequirementsService - Requirement found for test outcome Calcular desconto com sucesso (fluxo básico)-[]: Optional[Requirement{name='REQ-1 - Calcular desconto', type='feature' parent = 'null', cardNumber='null'}]
65338 [pool-2-thread-1] DEBUG n.t.c.r.h.HtmlAcceptanceTestReporter - Generating report in 42ed43431ee77761e55b24e7580fd0a5eacc1429d50837dbfd9658add2366bb3_screenshots.html
66669 [pool-2-thread-1] DEBUG n.t.c.r.h.HtmlAcceptanceTestReporter - Generated report 42ed43431ee77761e55b24e7580fd0a5eacc1429d50837dbfd9658add2366bb3_screenshots.html in 1330 ms
66672 [pool-2-thread-1] DEBUG n.t.c.r.h.HtmlAcceptanceTestReporter - GENERATING HTML REPORT FOR REQ-1 - Calcular desconto:Calcular desconto com sucesso (fluxo básico) in 42ed43431ee77761e55b24e7580fd0a5eacc1429d50837dbfd9658add2366bb3.html in directory target\site\serenity  
66680 [pool-2-thread-1] DEBUG n.t.c.r.h.HtmlAcceptanceTestReporter - Generating report in 42ed43431ee77761e55b24e7580fd0a5eacc1429d50837dbfd9658add2366bb3.html
83855 [pool-2-thread-1] DEBUG n.t.c.r.h.HtmlAcceptanceTestReporter - Generated report 42ed43431ee77761e55b24e7580fd0a5eacc1429d50837dbfd9658add2366bb3.html in 17175 ms
83856 [pool-2-thread-1] DEBUG n.t.core.reports.ReportService - Processing test outcome REQ-1 - Calcular desconto:Calcular desconto com sucesso (fluxo básico) done
83856 [main] DEBUG n.t.core.reports.ReportService - Shutting down executor service
83856 [main] DEBUG n.t.core.reports.ReportService - Reports generated in: 19131 ms
84102 [main] DEBUG n.s.core.photography.Darkroom - Closing darkroom
84103 [Darkroom Processing Line] DEBUG n.s.c.p.DarkroomProcessingLine - Darkroom processing line shutting down
4281 [main] INFO   - 

-------------------------------------------------------------------------------------
     _______. _______ .______       _______ .__   __.  __  .___________.____    ____ 
    /       ||   ____||   _  \     |   ____||  \ |  | |  | |           |\   \  /   / 
   |   (----`|  |__   |  |_)  |    |  |__   |   \|  | |  | `---|  |----` \   \/   /  
    \   \    |   __|  |      /     |   __|  |  . `  | |  |     |  |       \_    _/   
.----)   |   |  |____ |  |\  \----.|  |____ |  |\   | |  |     |  |         |  |     
|_______/    |_______|| _| `._____||_______||__| \__| |__|     |__|         |__|    
                                                                                     
 News and tutorials at http://www.serenity-bdd.info                                  
 Documentation at https://wakaleo.gitbooks.io/the-serenity-book/content/             
 Join the Serenity Community on Gitter: https://gitter.im/serenity-bdd/serenity-core 
 Serenity BDD Support and Training at http://serenity-bdd.info/#/trainingandsupport  
-------------------------------------------------------------------------------------

4298 [main] DEBUG n.t.core.steps.StepEventBus - Test suite started for story net.thucydides.core.model.Story@53d1bce7
4305 [main] INFO   - Test Suite Started: REQ-1 - Calcular desconto
5256 [main] INFO   - 
 _____ _____ ____ _____   ____ _____  _    ____ _____ _____ ____  
|_   _| ____/ ___|_   _| / ___|_   _|/ \  |  _ \_   _| ____|  _ \ 
  | | |  _| \___ \ | |   \___ \ | | / _ \ | |_) || | |  _| | | | |
  | | | |___ ___) || |    ___) || |/ ___ \|  _ < | | | |___| |_| |
  |_| |_____|____/ |_|   |____/ |_/_/   \_\_| \_\|_| |_____|____/ 

Calcular desconto com sucesso (fluxo básico)(req-1---calcular-desconto;calcular-desconto-com-sucesso-(fluxo-básico))
-------------------------------------------------------------------
5562 [main] DEBUG n.t.c.r.m.cucumber.CucumberParser - Added feature REQ-X - Formulário de Contato
5591 [main] DEBUG n.t.c.r.m.cucumber.CucumberParser - Added feature REQ-X - Calcular desconto
5606 [main] DEBUG n.t.c.r.m.cucumber.CucumberParser - Added feature REQ-1 - Calcular desconto
7136 [main] DEBUG n.t.core.steps.StepInterceptor - STARTING STEP: SharedSpecs.que_estou_na_página_inicial_do_sistema - acesse_pagina_inicial
10962 [main] DEBUG io.netty.handler.ssl.JdkSslContext - Default protocols (JDK): [TLSv1.2, TLSv1.1, TLSv1] 
10963 [main] DEBUG io.netty.handler.ssl.JdkSslContext - Default cipher suites (JDK): [TLS_ECDHE_ECDSA_WITH_AES_256_GCM_SHA384, TLS_ECDHE_ECDSA_WITH_AES_128_GCM_SHA256, TLS_ECDHE_RSA_WITH_AES_128_GCM_SHA256, TLS_ECDHE_RSA_WITH_AES_256_GCM_SHA384, TLS_ECDHE_RSA_WITH_AES_128_CBC_SHA, TLS_ECDHE_RSA_WITH_AES_256_CBC_SHA, TLS_RSA_WITH_AES_128_GCM_SHA256, TLS_RSA_WITH_AES_128_CBC_SHA, TLS_RSA_WITH_AES_256_CBC_SHA, TLS_AES_128_GCM_SHA256, TLS_AES_256_GCM_SHA384]
11067 [main] DEBUG i.n.c.MultithreadEventLoopGroup - -Dio.netty.eventLoopThreads: 8
11102 [main] DEBUG io.netty.channel.nio.NioEventLoop - -Dio.netty.noKeySetOptimization: false
11103 [main] DEBUG io.netty.channel.nio.NioEventLoop - -Dio.netty.selectorAutoRebuildThreshold: 512
11202 [main] DEBUG i.n.buffer.PooledByteBufAllocator - -Dio.netty.allocator.numHeapArenas: 8
11202 [main] DEBUG i.n.buffer.PooledByteBufAllocator - -Dio.netty.allocator.numDirectArenas: 8
11202 [main] DEBUG i.n.buffer.PooledByteBufAllocator - -Dio.netty.allocator.pageSize: 8192
11202 [main] DEBUG i.n.buffer.PooledByteBufAllocator - -Dio.netty.allocator.maxOrder: 11
11202 [main] DEBUG i.n.buffer.PooledByteBufAllocator - -Dio.netty.allocator.chunkSize: 16777216
11203 [main] DEBUG i.n.buffer.PooledByteBufAllocator - -Dio.netty.allocator.tinyCacheSize: 512
11203 [main] DEBUG i.n.buffer.PooledByteBufAllocator - -Dio.netty.allocator.smallCacheSize: 256
11203 [main] DEBUG i.n.buffer.PooledByteBufAllocator - -Dio.netty.allocator.normalCacheSize: 64
11203 [main] DEBUG i.n.buffer.PooledByteBufAllocator - -Dio.netty.allocator.maxCachedBufferCapacity: 32768
11203 [main] DEBUG i.n.buffer.PooledByteBufAllocator - -Dio.netty.allocator.cacheTrimInterval: 8192
11204 [main] DEBUG i.n.buffer.PooledByteBufAllocator - -Dio.netty.allocator.cacheTrimIntervalMillis: 0
11204 [main] DEBUG i.n.buffer.PooledByteBufAllocator - -Dio.netty.allocator.useCacheForAllThreads: true
11204 [main] DEBUG i.n.buffer.PooledByteBufAllocator - -Dio.netty.allocator.maxCachedByteBuffersPerChunk: 1023
11230 [main] DEBUG io.netty.buffer.ByteBufUtil - -Dio.netty.allocator.type: pooled
11231 [main] DEBUG io.netty.buffer.ByteBufUtil - -Dio.netty.threadLocalDirectBufferSize: 0
11231 [main] DEBUG io.netty.buffer.ByteBufUtil - -Dio.netty.maxThreadLocalCharBufferSize: 16384
12487 [Forwarding newSession on session null to remote] DEBUG io.netty.channel.DefaultChannelId - -Dio.netty.processId: 1480 (auto-detected)
12547 [Forwarding newSession on session null to remote] DEBUG io.netty.channel.DefaultChannelId - -Dio.netty.machineId: d4:3d:7e:ff:fe:7f:ea:c5 (auto-detected)
12757 [AsyncHttpClient-3-1] DEBUG io.netty.buffer.AbstractByteBuf - -Dio.netty.buffer.checkAccessible: true
12758 [AsyncHttpClient-3-1] DEBUG io.netty.buffer.AbstractByteBuf - -Dio.netty.buffer.checkBounds: true
21528 [main] DEBUG n.t.core.steps.StepInterceptor - STEP DONE: acesse_pagina_inicial
21581 [main] DEBUG n.t.core.steps.StepInterceptor - STARTING STEP: SharedSpecs.acesso_o_menu_para_o_calculo_do_desconto - acesse_pagina_desconto
22453 [main] DEBUG n.s.core.photography.Darkroom - Opening darkroom
22457 [Darkroom Processing Line] DEBUG n.s.c.p.DarkroomProcessingLine - Darkroom processing line starting up
23223 [main] DEBUG n.s.core.photography.Darkroom - Send negative for processing for target\site\serenity\a11953e5e88169d7ad6d0d567ac0b15442f6e81671643cabc409eb3f979f00ef.png
23225 [Darkroom Processing Line] DEBUG n.s.c.p.DarkroomProcessingLine - Processing screenshot image in /var/screenshots/screenshot-6913721557327582601
23225 [Darkroom Processing Line] DEBUG n.s.c.p.DarkroomProcessingLine - Saving screenshot to target\site\serenity\a11953e5e88169d7ad6d0d567ac0b15442f6e81671643cabc409eb3f979f00ef.png
23228 [main] DEBUG n.t.core.steps.StepInterceptor - STEP DONE: acesse_pagina_desconto
23632 [main] DEBUG n.s.core.photography.Darkroom - Send negative for processing for target\site\serenity\a11953e5e88169d7ad6d0d567ac0b15442f6e81671643cabc409eb3f979f00ef.png
23633 [main] DEBUG n.t.core.steps.StepInterceptor - STARTING STEP: Req001ClientASpecs.selecionoUmProduto - selecionarProduto
24711 [main] DEBUG n.s.core.photography.Darkroom - Send negative for processing for target\site\serenity\ac39279ad3b5caf547eba328c3e3512e212ab248a83a8d5d14fefb8a2163fb08.png
24711 [main] DEBUG n.t.core.steps.StepInterceptor - STEP DONE: selecionarProduto
24712 [Darkroom Processing Line] DEBUG n.s.c.p.DarkroomProcessingLine - Processing screenshot image in /var/screenshots/screenshot-9862241699146905425
24713 [Darkroom Processing Line] DEBUG n.s.c.p.DarkroomProcessingLine - Saving screenshot to target\site\serenity\ac39279ad3b5caf547eba328c3e3512e212ab248a83a8d5d14fefb8a2163fb08.png
24755 [main] DEBUG n.t.core.steps.StepInterceptor - STARTING STEP: Req001ClientASpecs.preenchoComDadosClienteA - informarTipoCliente
25397 [main] DEBUG n.s.core.photography.Darkroom - Send negative for processing for target\site\serenity\ac39279ad3b5caf547eba328c3e3512e212ab248a83a8d5d14fefb8a2163fb08.png
25398 [main] DEBUG n.t.core.steps.StepInterceptor - STEP DONE: informarTipoCliente
25403 [main] DEBUG n.t.core.steps.StepInterceptor - STARTING STEP: Req001ClientASpecs.preenchoComDadosClienteA - informarQuantidadeItens
26111 [main] DEBUG n.s.core.photography.Darkroom - Send negative for processing for target\site\serenity\89b9a14b3fb1e47c742f117c3393be9555e0d8c5945c45550855eee3933530b0.png
26112 [Darkroom Processing Line] DEBUG n.s.c.p.DarkroomProcessingLine - Processing screenshot image in /var/screenshots/screenshot-10143727119969491241
26113 [Darkroom Processing Line] DEBUG n.s.c.p.DarkroomProcessingLine - Saving screenshot to target\site\serenity\89b9a14b3fb1e47c742f117c3393be9555e0d8c5945c45550855eee3933530b0.png
26117 [main] DEBUG n.t.core.steps.StepInterceptor - STEP DONE: informarQuantidadeItens
26494 [main] DEBUG n.s.core.photography.Darkroom - Send negative for processing for target\site\serenity\8f4fa3408d953e67c8e014b6fb05bba2a2492a63dbf26c99ac96c9252d9e78ce.png
26496 [Darkroom Processing Line] DEBUG n.s.c.p.DarkroomProcessingLine - Processing screenshot image in /var/screenshots/screenshot-58548949479738716
26496 [Darkroom Processing Line] DEBUG n.s.c.p.DarkroomProcessingLine - Saving screenshot to target\site\serenity\8f4fa3408d953e67c8e014b6fb05bba2a2492a63dbf26c99ac96c9252d9e78ce.png
26518 [main] DEBUG n.t.core.steps.StepInterceptor - STARTING STEP: Req001ClientASpecs.calculoDesconto - calcularDesconto
27403 [main] DEBUG n.s.core.photography.Darkroom - Send negative for processing for target\site\serenity\efb6dd212babad2dc6c4a047cec73fe8c3be4e5152702d0a14aec3207d9e220a.png
27404 [main] DEBUG n.t.core.steps.StepInterceptor - STEP DONE: calcularDesconto
27405 [Darkroom Processing Line] DEBUG n.s.c.p.DarkroomProcessingLine - Processing screenshot image in /var/screenshots/screenshot-15045977495911321417
27405 [Darkroom Processing Line] DEBUG n.s.c.p.DarkroomProcessingLine - Saving screenshot to target\site\serenity\efb6dd212babad2dc6c4a047cec73fe8c3be4e5152702d0a14aec3207d9e220a.png
27434 [main] DEBUG n.t.core.steps.StepInterceptor - STARTING STEP: Req001ClientASpecs.verificoMensagemExibidaComSucesso - verificarMensagemSucesso
27825 [main] DEBUG n.s.core.photography.Darkroom - Send negative for processing for target\site\serenity\efb6dd212babad2dc6c4a047cec73fe8c3be4e5152702d0a14aec3207d9e220a.png
27825 [main] DEBUG n.t.core.steps.StepInterceptor - STEP DONE: verificarMensagemSucesso
31284 [main] INFO   - 
        __    _____ _____ ____ _____   ____   _    ____  ____  _____ ____  
  _     \ \  |_   _| ____/ ___|_   _| |  _ \ / \  / ___|/ ___|| ____|  _ \ 
 (_)_____| |   | | |  _| \___ \ | |   | |_) / _ \ \___ \\___ \|  _| | | | |
  _|_____| |   | | | |___ ___) || |   |  __/ ___ \ ___) |___) | |___| |_| |
 (_)     | |   |_| |_____|____/ |_|   |_| /_/   \_\____/|____/|_____|____/ 
        /_/                                                                

Calcular desconto com sucesso (fluxo básico)
----------------------------------------------------------------------------
31335 [main] DEBUG n.t.core.steps.StepInterceptor - STARTING STEP: SharedSpecs.que_estou_na_página_inicial_do_sistema - acesse_pagina_inicial
40730 [main] DEBUG n.t.core.steps.StepInterceptor - STEP DONE: acesse_pagina_inicial
40754 [main] DEBUG n.t.core.steps.StepInterceptor - STARTING STEP: SharedSpecs.acesso_o_menu_para_o_calculo_do_desconto - acesse_pagina_desconto
41810 [main] DEBUG n.s.core.photography.Darkroom - Send negative for processing for target\site\serenity\b8857938625790a34c7efd2cc80f63fb62b3049f9610c96e35abb037e401e050.png
41811 [main] DEBUG n.t.core.steps.StepInterceptor - STEP DONE: acesse_pagina_desconto
41812 [Darkroom Processing Line] DEBUG n.s.c.p.DarkroomProcessingLine - Processing screenshot image in /var/screenshots/screenshot-10832792378382469760
41812 [Darkroom Processing Line] DEBUG n.s.c.p.DarkroomProcessingLine - Saving screenshot to target\site\serenity\b8857938625790a34c7efd2cc80f63fb62b3049f9610c96e35abb037e401e050.png
41860 [main] DEBUG n.t.core.steps.StepInterceptor - STARTING STEP: Req001ClientASpecs.selecionoUmProduto - selecionarProduto
42913 [main] DEBUG n.s.core.photography.Darkroom - Send negative for processing for target\site\serenity\d85ed1dd76c649d7cf094577ee9a5a06856ee18ee6b943b939db0d825e57d0b7.png
42914 [main] DEBUG n.t.core.steps.StepInterceptor - STEP DONE: selecionarProduto
42915 [Darkroom Processing Line] DEBUG n.s.c.p.DarkroomProcessingLine - Processing screenshot image in /var/screenshots/screenshot-2403497237405759388
42915 [Darkroom Processing Line] DEBUG n.s.c.p.DarkroomProcessingLine - Saving screenshot to target\site\serenity\d85ed1dd76c649d7cf094577ee9a5a06856ee18ee6b943b939db0d825e57d0b7.png
42943 [main] DEBUG n.t.core.steps.StepInterceptor - STARTING STEP: Req001ClientASpecs.preenchoComDadosClienteA - informarTipoCliente
43510 [main] DEBUG n.s.core.photography.Darkroom - Send negative for processing for target\site\serenity\d85ed1dd76c649d7cf094577ee9a5a06856ee18ee6b943b939db0d825e57d0b7.png
43510 [main] DEBUG n.t.core.steps.StepInterceptor - STEP DONE: informarTipoCliente
43515 [main] DEBUG n.t.core.steps.StepInterceptor - STARTING STEP: Req001ClientASpecs.preenchoComDadosClienteA - informarQuantidadeItens
44119 [main] DEBUG n.s.core.photography.Darkroom - Send negative for processing for target\site\serenity\bf0704440bd68359785b9d695d998952af4a9dc039843256730a6ce43264a107.png
44120 [main] DEBUG n.t.core.steps.StepInterceptor - STEP DONE: informarQuantidadeItens
44121 [Darkroom Processing Line] DEBUG n.s.c.p.DarkroomProcessingLine - Processing screenshot image in /var/screenshots/screenshot-14158146971345089069
44121 [Darkroom Processing Line] DEBUG n.s.c.p.DarkroomProcessingLine - Saving screenshot to target\site\serenity\bf0704440bd68359785b9d695d998952af4a9dc039843256730a6ce43264a107.png
44146 [main] DEBUG n.t.core.steps.StepInterceptor - STARTING STEP: Req001ClientASpecs.calculoDesconto - calcularDesconto
45033 [main] DEBUG n.s.core.photography.Darkroom - Send negative for processing for target\site\serenity\ef269cb20ed9160dc0801483b838ed2ef2ed53b9a33c726c7bba23d34b2021f9.png
45034 [main] DEBUG n.t.core.steps.StepInterceptor - STEP DONE: calcularDesconto
45035 [Darkroom Processing Line] DEBUG n.s.c.p.DarkroomProcessingLine - Processing screenshot image in /var/screenshots/screenshot-5206794383153987589
45035 [Darkroom Processing Line] DEBUG n.s.c.p.DarkroomProcessingLine - Saving screenshot to target\site\serenity\ef269cb20ed9160dc0801483b838ed2ef2ed53b9a33c726c7bba23d34b2021f9.png
45060 [main] DEBUG n.t.core.steps.StepInterceptor - STARTING STEP: Req001ClientASpecs.verificoMensagemExibidaComSucesso - verificarMensagemSucesso
45437 [main] DEBUG n.s.core.photography.Darkroom - Send negative for processing for target\site\serenity\ef269cb20ed9160dc0801483b838ed2ef2ed53b9a33c726c7bba23d34b2021f9.png
45438 [main] DEBUG n.t.core.steps.StepInterceptor - STEP DONE: verificarMensagemSucesso
47588 [main] INFO   - 
        __    _____ _____ ____ _____   ____   _    ____  ____  _____ ____  
  _     \ \  |_   _| ____/ ___|_   _| |  _ \ / \  / ___|/ ___|| ____|  _ \ 
 (_)_____| |   | | |  _| \___ \ | |   | |_) / _ \ \___ \\___ \|  _| | | | |
  _|_____| |   | | | |___ ___) || |   |  __/ ___ \ ___) |___) | |___| |_| |
 (_)     | |   |_| |_____|____/ |_|   |_| /_/   \_\____/|____/|_____|____/ 
        /_/                                                                

Calcular desconto com sucesso (fluxo básico)
----------------------------------------------------------------------------
47635 [main] DEBUG n.t.core.steps.StepInterceptor - STARTING STEP: SharedSpecs.que_estou_na_página_inicial_do_sistema - acesse_pagina_inicial
57271 [main] DEBUG n.t.core.steps.StepInterceptor - STEP DONE: acesse_pagina_inicial
57295 [main] DEBUG n.t.core.steps.StepInterceptor - STARTING STEP: SharedSpecs.acesso_o_menu_para_o_calculo_do_desconto - acesse_pagina_desconto
58297 [main] DEBUG n.s.core.photography.Darkroom - Send negative for processing for target\site\serenity\3caa939ee06e7aa0c7b982b289e82992fd607855210f18f5025ba67b5e1c537b.png
58298 [main] DEBUG n.t.core.steps.StepInterceptor - STEP DONE: acesse_pagina_desconto
58299 [Darkroom Processing Line] DEBUG n.s.c.p.DarkroomProcessingLine - Processing screenshot image in /var/screenshots/screenshot-15104090711993141440
58299 [Darkroom Processing Line] DEBUG n.s.c.p.DarkroomProcessingLine - Saving screenshot to target\site\serenity\3caa939ee06e7aa0c7b982b289e82992fd607855210f18f5025ba67b5e1c537b.png
58332 [main] DEBUG n.t.core.steps.StepInterceptor - STARTING STEP: Req001ClientASpecs.selecionoUmProduto - selecionarProduto
59343 [main] DEBUG n.s.core.photography.Darkroom - Send negative for processing for target\site\serenity\ed0224e6e3a323a4ee00701c8c5ea933400825a6e5ff419cca0068e12688991f.png
59343 [main] DEBUG n.t.core.steps.StepInterceptor - STEP DONE: selecionarProduto
59344 [Darkroom Processing Line] DEBUG n.s.c.p.DarkroomProcessingLine - Processing screenshot image in /var/screenshots/screenshot-17975998648185961490
59345 [Darkroom Processing Line] DEBUG n.s.c.p.DarkroomProcessingLine - Saving screenshot to target\site\serenity\ed0224e6e3a323a4ee00701c8c5ea933400825a6e5ff419cca0068e12688991f.png
59369 [main] DEBUG n.t.core.steps.StepInterceptor - STARTING STEP: Req001ClientASpecs.preenchoComDadosClienteA - informarTipoCliente
59918 [main] DEBUG n.s.core.photography.Darkroom - Send negative for processing for target\site\serenity\ed0224e6e3a323a4ee00701c8c5ea933400825a6e5ff419cca0068e12688991f.png
59918 [main] DEBUG n.t.core.steps.StepInterceptor - STEP DONE: informarTipoCliente
59922 [main] DEBUG n.t.core.steps.StepInterceptor - STARTING STEP: Req001ClientASpecs.preenchoComDadosClienteA - informarQuantidadeItens
60478 [main] DEBUG n.s.core.photography.Darkroom - Send negative for processing for target\site\serenity\6ffc0caa4a254ed9941432c35499c729cc18f78a81619262d8235d470af7c35d.png
60479 [main] DEBUG n.t.core.steps.StepInterceptor - STEP DONE: informarQuantidadeItens
60480 [Darkroom Processing Line] DEBUG n.s.c.p.DarkroomProcessingLine - Processing screenshot image in /var/screenshots/screenshot-16878096351755732526
60480 [Darkroom Processing Line] DEBUG n.s.c.p.DarkroomProcessingLine - Saving screenshot to target\site\serenity\6ffc0caa4a254ed9941432c35499c729cc18f78a81619262d8235d470af7c35d.png
60501 [main] DEBUG n.t.core.steps.StepInterceptor - STARTING STEP: Req001ClientASpecs.calculoDesconto - calcularDesconto
61345 [main] DEBUG n.s.core.photography.Darkroom - Send negative for processing for target\site\serenity\ab07e8d1a226ff96f7b51ef4c8fe2e249d818d0eacf28f489e6f0494fe5318cb.png
61346 [main] DEBUG n.t.core.steps.StepInterceptor - STEP DONE: calcularDesconto
61347 [Darkroom Processing Line] DEBUG n.s.c.p.DarkroomProcessingLine - Processing screenshot image in /var/screenshots/screenshot-6865705775434586887
61347 [Darkroom Processing Line] DEBUG n.s.c.p.DarkroomProcessingLine - Saving screenshot to target\site\serenity\ab07e8d1a226ff96f7b51ef4c8fe2e249d818d0eacf28f489e6f0494fe5318cb.png
61369 [main] DEBUG n.t.core.steps.StepInterceptor - STARTING STEP: Req001ClientASpecs.verificoMensagemExibidaComSucesso - verificarMensagemSucesso
61721 [main] DEBUG n.s.core.photography.Darkroom - Send negative for processing for target\site\serenity\ab07e8d1a226ff96f7b51ef4c8fe2e249d818d0eacf28f489e6f0494fe5318cb.png
61721 [main] DEBUG n.t.core.steps.StepInterceptor - STEP DONE: verificarMensagemSucesso
63874 [main] DEBUG n.t.core.reports.ReportService - Reporting formats: [JSON, HTML]
64199 [main] DEBUG n.t.core.reports.ReportService - Reporting formats: [JSON, HTML]
64212 [main] DEBUG n.t.core.reports.ReportService - Generating reports for 1 test outcomes using: net.thucydides.core.reports.json.JSONTestOutcomeReporter@9a07409
64214 [pool-1-thread-1] DEBUG n.t.core.reports.ReportService - Processing test outcome REQ-1 - Calcular desconto:Calcular desconto com sucesso (fluxo básico)
64214 [pool-1-thread-1] DEBUG n.t.core.reports.ReportService - net.thucydides.core.reports.json.JSONTestOutcomeReporter@9a07409: Generating report for test outcome: REQ-1 - Calcular desconto:Calcular desconto com sucesso (fluxo básico)
64223 [pool-1-thread-1] DEBUG n.t.c.r.j.JSONTestOutcomeReporter - Generating JSON report for Calcular desconto com sucesso (fluxo básico) to file C:\Users\artur.araujo\git\pos-testes-unitarios\target\site\serenity\42ed43431ee77761e55b24e7580fd0a5eacc1429d50837dbfd9658add2366bb3.json (using temp file C:\Users\artur.araujo\git\pos-testes-unitarios\target\site\serenity\42ed43431ee77761e55b24e7580fd0a5eacc1429d50837dbfd9658add2366bb3.jsoncd95b3eb-d4ba-4dcb-ae55-602073187795)
64307 [pool-1-thread-1] DEBUG n.t.core.reports.ReportService - Processing test outcome REQ-1 - Calcular desconto:Calcular desconto com sucesso (fluxo básico) done
64307 [main] DEBUG n.t.core.reports.ReportService - Shutting down executor service
64307 [main] DEBUG n.t.core.reports.ReportService - Reports generated in: 95 ms
64308 [main] DEBUG n.t.core.reports.ReportService - Generating reports for 1 test outcomes using: net.thucydides.core.reports.html.HtmlAcceptanceTestReporter@8c3b634
64309 [pool-2-thread-1] DEBUG n.t.core.reports.ReportService - Processing test outcome REQ-1 - Calcular desconto:Calcular desconto com sucesso (fluxo básico)
64309 [pool-2-thread-1] DEBUG n.t.core.reports.ReportService - net.thucydides.core.reports.html.HtmlAcceptanceTestReporter@8c3b634: Generating report for test outcome: REQ-1 - Calcular desconto:Calcular desconto com sucesso (fluxo básico)
64310 [pool-2-thread-1] DEBUG n.t.c.r.h.HtmlAcceptanceTestReporter - GENERATE TEST OUTCOME REPORT FOR Calcular desconto com sucesso (fluxo básico) in 42ed43431ee77761e55b24e7580fd0a5eacc1429d50837dbfd9658add2366bb3
64413 [pool-2-thread-1] DEBUG n.t.c.r.m.cucumber.CucumberParser - Added feature REQ-X - Formulário de Contato
64425 [pool-2-thread-1] DEBUG n.t.c.r.m.cucumber.CucumberParser - Added feature REQ-X - Calcular desconto
64437 [pool-2-thread-1] DEBUG n.t.c.r.m.cucumber.CucumberParser - Added feature REQ-1 - Calcular desconto
64438 [pool-2-thread-1] DEBUG n.t.c.r.RequirementsTagProvider -  found:[Requirement{name='REQ-X - Formulário de Contato', type='feature' parent = 'null', cardNumber='null'}, Requirement{name='REQ-X - Calcular desconto', type='feature' parent = 'null', cardNumber='null'}, Requirement{name='REQ-1 - Calcular desconto', type='feature' parent = 'null', cardNumber='null'}]
64448 [pool-2-thread-1] DEBUG n.t.c.r.BaseRequirementsService - Requirement found for test outcome Calcular desconto com sucesso (fluxo básico)-[]: Optional[Requirement{name='REQ-1 - Calcular desconto', type='feature' parent = 'null', cardNumber='null'}]
64452 [pool-2-thread-1] DEBUG n.t.c.r.BaseRequirementsService - Requirement found for test outcome Calcular desconto com sucesso (fluxo básico)-[]: Optional[Requirement{name='REQ-1 - Calcular desconto', type='feature' parent = 'null', cardNumber='null'}]
64602 [pool-2-thread-1] DEBUG n.t.c.r.BaseRequirementsService - Requirement found for test outcome Calcular desconto com sucesso (fluxo básico)-[]: Optional[Requirement{name='REQ-1 - Calcular desconto', type='feature' parent = 'null', cardNumber='null'}]
64603 [pool-2-thread-1] DEBUG n.t.c.r.BaseRequirementsService - Requirement found for test outcome Calcular desconto com sucesso (fluxo básico)-[]: Optional[Requirement{name='REQ-1 - Calcular desconto', type='feature' parent = 'null', cardNumber='null'}]
64875 [pool-2-thread-1] DEBUG n.t.c.r.h.HtmlAcceptanceTestReporter - Generating report in 42ed43431ee77761e55b24e7580fd0a5eacc1429d50837dbfd9658add2366bb3_screenshots.html
66107 [pool-2-thread-1] DEBUG n.t.c.r.h.HtmlAcceptanceTestReporter - Generated report 42ed43431ee77761e55b24e7580fd0a5eacc1429d50837dbfd9658add2366bb3_screenshots.html in 1232 ms
66109 [pool-2-thread-1] DEBUG n.t.c.r.h.HtmlAcceptanceTestReporter - GENERATING HTML REPORT FOR REQ-1 - Calcular desconto:Calcular desconto com sucesso (fluxo básico) in 42ed43431ee77761e55b24e7580fd0a5eacc1429d50837dbfd9658add2366bb3.html in directory target\site\serenity  
66117 [pool-2-thread-1] DEBUG n.t.c.r.h.HtmlAcceptanceTestReporter - Generating report in 42ed43431ee77761e55b24e7580fd0a5eacc1429d50837dbfd9658add2366bb3.html
81789 [pool-2-thread-1] DEBUG n.t.c.r.h.HtmlAcceptanceTestReporter - Generated report 42ed43431ee77761e55b24e7580fd0a5eacc1429d50837dbfd9658add2366bb3.html in 15672 ms
81790 [pool-2-thread-1] DEBUG n.t.core.reports.ReportService - Processing test outcome REQ-1 - Calcular desconto:Calcular desconto com sucesso (fluxo básico) done
81790 [main] DEBUG n.t.core.reports.ReportService - Shutting down executor service
81790 [main] DEBUG n.t.core.reports.ReportService - Reports generated in: 17482 ms
81997 [main] DEBUG n.s.core.photography.Darkroom - Closing darkroom
81997 [Darkroom Processing Line] DEBUG n.s.c.p.DarkroomProcessingLine - Darkroom processing line shutting down
4233 [main] INFO   - 

-------------------------------------------------------------------------------------
     _______. _______ .______       _______ .__   __.  __  .___________.____    ____ 
    /       ||   ____||   _  \     |   ____||  \ |  | |  | |           |\   \  /   / 
   |   (----`|  |__   |  |_)  |    |  |__   |   \|  | |  | `---|  |----` \   \/   /  
    \   \    |   __|  |      /     |   __|  |  . `  | |  |     |  |       \_    _/   
.----)   |   |  |____ |  |\  \----.|  |____ |  |\   | |  |     |  |         |  |     
|_______/    |_______|| _| `._____||_______||__| \__| |__|     |__|         |__|    
                                                                                     
 News and tutorials at http://www.serenity-bdd.info                                  
 Documentation at https://wakaleo.gitbooks.io/the-serenity-book/content/             
 Join the Serenity Community on Gitter: https://gitter.im/serenity-bdd/serenity-core 
 Serenity BDD Support and Training at http://serenity-bdd.info/#/trainingandsupport  
-------------------------------------------------------------------------------------

4251 [main] DEBUG n.t.core.steps.StepEventBus - Test suite started for story net.thucydides.core.model.Story@53d1bce7
4259 [main] INFO   - Test Suite Started: REQ-1 - Calcular desconto
5224 [main] INFO   - 
 _____ _____ ____ _____   ____ _____  _    ____ _____ _____ ____  
|_   _| ____/ ___|_   _| / ___|_   _|/ \  |  _ \_   _| ____|  _ \ 
  | | |  _| \___ \ | |   \___ \ | | / _ \ | |_) || | |  _| | | | |
  | | | |___ ___) || |    ___) || |/ ___ \|  _ < | | | |___| |_| |
  |_| |_____|____/ |_|   |____/ |_/_/   \_\_| \_\|_| |_____|____/ 

Calcular desconto com sucesso (fluxo básico)(req-1---calcular-desconto;calcular-desconto-com-sucesso-(fluxo-básico))
-------------------------------------------------------------------
5541 [main] DEBUG n.t.c.r.m.cucumber.CucumberParser - Added feature REQ-X - Formulário de Contato
5572 [main] DEBUG n.t.c.r.m.cucumber.CucumberParser - Added feature REQ-X - Calcular desconto
5590 [main] DEBUG n.t.c.r.m.cucumber.CucumberParser - Added feature REQ-1 - Calcular desconto
7087 [main] DEBUG n.t.core.steps.StepInterceptor - STARTING STEP: SharedSpecs.que_estou_na_página_inicial_do_sistema - acesse_pagina_inicial
10468 [main] DEBUG io.netty.handler.ssl.JdkSslContext - Default protocols (JDK): [TLSv1.2, TLSv1.1, TLSv1] 
10469 [main] DEBUG io.netty.handler.ssl.JdkSslContext - Default cipher suites (JDK): [TLS_ECDHE_ECDSA_WITH_AES_256_GCM_SHA384, TLS_ECDHE_ECDSA_WITH_AES_128_GCM_SHA256, TLS_ECDHE_RSA_WITH_AES_128_GCM_SHA256, TLS_ECDHE_RSA_WITH_AES_256_GCM_SHA384, TLS_ECDHE_RSA_WITH_AES_128_CBC_SHA, TLS_ECDHE_RSA_WITH_AES_256_CBC_SHA, TLS_RSA_WITH_AES_128_GCM_SHA256, TLS_RSA_WITH_AES_128_CBC_SHA, TLS_RSA_WITH_AES_256_CBC_SHA, TLS_AES_128_GCM_SHA256, TLS_AES_256_GCM_SHA384]
10579 [main] DEBUG i.n.c.MultithreadEventLoopGroup - -Dio.netty.eventLoopThreads: 8
10612 [main] DEBUG io.netty.channel.nio.NioEventLoop - -Dio.netty.noKeySetOptimization: false
10612 [main] DEBUG io.netty.channel.nio.NioEventLoop - -Dio.netty.selectorAutoRebuildThreshold: 512
10714 [main] DEBUG i.n.buffer.PooledByteBufAllocator - -Dio.netty.allocator.numHeapArenas: 8
10714 [main] DEBUG i.n.buffer.PooledByteBufAllocator - -Dio.netty.allocator.numDirectArenas: 8
10714 [main] DEBUG i.n.buffer.PooledByteBufAllocator - -Dio.netty.allocator.pageSize: 8192
10714 [main] DEBUG i.n.buffer.PooledByteBufAllocator - -Dio.netty.allocator.maxOrder: 11
10715 [main] DEBUG i.n.buffer.PooledByteBufAllocator - -Dio.netty.allocator.chunkSize: 16777216
10715 [main] DEBUG i.n.buffer.PooledByteBufAllocator - -Dio.netty.allocator.tinyCacheSize: 512
10715 [main] DEBUG i.n.buffer.PooledByteBufAllocator - -Dio.netty.allocator.smallCacheSize: 256
10715 [main] DEBUG i.n.buffer.PooledByteBufAllocator - -Dio.netty.allocator.normalCacheSize: 64
10715 [main] DEBUG i.n.buffer.PooledByteBufAllocator - -Dio.netty.allocator.maxCachedBufferCapacity: 32768
10715 [main] DEBUG i.n.buffer.PooledByteBufAllocator - -Dio.netty.allocator.cacheTrimInterval: 8192
10715 [main] DEBUG i.n.buffer.PooledByteBufAllocator - -Dio.netty.allocator.cacheTrimIntervalMillis: 0
10716 [main] DEBUG i.n.buffer.PooledByteBufAllocator - -Dio.netty.allocator.useCacheForAllThreads: true
10716 [main] DEBUG i.n.buffer.PooledByteBufAllocator - -Dio.netty.allocator.maxCachedByteBuffersPerChunk: 1023
10743 [main] DEBUG io.netty.buffer.ByteBufUtil - -Dio.netty.allocator.type: pooled
10744 [main] DEBUG io.netty.buffer.ByteBufUtil - -Dio.netty.threadLocalDirectBufferSize: 0
10745 [main] DEBUG io.netty.buffer.ByteBufUtil - -Dio.netty.maxThreadLocalCharBufferSize: 16384
11991 [Forwarding newSession on session null to remote] DEBUG io.netty.channel.DefaultChannelId - -Dio.netty.processId: 15264 (auto-detected)
12052 [Forwarding newSession on session null to remote] DEBUG io.netty.channel.DefaultChannelId - -Dio.netty.machineId: d4:3d:7e:ff:fe:7f:ea:c5 (auto-detected)
12237 [AsyncHttpClient-3-1] DEBUG io.netty.buffer.AbstractByteBuf - -Dio.netty.buffer.checkAccessible: true
12238 [AsyncHttpClient-3-1] DEBUG io.netty.buffer.AbstractByteBuf - -Dio.netty.buffer.checkBounds: true
19940 [main] DEBUG n.t.core.steps.StepInterceptor - STEP DONE: acesse_pagina_inicial
19991 [main] DEBUG n.t.core.steps.StepInterceptor - STARTING STEP: SharedSpecs.acesso_o_menu_para_o_calculo_do_desconto - acesse_pagina_desconto
20861 [main] DEBUG n.s.core.photography.Darkroom - Opening darkroom
20869 [Darkroom Processing Line] DEBUG n.s.c.p.DarkroomProcessingLine - Darkroom processing line starting up
21605 [main] DEBUG n.s.core.photography.Darkroom - Send negative for processing for target\site\serenity\a5f4b8119eb09152dd4b5c6848b745279ca594d904ee28213f677eb35ea01378.png
21606 [Darkroom Processing Line] DEBUG n.s.c.p.DarkroomProcessingLine - Processing screenshot image in /var/screenshots/screenshot-4732847898831569253
21606 [Darkroom Processing Line] DEBUG n.s.c.p.DarkroomProcessingLine - Saving screenshot to target\site\serenity\a5f4b8119eb09152dd4b5c6848b745279ca594d904ee28213f677eb35ea01378.png
21609 [main] DEBUG n.t.core.steps.StepInterceptor - STEP DONE: acesse_pagina_desconto
22061 [main] DEBUG n.s.core.photography.Darkroom - Send negative for processing for target\site\serenity\a5f4b8119eb09152dd4b5c6848b745279ca594d904ee28213f677eb35ea01378.png
22062 [main] DEBUG n.t.core.steps.StepInterceptor - STARTING STEP: Req001ClientASpecs.selecionoUmProduto - selecionarProduto
23130 [main] DEBUG n.s.core.photography.Darkroom - Send negative for processing for target\site\serenity\2166530cf1d38769c5c8e3c4e50167336ebe9b7dfc70923642a824937f5ccd84.png
23131 [main] DEBUG n.t.core.steps.StepInterceptor - STEP DONE: selecionarProduto
23132 [Darkroom Processing Line] DEBUG n.s.c.p.DarkroomProcessingLine - Processing screenshot image in /var/screenshots/screenshot-10502109772023524165
23132 [Darkroom Processing Line] DEBUG n.s.c.p.DarkroomProcessingLine - Saving screenshot to target\site\serenity\2166530cf1d38769c5c8e3c4e50167336ebe9b7dfc70923642a824937f5ccd84.png
23528 [main] DEBUG n.s.core.photography.Darkroom - Send negative for processing for target\site\serenity\2166530cf1d38769c5c8e3c4e50167336ebe9b7dfc70923642a824937f5ccd84.png
23529 [main] DEBUG n.t.core.steps.StepInterceptor - STARTING STEP: Req001ClientASpecs.preenchoComDadosClienteA - informarTipoCliente
24112 [main] DEBUG n.s.core.photography.Darkroom - Send negative for processing for target\site\serenity\2166530cf1d38769c5c8e3c4e50167336ebe9b7dfc70923642a824937f5ccd84.png
24113 [main] DEBUG n.t.core.steps.StepInterceptor - STEP DONE: informarTipoCliente
24118 [main] DEBUG n.t.core.steps.StepInterceptor - STARTING STEP: Req001ClientASpecs.preenchoComDadosClienteA - informarQuantidadeItens
24733 [main] DEBUG n.s.core.photography.Darkroom - Send negative for processing for target\site\serenity\5304fefbd4f993a3f783711b78928dda59e5a3eddee83114a3ddb58847576a1a.png
24734 [main] DEBUG n.t.core.steps.StepInterceptor - STEP DONE: informarQuantidadeItens
24735 [Darkroom Processing Line] DEBUG n.s.c.p.DarkroomProcessingLine - Processing screenshot image in /var/screenshots/screenshot-4111044522964308203
24735 [Darkroom Processing Line] DEBUG n.s.c.p.DarkroomProcessingLine - Saving screenshot to target\site\serenity\5304fefbd4f993a3f783711b78928dda59e5a3eddee83114a3ddb58847576a1a.png
24764 [main] DEBUG n.t.core.steps.StepInterceptor - STARTING STEP: Req001ClientASpecs.calculoDesconto - calcularDesconto
30505 [main] DEBUG n.s.core.photography.Darkroom - Send negative for processing for target\site\serenity\cf422b68f1d7b6a39e2a443cd51e54cf3d7d2b30507f3fcd4b1465686bf8aa6b.png
30505 [main] DEBUG n.t.core.steps.StepInterceptor - STEP DONE: calcularDesconto
30506 [Darkroom Processing Line] DEBUG n.s.c.p.DarkroomProcessingLine - Processing screenshot image in /var/screenshots/screenshot-7792664369531126906
30507 [Darkroom Processing Line] DEBUG n.s.c.p.DarkroomProcessingLine - Saving screenshot to target\site\serenity\cf422b68f1d7b6a39e2a443cd51e54cf3d7d2b30507f3fcd4b1465686bf8aa6b.png
30537 [main] DEBUG n.t.core.steps.StepInterceptor - STARTING STEP: Req001ClientASpecs.verificoMensagemExibidaComSucesso - verificarMensagemSucesso
30926 [main] DEBUG n.s.core.photography.Darkroom - Send negative for processing for target\site\serenity\cf422b68f1d7b6a39e2a443cd51e54cf3d7d2b30507f3fcd4b1465686bf8aa6b.png
34258 [main] ERROR  - 
           __  _____ _____ ____ _____   _____ _    ___ _     _____ ____  
  _       / / |_   _| ____/ ___|_   _| |  ___/ \  |_ _| |   | ____|  _ \ 
 (_)_____| |    | | |  _| \___ \ | |   | |_ / _ \  | || |   |  _| | | | |
  _|_____| |    | | | |___ ___) || |   |  _/ ___ \ | || |___| |___| |_| |
 (_)     | |    |_| |_____|____/ |_|   |_|/_/   \_\___|_____|_____|____/ 
          \_\                                                            

Calcular desconto com sucesso (fluxo básico)
--------------------------------------------------------------------------
34263 [main] DEBUG  - RELATED ISSUES: 
34494 [main] ERROR  -     Test failed at step: Verificar mensagem sucesso
34495 [main] ERROR  -     Expected: a string containing "Operação realizada com sucesso!" ignoring case but: was "Código do Produto:"
34553 [main] DEBUG n.t.core.steps.StepInterceptor - STARTING STEP: SharedSpecs.que_estou_na_página_inicial_do_sistema - acesse_pagina_inicial
43391 [main] DEBUG n.t.core.steps.StepInterceptor - STEP DONE: acesse_pagina_inicial
43412 [main] DEBUG n.t.core.steps.StepInterceptor - STARTING STEP: SharedSpecs.acesso_o_menu_para_o_calculo_do_desconto - acesse_pagina_desconto
44379 [main] DEBUG n.s.core.photography.Darkroom - Send negative for processing for target\site\serenity\f1d89d2878e94ed7bdc7aadd9045e9f5a22454a721f432d103ec8b742e763602.png
44380 [main] DEBUG n.t.core.steps.StepInterceptor - STEP DONE: acesse_pagina_desconto
44381 [Darkroom Processing Line] DEBUG n.s.c.p.DarkroomProcessingLine - Processing screenshot image in /var/screenshots/screenshot-7020446755071015666
44381 [Darkroom Processing Line] DEBUG n.s.c.p.DarkroomProcessingLine - Saving screenshot to target\site\serenity\f1d89d2878e94ed7bdc7aadd9045e9f5a22454a721f432d103ec8b742e763602.png
44418 [main] DEBUG n.t.core.steps.StepInterceptor - STARTING STEP: Req001ClientASpecs.selecionoUmProduto - selecionarProduto
45483 [main] DEBUG n.s.core.photography.Darkroom - Send negative for processing for target\site\serenity\698baec5d9f82bdcacd5075355cf2876384a8dba42acd11d505a9e1dc729e044.png
45484 [main] DEBUG n.t.core.steps.StepInterceptor - STEP DONE: selecionarProduto
45485 [Darkroom Processing Line] DEBUG n.s.c.p.DarkroomProcessingLine - Processing screenshot image in /var/screenshots/screenshot-18117655479469391710
45485 [Darkroom Processing Line] DEBUG n.s.c.p.DarkroomProcessingLine - Saving screenshot to target\site\serenity\698baec5d9f82bdcacd5075355cf2876384a8dba42acd11d505a9e1dc729e044.png
45513 [main] DEBUG n.t.core.steps.StepInterceptor - STARTING STEP: Req001ClientASpecs.preenchoComDadosClienteA - informarTipoCliente
46075 [main] DEBUG n.s.core.photography.Darkroom - Send negative for processing for target\site\serenity\698baec5d9f82bdcacd5075355cf2876384a8dba42acd11d505a9e1dc729e044.png
46076 [main] DEBUG n.t.core.steps.StepInterceptor - STEP DONE: informarTipoCliente
46080 [main] DEBUG n.t.core.steps.StepInterceptor - STARTING STEP: Req001ClientASpecs.preenchoComDadosClienteA - informarQuantidadeItens
46652 [main] DEBUG n.s.core.photography.Darkroom - Send negative for processing for target\site\serenity\c14f49a8d134900b301d3aef4bb5ed5fe004ee1b82d0a3623030061ef58a03a5.png
46652 [main] DEBUG n.t.core.steps.StepInterceptor - STEP DONE: informarQuantidadeItens
46653 [Darkroom Processing Line] DEBUG n.s.c.p.DarkroomProcessingLine - Processing screenshot image in /var/screenshots/screenshot-4401608995762103095
46653 [Darkroom Processing Line] DEBUG n.s.c.p.DarkroomProcessingLine - Saving screenshot to target\site\serenity\c14f49a8d134900b301d3aef4bb5ed5fe004ee1b82d0a3623030061ef58a03a5.png
46678 [main] DEBUG n.t.core.steps.StepInterceptor - STARTING STEP: Req001ClientASpecs.calculoDesconto - calcularDesconto
47530 [main] DEBUG n.s.core.photography.Darkroom - Send negative for processing for target\site\serenity\0dacd09873c457a81021770d883dda33e5da068a00528a36569c742a27172685.png
47530 [main] DEBUG n.t.core.steps.StepInterceptor - STEP DONE: calcularDesconto
47531 [Darkroom Processing Line] DEBUG n.s.c.p.DarkroomProcessingLine - Processing screenshot image in /var/screenshots/screenshot-5562834263101998801
47532 [Darkroom Processing Line] DEBUG n.s.c.p.DarkroomProcessingLine - Saving screenshot to target\site\serenity\0dacd09873c457a81021770d883dda33e5da068a00528a36569c742a27172685.png
47559 [main] DEBUG n.t.core.steps.StepInterceptor - STARTING STEP: Req001ClientASpecs.verificoMensagemExibidaComSucesso - verificarMensagemSucesso
47935 [main] DEBUG n.s.core.photography.Darkroom - Send negative for processing for target\site\serenity\0dacd09873c457a81021770d883dda33e5da068a00528a36569c742a27172685.png
47935 [main] DEBUG n.t.core.steps.StepInterceptor - STEP DONE: verificarMensagemSucesso
49588 [main] ERROR  - 
           __  _____ _____ ____ _____   _____ _    ___ _     _____ ____  
  _       / / |_   _| ____/ ___|_   _| |  ___/ \  |_ _| |   | ____|  _ \ 
 (_)_____| |    | | |  _| \___ \ | |   | |_ / _ \  | || |   |  _| | | | |
  _|_____| |    | | | |___ ___) || |   |  _/ ___ \ | || |___| |___| |_| |
 (_)     | |    |_| |_____|____/ |_|   |_|/_/   \_\___|_____|_____|____/ 
          \_\                                                            

Calcular desconto com sucesso (fluxo básico)
--------------------------------------------------------------------------
49589 [main] DEBUG  - RELATED ISSUES: 
49590 [main] ERROR  -     Test failed at step: Verificar mensagem sucesso
49590 [main] ERROR  -     Expected: a string containing "Operação realizada com sucesso!" ignoring case but: was "Código do Produto:"
49633 [main] DEBUG n.t.core.steps.StepInterceptor - STARTING STEP: SharedSpecs.que_estou_na_página_inicial_do_sistema - acesse_pagina_inicial
58040 [main] DEBUG n.t.core.steps.StepInterceptor - STEP DONE: acesse_pagina_inicial
58064 [main] DEBUG n.t.core.steps.StepInterceptor - STARTING STEP: SharedSpecs.acesso_o_menu_para_o_calculo_do_desconto - acesse_pagina_desconto
59046 [main] DEBUG n.s.core.photography.Darkroom - Send negative for processing for target\site\serenity\3705a043df1741e007c5388a5e8b92a8f99d4634c36a5b50b8cafabc7d08a40a.png
59046 [main] DEBUG n.t.core.steps.StepInterceptor - STEP DONE: acesse_pagina_desconto
59047 [Darkroom Processing Line] DEBUG n.s.c.p.DarkroomProcessingLine - Processing screenshot image in /var/screenshots/screenshot-8186558399573580204
59047 [Darkroom Processing Line] DEBUG n.s.c.p.DarkroomProcessingLine - Saving screenshot to target\site\serenity\3705a043df1741e007c5388a5e8b92a8f99d4634c36a5b50b8cafabc7d08a40a.png
59080 [main] DEBUG n.t.core.steps.StepInterceptor - STARTING STEP: Req001ClientASpecs.selecionoUmProduto - selecionarProduto
60105 [main] DEBUG n.s.core.photography.Darkroom - Send negative for processing for target\site\serenity\a625bfdfdcf3393860514c33599b2db5153d74ed4e4de35e56a427df9b42c0ca.png
60105 [main] DEBUG n.t.core.steps.StepInterceptor - STEP DONE: selecionarProduto
60106 [Darkroom Processing Line] DEBUG n.s.c.p.DarkroomProcessingLine - Processing screenshot image in /var/screenshots/screenshot-934861481209514349
60106 [Darkroom Processing Line] DEBUG n.s.c.p.DarkroomProcessingLine - Saving screenshot to target\site\serenity\a625bfdfdcf3393860514c33599b2db5153d74ed4e4de35e56a427df9b42c0ca.png
60130 [main] DEBUG n.t.core.steps.StepInterceptor - STARTING STEP: Req001ClientASpecs.preenchoComDadosClienteA - informarTipoCliente
60701 [main] DEBUG n.s.core.photography.Darkroom - Send negative for processing for target\site\serenity\a625bfdfdcf3393860514c33599b2db5153d74ed4e4de35e56a427df9b42c0ca.png
60702 [main] DEBUG n.t.core.steps.StepInterceptor - STEP DONE: informarTipoCliente
60706 [main] DEBUG n.t.core.steps.StepInterceptor - STARTING STEP: Req001ClientASpecs.preenchoComDadosClienteA - informarQuantidadeItens
61272 [main] DEBUG n.s.core.photography.Darkroom - Send negative for processing for target\site\serenity\0004053438da229452e15510e7c4103ce75b94a128d64c902abf6152474f5433.png
61273 [main] DEBUG n.t.core.steps.StepInterceptor - STEP DONE: informarQuantidadeItens
61274 [Darkroom Processing Line] DEBUG n.s.c.p.DarkroomProcessingLine - Processing screenshot image in /var/screenshots/screenshot-6727490067466822029
61274 [Darkroom Processing Line] DEBUG n.s.c.p.DarkroomProcessingLine - Saving screenshot to target\site\serenity\0004053438da229452e15510e7c4103ce75b94a128d64c902abf6152474f5433.png
61296 [main] DEBUG n.t.core.steps.StepInterceptor - STARTING STEP: Req001ClientASpecs.calculoDesconto - calcularDesconto
62136 [main] DEBUG n.s.core.photography.Darkroom - Send negative for processing for target\site\serenity\b2fdf1e79f04a5719823904ea841ff86888c630dfbb31b4e4c9557fe1ea6b123.png
62136 [main] DEBUG n.t.core.steps.StepInterceptor - STEP DONE: calcularDesconto
62137 [Darkroom Processing Line] DEBUG n.s.c.p.DarkroomProcessingLine - Processing screenshot image in /var/screenshots/screenshot-15143478107584724527
62138 [Darkroom Processing Line] DEBUG n.s.c.p.DarkroomProcessingLine - Saving screenshot to target\site\serenity\b2fdf1e79f04a5719823904ea841ff86888c630dfbb31b4e4c9557fe1ea6b123.png
62158 [main] DEBUG n.t.core.steps.StepInterceptor - STARTING STEP: Req001ClientASpecs.verificoMensagemExibidaComSucesso - verificarMensagemSucesso
62550 [main] DEBUG n.s.core.photography.Darkroom - Send negative for processing for target\site\serenity\b2fdf1e79f04a5719823904ea841ff86888c630dfbb31b4e4c9557fe1ea6b123.png
62550 [main] DEBUG n.t.core.steps.StepInterceptor - STEP DONE: verificarMensagemSucesso
65782 [main] DEBUG n.t.core.steps.StepInterceptor - STARTING STEP: SharedSpecs.que_estou_na_página_inicial_do_sistema - acesse_pagina_inicial
75299 [main] DEBUG n.t.core.steps.StepInterceptor - STEP DONE: acesse_pagina_inicial
75321 [main] DEBUG n.t.core.steps.StepInterceptor - STARTING STEP: SharedSpecs.acesso_o_menu_para_o_calculo_do_desconto - acesse_pagina_desconto
76313 [main] DEBUG n.s.core.photography.Darkroom - Send negative for processing for target\site\serenity\b5a7e5d6cd6a8e4d944f746432c783c0810bc3cdbc9a131b746bcfd42500ede7.png
76314 [main] DEBUG n.t.core.steps.StepInterceptor - STEP DONE: acesse_pagina_desconto
76314 [Darkroom Processing Line] DEBUG n.s.c.p.DarkroomProcessingLine - Processing screenshot image in /var/screenshots/screenshot-12138653222450926793
76315 [Darkroom Processing Line] DEBUG n.s.c.p.DarkroomProcessingLine - Saving screenshot to target\site\serenity\b5a7e5d6cd6a8e4d944f746432c783c0810bc3cdbc9a131b746bcfd42500ede7.png
76346 [main] DEBUG n.t.core.steps.StepInterceptor - STARTING STEP: Req001ClientASpecs.selecionoUmProduto - selecionarProduto
77366 [main] DEBUG n.s.core.photography.Darkroom - Send negative for processing for target\site\serenity\afee450f90f3ae672c24623b6bddc4203a822699589c2b88ccf3c64e14c59562.png
77367 [main] DEBUG n.t.core.steps.StepInterceptor - STEP DONE: selecionarProduto
77368 [Darkroom Processing Line] DEBUG n.s.c.p.DarkroomProcessingLine - Processing screenshot image in /var/screenshots/screenshot-18299795264826837852
77368 [Darkroom Processing Line] DEBUG n.s.c.p.DarkroomProcessingLine - Saving screenshot to target\site\serenity\afee450f90f3ae672c24623b6bddc4203a822699589c2b88ccf3c64e14c59562.png
77392 [main] DEBUG n.t.core.steps.StepInterceptor - STARTING STEP: Req001ClientASpecs.preenchoComDadosClienteA - informarTipoCliente
77938 [main] DEBUG n.s.core.photography.Darkroom - Send negative for processing for target\site\serenity\afee450f90f3ae672c24623b6bddc4203a822699589c2b88ccf3c64e14c59562.png
77938 [main] DEBUG n.t.core.steps.StepInterceptor - STEP DONE: informarTipoCliente
77942 [main] DEBUG n.t.core.steps.StepInterceptor - STARTING STEP: Req001ClientASpecs.preenchoComDadosClienteA - informarQuantidadeItens
78507 [main] DEBUG n.s.core.photography.Darkroom - Send negative for processing for target\site\serenity\c9099f4e10c9a7510d8c3e8629b6efa3ad5fc9983f9d119da7a1423095c40916.png
78507 [main] DEBUG n.t.core.steps.StepInterceptor - STEP DONE: informarQuantidadeItens
78508 [Darkroom Processing Line] DEBUG n.s.c.p.DarkroomProcessingLine - Processing screenshot image in /var/screenshots/screenshot-9406774111772415019
78508 [Darkroom Processing Line] DEBUG n.s.c.p.DarkroomProcessingLine - Saving screenshot to target\site\serenity\c9099f4e10c9a7510d8c3e8629b6efa3ad5fc9983f9d119da7a1423095c40916.png
78530 [main] DEBUG n.t.core.steps.StepInterceptor - STARTING STEP: Req001ClientASpecs.calculoDesconto - calcularDesconto
79385 [main] DEBUG n.s.core.photography.Darkroom - Send negative for processing for target\site\serenity\879689da9b4e5ccfc716a1b01feccb2b7a217d36534600d52ed8bb1b8c4e5a75.png
79385 [main] DEBUG n.t.core.steps.StepInterceptor - STEP DONE: calcularDesconto
79386 [Darkroom Processing Line] DEBUG n.s.c.p.DarkroomProcessingLine - Processing screenshot image in /var/screenshots/screenshot-2203920232847486665
79386 [Darkroom Processing Line] DEBUG n.s.c.p.DarkroomProcessingLine - Saving screenshot to target\site\serenity\879689da9b4e5ccfc716a1b01feccb2b7a217d36534600d52ed8bb1b8c4e5a75.png
79408 [main] DEBUG n.t.core.steps.StepInterceptor - STARTING STEP: Req001ClientASpecs.verificoMensagemExibidaComSucesso - verificarMensagemSucesso
79768 [main] DEBUG n.s.core.photography.Darkroom - Send negative for processing for target\site\serenity\879689da9b4e5ccfc716a1b01feccb2b7a217d36534600d52ed8bb1b8c4e5a75.png
79768 [main] DEBUG n.t.core.steps.StepInterceptor - STEP DONE: verificarMensagemSucesso
81606 [main] DEBUG n.t.core.steps.StepInterceptor - STARTING STEP: SharedSpecs.que_estou_na_página_inicial_do_sistema - acesse_pagina_inicial
90950 [main] DEBUG n.t.core.steps.StepInterceptor - STEP DONE: acesse_pagina_inicial
90972 [main] DEBUG n.t.core.steps.StepInterceptor - STARTING STEP: SharedSpecs.acesso_o_menu_para_o_calculo_do_desconto - acesse_pagina_desconto
91934 [main] DEBUG n.s.core.photography.Darkroom - Send negative for processing for target\site\serenity\3ea21e9e8f7dc3455e327fecf5526ac4124ef4320994f188858f1d6c15f21f6c.png
91935 [main] DEBUG n.t.core.steps.StepInterceptor - STEP DONE: acesse_pagina_desconto
91936 [Darkroom Processing Line] DEBUG n.s.c.p.DarkroomProcessingLine - Processing screenshot image in /var/screenshots/screenshot-11124219406885906397
91936 [Darkroom Processing Line] DEBUG n.s.c.p.DarkroomProcessingLine - Saving screenshot to target\site\serenity\3ea21e9e8f7dc3455e327fecf5526ac4124ef4320994f188858f1d6c15f21f6c.png
91967 [main] DEBUG n.t.core.steps.StepInterceptor - STARTING STEP: Req001ClientASpecs.selecionoUmProduto - selecionarProduto
92976 [main] DEBUG n.s.core.photography.Darkroom - Send negative for processing for target\site\serenity\c4fe42feb4d296a17a83102969802976a05170c2d0c3707d596bf8f6a027afc5.png
92976 [main] DEBUG n.t.core.steps.StepInterceptor - STEP DONE: selecionarProduto
92978 [Darkroom Processing Line] DEBUG n.s.c.p.DarkroomProcessingLine - Processing screenshot image in /var/screenshots/screenshot-2976503328598483512
92978 [Darkroom Processing Line] DEBUG n.s.c.p.DarkroomProcessingLine - Saving screenshot to target\site\serenity\c4fe42feb4d296a17a83102969802976a05170c2d0c3707d596bf8f6a027afc5.png
93001 [main] DEBUG n.t.core.steps.StepInterceptor - STARTING STEP: Req001ClientASpecs.preenchoComDadosClienteA - informarTipoCliente
93536 [main] DEBUG n.s.core.photography.Darkroom - Send negative for processing for target\site\serenity\c4fe42feb4d296a17a83102969802976a05170c2d0c3707d596bf8f6a027afc5.png
93537 [main] DEBUG n.t.core.steps.StepInterceptor - STEP DONE: informarTipoCliente
93540 [main] DEBUG n.t.core.steps.StepInterceptor - STARTING STEP: Req001ClientASpecs.preenchoComDadosClienteA - informarQuantidadeItens
94083 [main] DEBUG n.s.core.photography.Darkroom - Send negative for processing for target\site\serenity\740f149abd471f302374ad4cba6323c3d8dbaefd02fd460326bc81de41152a10.png
94083 [main] DEBUG n.t.core.steps.StepInterceptor - STEP DONE: informarQuantidadeItens
94084 [Darkroom Processing Line] DEBUG n.s.c.p.DarkroomProcessingLine - Processing screenshot image in /var/screenshots/screenshot-9542613516407079347
94084 [Darkroom Processing Line] DEBUG n.s.c.p.DarkroomProcessingLine - Saving screenshot to target\site\serenity\740f149abd471f302374ad4cba6323c3d8dbaefd02fd460326bc81de41152a10.png
94105 [main] DEBUG n.t.core.steps.StepInterceptor - STARTING STEP: Req001ClientASpecs.calculoDesconto - calcularDesconto
94952 [main] DEBUG n.s.core.photography.Darkroom - Send negative for processing for target\site\serenity\bcd8b9a6ff81f8217f844cad184d732adaef9e8e765cf21d64311ee655fe11be.png
94952 [main] DEBUG n.t.core.steps.StepInterceptor - STEP DONE: calcularDesconto
94953 [Darkroom Processing Line] DEBUG n.s.c.p.DarkroomProcessingLine - Processing screenshot image in /var/screenshots/screenshot-15149490315866356975
94954 [Darkroom Processing Line] DEBUG n.s.c.p.DarkroomProcessingLine - Saving screenshot to target\site\serenity\bcd8b9a6ff81f8217f844cad184d732adaef9e8e765cf21d64311ee655fe11be.png
94977 [main] DEBUG n.t.core.steps.StepInterceptor - STARTING STEP: Req001ClientASpecs.verificoMensagemExibidaComSucesso - verificarMensagemSucesso
95336 [main] DEBUG n.s.core.photography.Darkroom - Send negative for processing for target\site\serenity\bcd8b9a6ff81f8217f844cad184d732adaef9e8e765cf21d64311ee655fe11be.png
95337 [main] DEBUG n.t.core.steps.StepInterceptor - STEP DONE: verificarMensagemSucesso
97336 [main] DEBUG n.t.core.reports.ReportService - Reporting formats: [JSON, HTML]
97640 [main] DEBUG n.t.core.reports.ReportService - Reporting formats: [JSON, HTML]
97653 [main] DEBUG n.t.core.reports.ReportService - Generating reports for 1 test outcomes using: net.thucydides.core.reports.json.JSONTestOutcomeReporter@79e15c4a
97655 [pool-1-thread-1] DEBUG n.t.core.reports.ReportService - Processing test outcome REQ-1 - Calcular desconto:Calcular desconto com sucesso (fluxo básico)
97655 [pool-1-thread-1] DEBUG n.t.core.reports.ReportService - net.thucydides.core.reports.json.JSONTestOutcomeReporter@79e15c4a: Generating report for test outcome: REQ-1 - Calcular desconto:Calcular desconto com sucesso (fluxo básico)
97666 [pool-1-thread-1] DEBUG n.t.c.r.j.JSONTestOutcomeReporter - Generating JSON report for Calcular desconto com sucesso (fluxo básico) to file C:\Users\artur.araujo\git\pos-testes-unitarios\target\site\serenity\42ed43431ee77761e55b24e7580fd0a5eacc1429d50837dbfd9658add2366bb3.json (using temp file C:\Users\artur.araujo\git\pos-testes-unitarios\target\site\serenity\42ed43431ee77761e55b24e7580fd0a5eacc1429d50837dbfd9658add2366bb3.json6864ff97-9f58-4957-8817-36aef1a2306e)
97753 [pool-1-thread-1] DEBUG n.t.core.reports.ReportService - Processing test outcome REQ-1 - Calcular desconto:Calcular desconto com sucesso (fluxo básico) done
97753 [main] DEBUG n.t.core.reports.ReportService - Shutting down executor service
97753 [main] DEBUG n.t.core.reports.ReportService - Reports generated in: 100 ms
97753 [main] DEBUG n.t.core.reports.ReportService - Generating reports for 1 test outcomes using: net.thucydides.core.reports.html.HtmlAcceptanceTestReporter@3f2169e9
97755 [pool-2-thread-1] DEBUG n.t.core.reports.ReportService - Processing test outcome REQ-1 - Calcular desconto:Calcular desconto com sucesso (fluxo básico)
97756 [pool-2-thread-1] DEBUG n.t.core.reports.ReportService - net.thucydides.core.reports.html.HtmlAcceptanceTestReporter@3f2169e9: Generating report for test outcome: REQ-1 - Calcular desconto:Calcular desconto com sucesso (fluxo básico)
97756 [pool-2-thread-1] DEBUG n.t.c.r.h.HtmlAcceptanceTestReporter - GENERATE TEST OUTCOME REPORT FOR Calcular desconto com sucesso (fluxo básico) in 42ed43431ee77761e55b24e7580fd0a5eacc1429d50837dbfd9658add2366bb3
97866 [pool-2-thread-1] DEBUG n.t.c.r.m.cucumber.CucumberParser - Added feature REQ-X - Formulário de Contato
97877 [pool-2-thread-1] DEBUG n.t.c.r.m.cucumber.CucumberParser - Added feature REQ-X - Calcular desconto
97890 [pool-2-thread-1] DEBUG n.t.c.r.m.cucumber.CucumberParser - Added feature REQ-1 - Calcular desconto
97891 [pool-2-thread-1] DEBUG n.t.c.r.RequirementsTagProvider -  found:[Requirement{name='REQ-X - Formulário de Contato', type='feature' parent = 'null', cardNumber='null'}, Requirement{name='REQ-X - Calcular desconto', type='feature' parent = 'null', cardNumber='null'}, Requirement{name='REQ-1 - Calcular desconto', type='feature' parent = 'null', cardNumber='null'}]
97901 [pool-2-thread-1] DEBUG n.t.c.r.BaseRequirementsService - Requirement found for test outcome Calcular desconto com sucesso (fluxo básico)-[]: Optional[Requirement{name='REQ-1 - Calcular desconto', type='feature' parent = 'null', cardNumber='null'}]
97905 [pool-2-thread-1] DEBUG n.t.c.r.BaseRequirementsService - Requirement found for test outcome Calcular desconto com sucesso (fluxo básico)-[]: Optional[Requirement{name='REQ-1 - Calcular desconto', type='feature' parent = 'null', cardNumber='null'}]
98131 [pool-2-thread-1] DEBUG n.t.c.r.BaseRequirementsService - Requirement found for test outcome Calcular desconto com sucesso (fluxo básico)-[]: Optional[Requirement{name='REQ-1 - Calcular desconto', type='feature' parent = 'null', cardNumber='null'}]
98133 [pool-2-thread-1] DEBUG n.t.c.r.BaseRequirementsService - Requirement found for test outcome Calcular desconto com sucesso (fluxo básico)-[]: Optional[Requirement{name='REQ-1 - Calcular desconto', type='feature' parent = 'null', cardNumber='null'}]
98407 [pool-2-thread-1] DEBUG n.t.c.r.h.HtmlAcceptanceTestReporter - Generating report in 42ed43431ee77761e55b24e7580fd0a5eacc1429d50837dbfd9658add2366bb3_screenshots.html
99616 [pool-2-thread-1] DEBUG n.t.c.r.h.HtmlAcceptanceTestReporter - Generated report 42ed43431ee77761e55b24e7580fd0a5eacc1429d50837dbfd9658add2366bb3_screenshots.html in 1209 ms
99618 [pool-2-thread-1] DEBUG n.t.c.r.h.HtmlAcceptanceTestReporter - GENERATING HTML REPORT FOR REQ-1 - Calcular desconto:Calcular desconto com sucesso (fluxo básico) in 42ed43431ee77761e55b24e7580fd0a5eacc1429d50837dbfd9658add2366bb3.html in directory target\site\serenity  
99625 [pool-2-thread-1] DEBUG n.t.c.r.h.HtmlAcceptanceTestReporter - Generating report in 42ed43431ee77761e55b24e7580fd0a5eacc1429d50837dbfd9658add2366bb3.html
138064 [pool-2-thread-1] DEBUG n.t.c.r.h.HtmlAcceptanceTestReporter - Generated report 42ed43431ee77761e55b24e7580fd0a5eacc1429d50837dbfd9658add2366bb3.html in 38439 ms
138065 [pool-2-thread-1] DEBUG n.t.core.reports.ReportService - Processing test outcome REQ-1 - Calcular desconto:Calcular desconto com sucesso (fluxo básico) done
138065 [main] DEBUG n.t.core.reports.ReportService - Shutting down executor service
138065 [main] DEBUG n.t.core.reports.ReportService - Reports generated in: 40311 ms
138263 [main] DEBUG n.s.core.photography.Darkroom - Closing darkroom
138263 [Darkroom Processing Line] DEBUG n.s.c.p.DarkroomProcessingLine - Darkroom processing line shutting down
4157 [main] INFO   - 

-------------------------------------------------------------------------------------
     _______. _______ .______       _______ .__   __.  __  .___________.____    ____ 
    /       ||   ____||   _  \     |   ____||  \ |  | |  | |           |\   \  /   / 
   |   (----`|  |__   |  |_)  |    |  |__   |   \|  | |  | `---|  |----` \   \/   /  
    \   \    |   __|  |      /     |   __|  |  . `  | |  |     |  |       \_    _/   
.----)   |   |  |____ |  |\  \----.|  |____ |  |\   | |  |     |  |         |  |     
|_______/    |_______|| _| `._____||_______||__| \__| |__|     |__|         |__|    
                                                                                     
 News and tutorials at http://www.serenity-bdd.info                                  
 Documentation at https://wakaleo.gitbooks.io/the-serenity-book/content/             
 Join the Serenity Community on Gitter: https://gitter.im/serenity-bdd/serenity-core 
 Serenity BDD Support and Training at http://serenity-bdd.info/#/trainingandsupport  
-------------------------------------------------------------------------------------

4174 [main] DEBUG n.t.core.steps.StepEventBus - Test suite started for story net.thucydides.core.model.Story@53d1bce7
4181 [main] INFO   - Test Suite Started: REQ-1 - Calcular desconto
5113 [main] INFO   - 
 _____ _____ ____ _____   ____ _____  _    ____ _____ _____ ____  
|_   _| ____/ ___|_   _| / ___|_   _|/ \  |  _ \_   _| ____|  _ \ 
  | | |  _| \___ \ | |   \___ \ | | / _ \ | |_) || | |  _| | | | |
  | | | |___ ___) || |    ___) || |/ ___ \|  _ < | | | |___| |_| |
  |_| |_____|____/ |_|   |____/ |_/_/   \_\_| \_\|_| |_____|____/ 

Calcular desconto com sucesso (fluxo básico)(req-1---calcular-desconto;calcular-desconto-com-sucesso-(fluxo-básico))
-------------------------------------------------------------------
5416 [main] DEBUG n.t.c.r.m.cucumber.CucumberParser - Added feature REQ-X - Formulário de Contato
5449 [main] DEBUG n.t.c.r.m.cucumber.CucumberParser - Added feature REQ-X - Calcular desconto
5467 [main] DEBUG n.t.c.r.m.cucumber.CucumberParser - Added feature REQ-1 - Calcular desconto
6942 [main] DEBUG n.t.core.steps.StepInterceptor - STARTING STEP: SharedSpecs.que_estou_na_página_inicial_do_sistema - acesse_pagina_inicial
10561 [main] DEBUG io.netty.handler.ssl.JdkSslContext - Default protocols (JDK): [TLSv1.2, TLSv1.1, TLSv1] 
10561 [main] DEBUG io.netty.handler.ssl.JdkSslContext - Default cipher suites (JDK): [TLS_ECDHE_ECDSA_WITH_AES_256_GCM_SHA384, TLS_ECDHE_ECDSA_WITH_AES_128_GCM_SHA256, TLS_ECDHE_RSA_WITH_AES_128_GCM_SHA256, TLS_ECDHE_RSA_WITH_AES_256_GCM_SHA384, TLS_ECDHE_RSA_WITH_AES_128_CBC_SHA, TLS_ECDHE_RSA_WITH_AES_256_CBC_SHA, TLS_RSA_WITH_AES_128_GCM_SHA256, TLS_RSA_WITH_AES_128_CBC_SHA, TLS_RSA_WITH_AES_256_CBC_SHA, TLS_AES_128_GCM_SHA256, TLS_AES_256_GCM_SHA384]
10668 [main] DEBUG i.n.c.MultithreadEventLoopGroup - -Dio.netty.eventLoopThreads: 8
10702 [main] DEBUG io.netty.channel.nio.NioEventLoop - -Dio.netty.noKeySetOptimization: false
10702 [main] DEBUG io.netty.channel.nio.NioEventLoop - -Dio.netty.selectorAutoRebuildThreshold: 512
10800 [main] DEBUG i.n.buffer.PooledByteBufAllocator - -Dio.netty.allocator.numHeapArenas: 8
10800 [main] DEBUG i.n.buffer.PooledByteBufAllocator - -Dio.netty.allocator.numDirectArenas: 8
10800 [main] DEBUG i.n.buffer.PooledByteBufAllocator - -Dio.netty.allocator.pageSize: 8192
10800 [main] DEBUG i.n.buffer.PooledByteBufAllocator - -Dio.netty.allocator.maxOrder: 11
10800 [main] DEBUG i.n.buffer.PooledByteBufAllocator - -Dio.netty.allocator.chunkSize: 16777216
10801 [main] DEBUG i.n.buffer.PooledByteBufAllocator - -Dio.netty.allocator.tinyCacheSize: 512
10801 [main] DEBUG i.n.buffer.PooledByteBufAllocator - -Dio.netty.allocator.smallCacheSize: 256
10801 [main] DEBUG i.n.buffer.PooledByteBufAllocator - -Dio.netty.allocator.normalCacheSize: 64
10801 [main] DEBUG i.n.buffer.PooledByteBufAllocator - -Dio.netty.allocator.maxCachedBufferCapacity: 32768
10801 [main] DEBUG i.n.buffer.PooledByteBufAllocator - -Dio.netty.allocator.cacheTrimInterval: 8192
10802 [main] DEBUG i.n.buffer.PooledByteBufAllocator - -Dio.netty.allocator.cacheTrimIntervalMillis: 0
10802 [main] DEBUG i.n.buffer.PooledByteBufAllocator - -Dio.netty.allocator.useCacheForAllThreads: true
10802 [main] DEBUG i.n.buffer.PooledByteBufAllocator - -Dio.netty.allocator.maxCachedByteBuffersPerChunk: 1023
10830 [main] DEBUG io.netty.buffer.ByteBufUtil - -Dio.netty.allocator.type: pooled
10830 [main] DEBUG io.netty.buffer.ByteBufUtil - -Dio.netty.threadLocalDirectBufferSize: 0
10830 [main] DEBUG io.netty.buffer.ByteBufUtil - -Dio.netty.maxThreadLocalCharBufferSize: 16384
12058 [Forwarding newSession on session null to remote] DEBUG io.netty.channel.DefaultChannelId - -Dio.netty.processId: 1120 (auto-detected)
12130 [Forwarding newSession on session null to remote] DEBUG io.netty.channel.DefaultChannelId - -Dio.netty.machineId: d4:3d:7e:ff:fe:7f:ea:c5 (auto-detected)
12311 [AsyncHttpClient-3-1] DEBUG io.netty.buffer.AbstractByteBuf - -Dio.netty.buffer.checkAccessible: true
12311 [AsyncHttpClient-3-1] DEBUG io.netty.buffer.AbstractByteBuf - -Dio.netty.buffer.checkBounds: true
20873 [main] DEBUG n.t.core.steps.StepInterceptor - STEP DONE: acesse_pagina_inicial
20923 [main] DEBUG n.t.core.steps.StepInterceptor - STARTING STEP: SharedSpecs.acesso_o_menu_para_o_calculo_do_desconto - acesse_pagina_desconto
21816 [main] DEBUG n.s.core.photography.Darkroom - Opening darkroom
21819 [Darkroom Processing Line] DEBUG n.s.c.p.DarkroomProcessingLine - Darkroom processing line starting up
22565 [main] DEBUG n.s.core.photography.Darkroom - Send negative for processing for target\site\serenity\adaed2e931b26784101e17c546468e84c4eee17701d77f7f601841b13b2360a5.png
22567 [Darkroom Processing Line] DEBUG n.s.c.p.DarkroomProcessingLine - Processing screenshot image in /var/screenshots/screenshot-9208639902091757043
22567 [Darkroom Processing Line] DEBUG n.s.c.p.DarkroomProcessingLine - Saving screenshot to target\site\serenity\adaed2e931b26784101e17c546468e84c4eee17701d77f7f601841b13b2360a5.png
22569 [main] DEBUG n.t.core.steps.StepInterceptor - STEP DONE: acesse_pagina_desconto
22971 [main] DEBUG n.s.core.photography.Darkroom - Send negative for processing for target\site\serenity\adaed2e931b26784101e17c546468e84c4eee17701d77f7f601841b13b2360a5.png
22972 [main] DEBUG n.t.core.steps.StepInterceptor - STARTING STEP: Req001ClientASpecs.selecionoUmProduto - selecionarProduto
24044 [main] DEBUG n.s.core.photography.Darkroom - Send negative for processing for target\site\serenity\12735e619bebf990478dc8d46026e0501e59435dd4f7ba82101031ffd933eada.png
24044 [main] DEBUG n.t.core.steps.StepInterceptor - STEP DONE: selecionarProduto
24046 [Darkroom Processing Line] DEBUG n.s.c.p.DarkroomProcessingLine - Processing screenshot image in /var/screenshots/screenshot-302163174064555876
24047 [Darkroom Processing Line] DEBUG n.s.c.p.DarkroomProcessingLine - Saving screenshot to target\site\serenity\12735e619bebf990478dc8d46026e0501e59435dd4f7ba82101031ffd933eada.png
24090 [main] DEBUG n.t.core.steps.StepInterceptor - STARTING STEP: Req001ClientASpecs.preenchoComDadosClienteA - informarTipoCliente
24695 [main] DEBUG n.s.core.photography.Darkroom - Send negative for processing for target\site\serenity\12735e619bebf990478dc8d46026e0501e59435dd4f7ba82101031ffd933eada.png
24696 [main] DEBUG n.t.core.steps.StepInterceptor - STEP DONE: informarTipoCliente
24701 [main] DEBUG n.t.core.steps.StepInterceptor - STARTING STEP: Req001ClientASpecs.preenchoComDadosClienteA - informarQuantidadeItens
25306 [main] DEBUG n.s.core.photography.Darkroom - Send negative for processing for target\site\serenity\b33ba1720c18674824c89a06fa30f237e85589eb9578f9ec02e6c84556dc1fcd.png
25309 [Darkroom Processing Line] DEBUG n.s.c.p.DarkroomProcessingLine - Processing screenshot image in /var/screenshots/screenshot-2068676204066283544
25309 [Darkroom Processing Line] DEBUG n.s.c.p.DarkroomProcessingLine - Saving screenshot to target\site\serenity\b33ba1720c18674824c89a06fa30f237e85589eb9578f9ec02e6c84556dc1fcd.png
25310 [main] DEBUG n.t.core.steps.StepInterceptor - STEP DONE: informarQuantidadeItens
25343 [main] DEBUG n.t.core.steps.StepInterceptor - STARTING STEP: Req001ClientASpecs.calculoDesconto - calcularDesconto
26242 [main] DEBUG n.s.core.photography.Darkroom - Send negative for processing for target\site\serenity\37e74a05e5dff0ec9bd5d47b3109e9a7e7cb3e39a3baf0c1e19762c3d3a0050c.png
26244 [main] DEBUG n.t.core.steps.StepInterceptor - STEP DONE: calcularDesconto
26244 [Darkroom Processing Line] DEBUG n.s.c.p.DarkroomProcessingLine - Processing screenshot image in /var/screenshots/screenshot-8321487198989831172
26244 [Darkroom Processing Line] DEBUG n.s.c.p.DarkroomProcessingLine - Saving screenshot to target\site\serenity\37e74a05e5dff0ec9bd5d47b3109e9a7e7cb3e39a3baf0c1e19762c3d3a0050c.png
26272 [main] DEBUG n.t.core.steps.StepInterceptor - STARTING STEP: Req001ClientASpecs.verificoMensagemExibidaComSucesso - verificarMensagemSucesso
26659 [main] DEBUG n.s.core.photography.Darkroom - Send negative for processing for target\site\serenity\37e74a05e5dff0ec9bd5d47b3109e9a7e7cb3e39a3baf0c1e19762c3d3a0050c.png
26660 [main] DEBUG n.t.core.steps.StepInterceptor - STEP DONE: verificarMensagemSucesso
29979 [main] INFO   - 
        __    _____ _____ ____ _____   ____   _    ____  ____  _____ ____  
  _     \ \  |_   _| ____/ ___|_   _| |  _ \ / \  / ___|/ ___|| ____|  _ \ 
 (_)_____| |   | | |  _| \___ \ | |   | |_) / _ \ \___ \\___ \|  _| | | | |
  _|_____| |   | | | |___ ___) || |   |  __/ ___ \ ___) |___) | |___| |_| |
 (_)     | |   |_| |_____|____/ |_|   |_| /_/   \_\____/|____/|_____|____/ 
        /_/                                                                

Calcular desconto com sucesso (fluxo básico)
----------------------------------------------------------------------------
30029 [main] DEBUG n.t.core.steps.StepInterceptor - STARTING STEP: SharedSpecs.que_estou_na_página_inicial_do_sistema - acesse_pagina_inicial
47472 [main] DEBUG n.t.core.steps.StepInterceptor - STEP DONE: acesse_pagina_inicial
47495 [main] DEBUG n.t.core.steps.StepInterceptor - STARTING STEP: SharedSpecs.acesso_o_menu_para_o_calculo_do_desconto - acesse_pagina_desconto
48581 [main] DEBUG n.s.core.photography.Darkroom - Send negative for processing for target\site\serenity\71857bf180d8546b342d9e6b01e79447fd380316c4b59777952b8e569c36c734.png
48581 [main] DEBUG n.t.core.steps.StepInterceptor - STEP DONE: acesse_pagina_desconto
48582 [Darkroom Processing Line] DEBUG n.s.c.p.DarkroomProcessingLine - Processing screenshot image in /var/screenshots/screenshot-14379862814235831607
48582 [Darkroom Processing Line] DEBUG n.s.c.p.DarkroomProcessingLine - Saving screenshot to target\site\serenity\71857bf180d8546b342d9e6b01e79447fd380316c4b59777952b8e569c36c734.png
48618 [main] DEBUG n.t.core.steps.StepInterceptor - STARTING STEP: Req001ClientASpecs.selecionoUmProduto - selecionarProduto
49633 [main] DEBUG n.s.core.photography.Darkroom - Send negative for processing for target\site\serenity\fc6c203035d7f1e439ae89b70116c928761f399b7fcb755717db581b5a150d57.png
49634 [main] DEBUG n.t.core.steps.StepInterceptor - STEP DONE: selecionarProduto
49635 [Darkroom Processing Line] DEBUG n.s.c.p.DarkroomProcessingLine - Processing screenshot image in /var/screenshots/screenshot-15896546485485045961
49635 [Darkroom Processing Line] DEBUG n.s.c.p.DarkroomProcessingLine - Saving screenshot to target\site\serenity\fc6c203035d7f1e439ae89b70116c928761f399b7fcb755717db581b5a150d57.png
49662 [main] DEBUG n.t.core.steps.StepInterceptor - STARTING STEP: Req001ClientASpecs.preenchoComDadosClienteA - informarTipoCliente
50212 [main] DEBUG n.s.core.photography.Darkroom - Send negative for processing for target\site\serenity\fc6c203035d7f1e439ae89b70116c928761f399b7fcb755717db581b5a150d57.png
50213 [main] DEBUG n.t.core.steps.StepInterceptor - STEP DONE: informarTipoCliente
50217 [main] DEBUG n.t.core.steps.StepInterceptor - STARTING STEP: Req001ClientASpecs.preenchoComDadosClienteA - informarQuantidadeItens
50783 [main] DEBUG n.s.core.photography.Darkroom - Send negative for processing for target\site\serenity\0d6307ec4d18b33c3be359e29fb00014b76fdeaff382da782f223cd44613cb22.png
50784 [main] DEBUG n.t.core.steps.StepInterceptor - STEP DONE: informarQuantidadeItens
50785 [Darkroom Processing Line] DEBUG n.s.c.p.DarkroomProcessingLine - Processing screenshot image in /var/screenshots/screenshot-11574155934329728373
50785 [Darkroom Processing Line] DEBUG n.s.c.p.DarkroomProcessingLine - Saving screenshot to target\site\serenity\0d6307ec4d18b33c3be359e29fb00014b76fdeaff382da782f223cd44613cb22.png
50807 [main] DEBUG n.t.core.steps.StepInterceptor - STARTING STEP: Req001ClientASpecs.calculoDesconto - calcularDesconto
51710 [main] DEBUG n.s.core.photography.Darkroom - Send negative for processing for target\site\serenity\7b795b95674c160d975b615ae9bcc4a7b47f7bf8d5d70971cb5a16b372ebc34f.png
51711 [main] DEBUG n.t.core.steps.StepInterceptor - STEP DONE: calcularDesconto
51712 [Darkroom Processing Line] DEBUG n.s.c.p.DarkroomProcessingLine - Processing screenshot image in /var/screenshots/screenshot-1645161696473125604
51712 [Darkroom Processing Line] DEBUG n.s.c.p.DarkroomProcessingLine - Saving screenshot to target\site\serenity\7b795b95674c160d975b615ae9bcc4a7b47f7bf8d5d70971cb5a16b372ebc34f.png
51735 [main] DEBUG n.t.core.steps.StepInterceptor - STARTING STEP: Req001ClientASpecs.verificoMensagemExibidaComSucesso - verificarMensagemSucesso
52092 [main] DEBUG n.s.core.photography.Darkroom - Send negative for processing for target\site\serenity\7b795b95674c160d975b615ae9bcc4a7b47f7bf8d5d70971cb5a16b372ebc34f.png
52092 [main] DEBUG n.t.core.steps.StepInterceptor - STEP DONE: verificarMensagemSucesso
53825 [main] INFO   - 
        __    _____ _____ ____ _____   ____   _    ____  ____  _____ ____  
  _     \ \  |_   _| ____/ ___|_   _| |  _ \ / \  / ___|/ ___|| ____|  _ \ 
 (_)_____| |   | | |  _| \___ \ | |   | |_) / _ \ \___ \\___ \|  _| | | | |
  _|_____| |   | | | |___ ___) || |   |  __/ ___ \ ___) |___) | |___| |_| |
 (_)     | |   |_| |_____|____/ |_|   |_| /_/   \_\____/|____/|_____|____/ 
        /_/                                                                

Calcular desconto com sucesso (fluxo básico)
----------------------------------------------------------------------------
53868 [main] DEBUG n.t.core.steps.StepInterceptor - STARTING STEP: SharedSpecs.que_estou_na_página_inicial_do_sistema - acesse_pagina_inicial
63114 [main] DEBUG n.t.core.steps.StepInterceptor - STEP DONE: acesse_pagina_inicial
63138 [main] DEBUG n.t.core.steps.StepInterceptor - STARTING STEP: SharedSpecs.acesso_o_menu_para_o_calculo_do_desconto - acesse_pagina_desconto
64120 [main] DEBUG n.s.core.photography.Darkroom - Send negative for processing for target\site\serenity\398969f3db5597879f0803aec6090d8f7c6606e8482328520b06c8b1228fe7f4.png
64120 [main] DEBUG n.t.core.steps.StepInterceptor - STEP DONE: acesse_pagina_desconto
64121 [Darkroom Processing Line] DEBUG n.s.c.p.DarkroomProcessingLine - Processing screenshot image in /var/screenshots/screenshot-3472008969937805965
64121 [Darkroom Processing Line] DEBUG n.s.c.p.DarkroomProcessingLine - Saving screenshot to target\site\serenity\398969f3db5597879f0803aec6090d8f7c6606e8482328520b06c8b1228fe7f4.png
64154 [main] DEBUG n.t.core.steps.StepInterceptor - STARTING STEP: Req001ClientASpecs.selecionoUmProduto - selecionarProduto
65154 [main] DEBUG n.s.core.photography.Darkroom - Send negative for processing for target\site\serenity\f1ecf14e1630a451a7679e3cd85b0f188285f10ca1006dac33e5b28c08fd4c05.png
65155 [main] DEBUG n.t.core.steps.StepInterceptor - STEP DONE: selecionarProduto
65156 [Darkroom Processing Line] DEBUG n.s.c.p.DarkroomProcessingLine - Processing screenshot image in /var/screenshots/screenshot-2341455409385741899
65157 [Darkroom Processing Line] DEBUG n.s.c.p.DarkroomProcessingLine - Saving screenshot to target\site\serenity\f1ecf14e1630a451a7679e3cd85b0f188285f10ca1006dac33e5b28c08fd4c05.png
65184 [main] DEBUG n.t.core.steps.StepInterceptor - STARTING STEP: Req001ClientASpecs.preenchoComDadosClienteA - informarTipoCliente
65730 [main] DEBUG n.s.core.photography.Darkroom - Send negative for processing for target\site\serenity\f1ecf14e1630a451a7679e3cd85b0f188285f10ca1006dac33e5b28c08fd4c05.png
65731 [main] DEBUG n.t.core.steps.StepInterceptor - STEP DONE: informarTipoCliente
65734 [main] DEBUG n.t.core.steps.StepInterceptor - STARTING STEP: Req001ClientASpecs.preenchoComDadosClienteA - informarQuantidadeItens
66291 [main] DEBUG n.s.core.photography.Darkroom - Send negative for processing for target\site\serenity\27d19a404e982675259f876c4fe14188ef23224425a509dd8d62a0498c55d0b9.png
66292 [main] DEBUG n.t.core.steps.StepInterceptor - STEP DONE: informarQuantidadeItens
66293 [Darkroom Processing Line] DEBUG n.s.c.p.DarkroomProcessingLine - Processing screenshot image in /var/screenshots/screenshot-12855492345495690604
66293 [Darkroom Processing Line] DEBUG n.s.c.p.DarkroomProcessingLine - Saving screenshot to target\site\serenity\27d19a404e982675259f876c4fe14188ef23224425a509dd8d62a0498c55d0b9.png
66314 [main] DEBUG n.t.core.steps.StepInterceptor - STARTING STEP: Req001ClientASpecs.calculoDesconto - calcularDesconto
67154 [main] DEBUG n.s.core.photography.Darkroom - Send negative for processing for target\site\serenity\6810bec628a94bdc5475238a6e5f816a78179aba18bccd9096a2433ff93840b0.png
67155 [main] DEBUG n.t.core.steps.StepInterceptor - STEP DONE: calcularDesconto
67156 [Darkroom Processing Line] DEBUG n.s.c.p.DarkroomProcessingLine - Processing screenshot image in /var/screenshots/screenshot-12998553485009862745
67156 [Darkroom Processing Line] DEBUG n.s.c.p.DarkroomProcessingLine - Saving screenshot to target\site\serenity\6810bec628a94bdc5475238a6e5f816a78179aba18bccd9096a2433ff93840b0.png
67183 [main] DEBUG n.t.core.steps.StepInterceptor - STARTING STEP: Req001ClientASpecs.verificoMensagemExibidaComSucesso - verificarMensagemSucesso
67545 [main] DEBUG n.s.core.photography.Darkroom - Send negative for processing for target\site\serenity\6810bec628a94bdc5475238a6e5f816a78179aba18bccd9096a2433ff93840b0.png
67546 [main] DEBUG n.t.core.steps.StepInterceptor - STEP DONE: verificarMensagemSucesso
69350 [main] DEBUG n.t.core.steps.StepInterceptor - STARTING STEP: SharedSpecs.que_estou_na_página_inicial_do_sistema - acesse_pagina_inicial
77953 [main] DEBUG n.t.core.steps.StepInterceptor - STEP DONE: acesse_pagina_inicial
77973 [main] DEBUG n.t.core.steps.StepInterceptor - STARTING STEP: SharedSpecs.acesso_o_menu_para_o_calculo_do_desconto - acesse_pagina_desconto
78947 [main] DEBUG n.s.core.photography.Darkroom - Send negative for processing for target\site\serenity\cc4b144a8b212d5895ea2b70f6563752503e030a567d53a2d233250113fa4a61.png
78947 [main] DEBUG n.t.core.steps.StepInterceptor - STEP DONE: acesse_pagina_desconto
78948 [Darkroom Processing Line] DEBUG n.s.c.p.DarkroomProcessingLine - Processing screenshot image in /var/screenshots/screenshot-15792595730446636266
78949 [Darkroom Processing Line] DEBUG n.s.c.p.DarkroomProcessingLine - Saving screenshot to target\site\serenity\cc4b144a8b212d5895ea2b70f6563752503e030a567d53a2d233250113fa4a61.png
78981 [main] DEBUG n.t.core.steps.StepInterceptor - STARTING STEP: Req001ClientASpecs.selecionoUmProduto - selecionarProduto
79999 [main] DEBUG n.s.core.photography.Darkroom - Send negative for processing for target\site\serenity\2218033737abcbe75c4255a65bed50d41bc1ea91a0fd40d2ef46b91a58730bdc.png
79999 [main] DEBUG n.t.core.steps.StepInterceptor - STEP DONE: selecionarProduto
80000 [Darkroom Processing Line] DEBUG n.s.c.p.DarkroomProcessingLine - Processing screenshot image in /var/screenshots/screenshot-11902072098735632335
80000 [Darkroom Processing Line] DEBUG n.s.c.p.DarkroomProcessingLine - Saving screenshot to target\site\serenity\2218033737abcbe75c4255a65bed50d41bc1ea91a0fd40d2ef46b91a58730bdc.png
80024 [main] DEBUG n.t.core.steps.StepInterceptor - STARTING STEP: Req001ClientASpecs.preenchoComDadosClienteA - informarTipoCliente
80566 [main] DEBUG n.s.core.photography.Darkroom - Send negative for processing for target\site\serenity\2218033737abcbe75c4255a65bed50d41bc1ea91a0fd40d2ef46b91a58730bdc.png
80567 [main] DEBUG n.t.core.steps.StepInterceptor - STEP DONE: informarTipoCliente
80570 [main] DEBUG n.t.core.steps.StepInterceptor - STARTING STEP: Req001ClientASpecs.preenchoComDadosClienteA - informarQuantidadeItens
81132 [main] DEBUG n.s.core.photography.Darkroom - Send negative for processing for target\site\serenity\740c66bf9ae2d82b47f8bcb0941588869e0381ff01eeaa66760cfdd103614190.png
81132 [main] DEBUG n.t.core.steps.StepInterceptor - STEP DONE: informarQuantidadeItens
81134 [Darkroom Processing Line] DEBUG n.s.c.p.DarkroomProcessingLine - Processing screenshot image in /var/screenshots/screenshot-8158913038736950249
81134 [Darkroom Processing Line] DEBUG n.s.c.p.DarkroomProcessingLine - Saving screenshot to target\site\serenity\740c66bf9ae2d82b47f8bcb0941588869e0381ff01eeaa66760cfdd103614190.png
81156 [main] DEBUG n.t.core.steps.StepInterceptor - STARTING STEP: Req001ClientASpecs.calculoDesconto - calcularDesconto
82008 [main] DEBUG n.s.core.photography.Darkroom - Send negative for processing for target\site\serenity\7ce18c202a01045091986e1088789c735b1e786d2fcfedc3d79d3d8f5058cee9.png
82008 [main] DEBUG n.t.core.steps.StepInterceptor - STEP DONE: calcularDesconto
82010 [Darkroom Processing Line] DEBUG n.s.c.p.DarkroomProcessingLine - Processing screenshot image in /var/screenshots/screenshot-5171456067448787014
82010 [Darkroom Processing Line] DEBUG n.s.c.p.DarkroomProcessingLine - Saving screenshot to target\site\serenity\7ce18c202a01045091986e1088789c735b1e786d2fcfedc3d79d3d8f5058cee9.png
82032 [main] DEBUG n.t.core.steps.StepInterceptor - STARTING STEP: Req001ClientASpecs.verificoMensagemExibidaComSucesso - verificarMensagemSucesso
82391 [main] DEBUG n.s.core.photography.Darkroom - Send negative for processing for target\site\serenity\7ce18c202a01045091986e1088789c735b1e786d2fcfedc3d79d3d8f5058cee9.png
82391 [main] DEBUG n.t.core.steps.StepInterceptor - STEP DONE: verificarMensagemSucesso
84319 [main] DEBUG n.t.core.steps.StepInterceptor - STARTING STEP: SharedSpecs.que_estou_na_página_inicial_do_sistema - acesse_pagina_inicial
92463 [main] DEBUG n.t.core.steps.StepInterceptor - STEP DONE: acesse_pagina_inicial
92483 [main] DEBUG n.t.core.steps.StepInterceptor - STARTING STEP: SharedSpecs.acesso_o_menu_para_o_calculo_do_desconto - acesse_pagina_desconto
93451 [main] DEBUG n.s.core.photography.Darkroom - Send negative for processing for target\site\serenity\e45818940f65fa97eae2799561c44705ecc9576fee53324a21499004ef04ca3a.png
93451 [main] DEBUG n.t.core.steps.StepInterceptor - STEP DONE: acesse_pagina_desconto
93452 [Darkroom Processing Line] DEBUG n.s.c.p.DarkroomProcessingLine - Processing screenshot image in /var/screenshots/screenshot-13505217941160502267
93452 [Darkroom Processing Line] DEBUG n.s.c.p.DarkroomProcessingLine - Saving screenshot to target\site\serenity\e45818940f65fa97eae2799561c44705ecc9576fee53324a21499004ef04ca3a.png
93485 [main] DEBUG n.t.core.steps.StepInterceptor - STARTING STEP: Req001ClientASpecs.selecionoUmProduto - selecionarProduto
94477 [main] DEBUG n.s.core.photography.Darkroom - Send negative for processing for target\site\serenity\ee0aed5db6b15d4ad958e055f855d095dd845baa9a2335a906bccc037a868f23.png
94478 [main] DEBUG n.t.core.steps.StepInterceptor - STEP DONE: selecionarProduto
94479 [Darkroom Processing Line] DEBUG n.s.c.p.DarkroomProcessingLine - Processing screenshot image in /var/screenshots/screenshot-10865149315852249291
94479 [Darkroom Processing Line] DEBUG n.s.c.p.DarkroomProcessingLine - Saving screenshot to target\site\serenity\ee0aed5db6b15d4ad958e055f855d095dd845baa9a2335a906bccc037a868f23.png
94502 [main] DEBUG n.t.core.steps.StepInterceptor - STARTING STEP: Req001ClientASpecs.preenchoComDadosClienteA - informarTipoCliente
95086 [main] DEBUG n.s.core.photography.Darkroom - Send negative for processing for target\site\serenity\ee0aed5db6b15d4ad958e055f855d095dd845baa9a2335a906bccc037a868f23.png
95088 [main] DEBUG n.t.core.steps.StepInterceptor - STEP DONE: informarTipoCliente
95091 [main] DEBUG n.t.core.steps.StepInterceptor - STARTING STEP: Req001ClientASpecs.preenchoComDadosClienteA - informarQuantidadeItens
95647 [main] DEBUG n.s.core.photography.Darkroom - Send negative for processing for target\site\serenity\31652b868db5b25099f0024c861211110ccb43447ceed41672389064bdc1132b.png
95647 [main] DEBUG n.t.core.steps.StepInterceptor - STEP DONE: informarQuantidadeItens
95648 [Darkroom Processing Line] DEBUG n.s.c.p.DarkroomProcessingLine - Processing screenshot image in /var/screenshots/screenshot-14260059092026474893
95648 [Darkroom Processing Line] DEBUG n.s.c.p.DarkroomProcessingLine - Saving screenshot to target\site\serenity\31652b868db5b25099f0024c861211110ccb43447ceed41672389064bdc1132b.png
95670 [main] DEBUG n.t.core.steps.StepInterceptor - STARTING STEP: Req001ClientASpecs.calculoDesconto - calcularDesconto
96516 [main] DEBUG n.s.core.photography.Darkroom - Send negative for processing for target\site\serenity\fd43dcb707097c1462da7e4b3bf4f8fd16277d6422acc56261e11df475880435.png
96516 [main] DEBUG n.t.core.steps.StepInterceptor - STEP DONE: calcularDesconto
96517 [Darkroom Processing Line] DEBUG n.s.c.p.DarkroomProcessingLine - Processing screenshot image in /var/screenshots/screenshot-5133817851560430915
96517 [Darkroom Processing Line] DEBUG n.s.c.p.DarkroomProcessingLine - Saving screenshot to target\site\serenity\fd43dcb707097c1462da7e4b3bf4f8fd16277d6422acc56261e11df475880435.png
96539 [main] DEBUG n.t.core.steps.StepInterceptor - STARTING STEP: Req001ClientASpecs.verificoMensagemExibidaComSucesso - verificarMensagemSucesso
96889 [main] DEBUG n.s.core.photography.Darkroom - Send negative for processing for target\site\serenity\fd43dcb707097c1462da7e4b3bf4f8fd16277d6422acc56261e11df475880435.png
96890 [main] DEBUG n.t.core.steps.StepInterceptor - STEP DONE: verificarMensagemSucesso
99005 [main] DEBUG n.t.core.reports.ReportService - Reporting formats: [JSON, HTML]
99319 [main] DEBUG n.t.core.reports.ReportService - Reporting formats: [JSON, HTML]
99332 [main] DEBUG n.t.core.reports.ReportService - Generating reports for 1 test outcomes using: net.thucydides.core.reports.json.JSONTestOutcomeReporter@149238fe
99334 [pool-1-thread-1] DEBUG n.t.core.reports.ReportService - Processing test outcome REQ-1 - Calcular desconto:Calcular desconto com sucesso (fluxo básico)
99334 [pool-1-thread-1] DEBUG n.t.core.reports.ReportService - net.thucydides.core.reports.json.JSONTestOutcomeReporter@149238fe: Generating report for test outcome: REQ-1 - Calcular desconto:Calcular desconto com sucesso (fluxo básico)
99344 [pool-1-thread-1] DEBUG n.t.c.r.j.JSONTestOutcomeReporter - Generating JSON report for Calcular desconto com sucesso (fluxo básico) to file C:\Users\artur.araujo\git\pos-testes-unitarios\target\site\serenity\42ed43431ee77761e55b24e7580fd0a5eacc1429d50837dbfd9658add2366bb3.json (using temp file C:\Users\artur.araujo\git\pos-testes-unitarios\target\site\serenity\42ed43431ee77761e55b24e7580fd0a5eacc1429d50837dbfd9658add2366bb3.json0c188c15-a833-4a0d-aab7-fbd1c4864dab)
99431 [pool-1-thread-1] DEBUG n.t.core.reports.ReportService - Processing test outcome REQ-1 - Calcular desconto:Calcular desconto com sucesso (fluxo básico) done
99431 [main] DEBUG n.t.core.reports.ReportService - Shutting down executor service
99431 [main] DEBUG n.t.core.reports.ReportService - Reports generated in: 99 ms
99432 [main] DEBUG n.t.core.reports.ReportService - Generating reports for 1 test outcomes using: net.thucydides.core.reports.html.HtmlAcceptanceTestReporter@4c8afba
99433 [pool-2-thread-1] DEBUG n.t.core.reports.ReportService - Processing test outcome REQ-1 - Calcular desconto:Calcular desconto com sucesso (fluxo básico)
99433 [pool-2-thread-1] DEBUG n.t.core.reports.ReportService - net.thucydides.core.reports.html.HtmlAcceptanceTestReporter@4c8afba: Generating report for test outcome: REQ-1 - Calcular desconto:Calcular desconto com sucesso (fluxo básico)
99434 [pool-2-thread-1] DEBUG n.t.c.r.h.HtmlAcceptanceTestReporter - GENERATE TEST OUTCOME REPORT FOR Calcular desconto com sucesso (fluxo básico) in 42ed43431ee77761e55b24e7580fd0a5eacc1429d50837dbfd9658add2366bb3
99540 [pool-2-thread-1] DEBUG n.t.c.r.m.cucumber.CucumberParser - Added feature REQ-X - Formulário de Contato
99552 [pool-2-thread-1] DEBUG n.t.c.r.m.cucumber.CucumberParser - Added feature REQ-X - Calcular desconto
99564 [pool-2-thread-1] DEBUG n.t.c.r.m.cucumber.CucumberParser - Added feature REQ-1 - Calcular desconto
99565 [pool-2-thread-1] DEBUG n.t.c.r.RequirementsTagProvider -  found:[Requirement{name='REQ-X - Formulário de Contato', type='feature' parent = 'null', cardNumber='null'}, Requirement{name='REQ-X - Calcular desconto', type='feature' parent = 'null', cardNumber='null'}, Requirement{name='REQ-1 - Calcular desconto', type='feature' parent = 'null', cardNumber='null'}]
99576 [pool-2-thread-1] DEBUG n.t.c.r.BaseRequirementsService - Requirement found for test outcome Calcular desconto com sucesso (fluxo básico)-[]: Optional[Requirement{name='REQ-1 - Calcular desconto', type='feature' parent = 'null', cardNumber='null'}]
99579 [pool-2-thread-1] DEBUG n.t.c.r.BaseRequirementsService - Requirement found for test outcome Calcular desconto com sucesso (fluxo básico)-[]: Optional[Requirement{name='REQ-1 - Calcular desconto', type='feature' parent = 'null', cardNumber='null'}]
99806 [pool-2-thread-1] DEBUG n.t.c.r.BaseRequirementsService - Requirement found for test outcome Calcular desconto com sucesso (fluxo básico)-[]: Optional[Requirement{name='REQ-1 - Calcular desconto', type='feature' parent = 'null', cardNumber='null'}]
99807 [pool-2-thread-1] DEBUG n.t.c.r.BaseRequirementsService - Requirement found for test outcome Calcular desconto com sucesso (fluxo básico)-[]: Optional[Requirement{name='REQ-1 - Calcular desconto', type='feature' parent = 'null', cardNumber='null'}]
100073 [pool-2-thread-1] DEBUG n.t.c.r.h.HtmlAcceptanceTestReporter - Generating report in 42ed43431ee77761e55b24e7580fd0a5eacc1429d50837dbfd9658add2366bb3_screenshots.html
101231 [pool-2-thread-1] DEBUG n.t.c.r.h.HtmlAcceptanceTestReporter - Generated report 42ed43431ee77761e55b24e7580fd0a5eacc1429d50837dbfd9658add2366bb3_screenshots.html in 1158 ms
101233 [pool-2-thread-1] DEBUG n.t.c.r.h.HtmlAcceptanceTestReporter - GENERATING HTML REPORT FOR REQ-1 - Calcular desconto:Calcular desconto com sucesso (fluxo básico) in 42ed43431ee77761e55b24e7580fd0a5eacc1429d50837dbfd9658add2366bb3.html in directory target\site\serenity  
101241 [pool-2-thread-1] DEBUG n.t.c.r.h.HtmlAcceptanceTestReporter - Generating report in 42ed43431ee77761e55b24e7580fd0a5eacc1429d50837dbfd9658add2366bb3.html
139507 [pool-2-thread-1] DEBUG n.t.c.r.h.HtmlAcceptanceTestReporter - Generated report 42ed43431ee77761e55b24e7580fd0a5eacc1429d50837dbfd9658add2366bb3.html in 38266 ms
139507 [pool-2-thread-1] DEBUG n.t.core.reports.ReportService - Processing test outcome REQ-1 - Calcular desconto:Calcular desconto com sucesso (fluxo básico) done
139507 [main] DEBUG n.t.core.reports.ReportService - Shutting down executor service
139507 [main] DEBUG n.t.core.reports.ReportService - Reports generated in: 40075 ms
139705 [main] DEBUG n.s.core.photography.Darkroom - Closing darkroom
139705 [Darkroom Processing Line] DEBUG n.s.c.p.DarkroomProcessingLine - Darkroom processing line shutting down
4437 [main] INFO   - 

-------------------------------------------------------------------------------------
     _______. _______ .______       _______ .__   __.  __  .___________.____    ____ 
    /       ||   ____||   _  \     |   ____||  \ |  | |  | |           |\   \  /   / 
   |   (----`|  |__   |  |_)  |    |  |__   |   \|  | |  | `---|  |----` \   \/   /  
    \   \    |   __|  |      /     |   __|  |  . `  | |  |     |  |       \_    _/   
.----)   |   |  |____ |  |\  \----.|  |____ |  |\   | |  |     |  |         |  |     
|_______/    |_______|| _| `._____||_______||__| \__| |__|     |__|         |__|    
                                                                                     
 News and tutorials at http://www.serenity-bdd.info                                  
 Documentation at https://wakaleo.gitbooks.io/the-serenity-book/content/             
 Join the Serenity Community on Gitter: https://gitter.im/serenity-bdd/serenity-core 
 Serenity BDD Support and Training at http://serenity-bdd.info/#/trainingandsupport  
-------------------------------------------------------------------------------------

4454 [main] DEBUG n.t.core.steps.StepEventBus - Test suite started for story net.thucydides.core.model.Story@53d1bce7
4463 [main] INFO   - Test Suite Started: REQ-1 - Calcular Desconto
5441 [main] INFO   - 
 _____ _____ ____ _____   ____ _____  _    ____ _____ _____ ____  
|_   _| ____/ ___|_   _| / ___|_   _|/ \  |  _ \_   _| ____|  _ \ 
  | | |  _| \___ \ | |   \___ \ | | / _ \ | |_) || | |  _| | | | |
  | | | |___ ___) || |    ___) || |/ ___ \|  _ < | | | |___| |_| |
  |_| |_____|____/ |_|   |____/ |_/_/   \_\_| \_\|_| |_____|____/ 

Calcular desconto com sucesso(req-1---calcular-desconto;calcular-desconto-com-sucesso)
-------------------------------------------------------------------
5772 [main] DEBUG n.t.c.r.m.cucumber.CucumberParser - Added feature REQ-X - Formulário de Contato
5804 [main] DEBUG n.t.c.r.m.cucumber.CucumberParser - Added feature REQ-X - Calcular desconto
5821 [main] DEBUG n.t.c.r.m.cucumber.CucumberParser - Added feature REQ-1 - Calcular Desconto
7332 [main] DEBUG n.t.core.steps.StepInterceptor - STARTING STEP: SharedSpecs.que_estou_na_página_inicial_do_sistema - acesse_pagina_inicial
11094 [main] DEBUG io.netty.handler.ssl.JdkSslContext - Default protocols (JDK): [TLSv1.2, TLSv1.1, TLSv1] 
11095 [main] DEBUG io.netty.handler.ssl.JdkSslContext - Default cipher suites (JDK): [TLS_ECDHE_ECDSA_WITH_AES_256_GCM_SHA384, TLS_ECDHE_ECDSA_WITH_AES_128_GCM_SHA256, TLS_ECDHE_RSA_WITH_AES_128_GCM_SHA256, TLS_ECDHE_RSA_WITH_AES_256_GCM_SHA384, TLS_ECDHE_RSA_WITH_AES_128_CBC_SHA, TLS_ECDHE_RSA_WITH_AES_256_CBC_SHA, TLS_RSA_WITH_AES_128_GCM_SHA256, TLS_RSA_WITH_AES_128_CBC_SHA, TLS_RSA_WITH_AES_256_CBC_SHA, TLS_AES_128_GCM_SHA256, TLS_AES_256_GCM_SHA384]
11207 [main] DEBUG i.n.c.MultithreadEventLoopGroup - -Dio.netty.eventLoopThreads: 8
11242 [main] DEBUG io.netty.channel.nio.NioEventLoop - -Dio.netty.noKeySetOptimization: false
11242 [main] DEBUG io.netty.channel.nio.NioEventLoop - -Dio.netty.selectorAutoRebuildThreshold: 512
11341 [main] DEBUG i.n.buffer.PooledByteBufAllocator - -Dio.netty.allocator.numHeapArenas: 8
11342 [main] DEBUG i.n.buffer.PooledByteBufAllocator - -Dio.netty.allocator.numDirectArenas: 8
11342 [main] DEBUG i.n.buffer.PooledByteBufAllocator - -Dio.netty.allocator.pageSize: 8192
11342 [main] DEBUG i.n.buffer.PooledByteBufAllocator - -Dio.netty.allocator.maxOrder: 11
11342 [main] DEBUG i.n.buffer.PooledByteBufAllocator - -Dio.netty.allocator.chunkSize: 16777216
11342 [main] DEBUG i.n.buffer.PooledByteBufAllocator - -Dio.netty.allocator.tinyCacheSize: 512
11343 [main] DEBUG i.n.buffer.PooledByteBufAllocator - -Dio.netty.allocator.smallCacheSize: 256
11343 [main] DEBUG i.n.buffer.PooledByteBufAllocator - -Dio.netty.allocator.normalCacheSize: 64
11343 [main] DEBUG i.n.buffer.PooledByteBufAllocator - -Dio.netty.allocator.maxCachedBufferCapacity: 32768
11343 [main] DEBUG i.n.buffer.PooledByteBufAllocator - -Dio.netty.allocator.cacheTrimInterval: 8192
11343 [main] DEBUG i.n.buffer.PooledByteBufAllocator - -Dio.netty.allocator.cacheTrimIntervalMillis: 0
11343 [main] DEBUG i.n.buffer.PooledByteBufAllocator - -Dio.netty.allocator.useCacheForAllThreads: true
11343 [main] DEBUG i.n.buffer.PooledByteBufAllocator - -Dio.netty.allocator.maxCachedByteBuffersPerChunk: 1023
11371 [main] DEBUG io.netty.buffer.ByteBufUtil - -Dio.netty.allocator.type: pooled
11372 [main] DEBUG io.netty.buffer.ByteBufUtil - -Dio.netty.threadLocalDirectBufferSize: 0
11372 [main] DEBUG io.netty.buffer.ByteBufUtil - -Dio.netty.maxThreadLocalCharBufferSize: 16384
12629 [Forwarding newSession on session null to remote] DEBUG io.netty.channel.DefaultChannelId - -Dio.netty.processId: 10768 (auto-detected)
12688 [Forwarding newSession on session null to remote] DEBUG io.netty.channel.DefaultChannelId - -Dio.netty.machineId: d4:3d:7e:ff:fe:7f:ea:c5 (auto-detected)
12884 [AsyncHttpClient-3-1] DEBUG io.netty.buffer.AbstractByteBuf - -Dio.netty.buffer.checkAccessible: true
12885 [AsyncHttpClient-3-1] DEBUG io.netty.buffer.AbstractByteBuf - -Dio.netty.buffer.checkBounds: true
20820 [main] DEBUG n.t.core.steps.StepInterceptor - STEP DONE: acesse_pagina_inicial
20898 [main] DEBUG n.t.core.steps.StepInterceptor - STARTING STEP: SharedSpecs.acesso_o_menu_para_o_calculo_do_desconto - acesse_pagina_desconto
22111 [main] DEBUG n.s.core.photography.Darkroom - Opening darkroom
22114 [Darkroom Processing Line] DEBUG n.s.c.p.DarkroomProcessingLine - Darkroom processing line starting up
22859 [main] DEBUG n.s.core.photography.Darkroom - Send negative for processing for target\site\serenity\e400943ce10619612b0e1cc0600d735de2335fd999e9c100d5329eed1486d0b7.png
22860 [Darkroom Processing Line] DEBUG n.s.c.p.DarkroomProcessingLine - Processing screenshot image in /var/screenshots/screenshot-9695252954167359772
22861 [Darkroom Processing Line] DEBUG n.s.c.p.DarkroomProcessingLine - Saving screenshot to target\site\serenity\e400943ce10619612b0e1cc0600d735de2335fd999e9c100d5329eed1486d0b7.png
22863 [main] DEBUG n.t.core.steps.StepInterceptor - STEP DONE: acesse_pagina_desconto
23326 [main] DEBUG n.s.core.photography.Darkroom - Send negative for processing for target\site\serenity\e400943ce10619612b0e1cc0600d735de2335fd999e9c100d5329eed1486d0b7.png
23327 [main] DEBUG n.t.core.steps.StepInterceptor - STARTING STEP: Req001ClientASpecs.selecionoUmProduto - selecionarProduto
24386 [main] DEBUG n.s.core.photography.Darkroom - Send negative for processing for target\site\serenity\ec374df419925b5d46cc82a97ba73843c678cfc594ecc22bcb884443292fed2c.png
24387 [main] DEBUG n.t.core.steps.StepInterceptor - STEP DONE: selecionarProduto
24388 [Darkroom Processing Line] DEBUG n.s.c.p.DarkroomProcessingLine - Processing screenshot image in /var/screenshots/screenshot-16147819345834249519
24388 [Darkroom Processing Line] DEBUG n.s.c.p.DarkroomProcessingLine - Saving screenshot to target\site\serenity\ec374df419925b5d46cc82a97ba73843c678cfc594ecc22bcb884443292fed2c.png
24819 [main] DEBUG n.s.core.photography.Darkroom - Send negative for processing for target\site\serenity\ec374df419925b5d46cc82a97ba73843c678cfc594ecc22bcb884443292fed2c.png
24820 [main] DEBUG n.t.core.steps.StepInterceptor - STARTING STEP: Req001ClientASpecs.preenchoComDadosClienteA - informarTipoCliente
25413 [main] DEBUG n.s.core.photography.Darkroom - Send negative for processing for target\site\serenity\ec374df419925b5d46cc82a97ba73843c678cfc594ecc22bcb884443292fed2c.png
25414 [main] DEBUG n.t.core.steps.StepInterceptor - STEP DONE: informarTipoCliente
25421 [main] DEBUG n.t.core.steps.StepInterceptor - STARTING STEP: Req001ClientASpecs.preenchoComDadosClienteA - informarQuantidadeItens
26052 [main] DEBUG n.s.core.photography.Darkroom - Send negative for processing for target\site\serenity\01ce22bb6cc93a2db232771aba2f1319c3a4a0f9605a040f7b12edac1950c550.png
26053 [main] DEBUG n.t.core.steps.StepInterceptor - STEP DONE: informarQuantidadeItens
26053 [Darkroom Processing Line] DEBUG n.s.c.p.DarkroomProcessingLine - Processing screenshot image in /var/screenshots/screenshot-13351252985634524674
26054 [Darkroom Processing Line] DEBUG n.s.c.p.DarkroomProcessingLine - Saving screenshot to target\site\serenity\01ce22bb6cc93a2db232771aba2f1319c3a4a0f9605a040f7b12edac1950c550.png
26086 [main] DEBUG n.t.core.steps.StepInterceptor - STARTING STEP: Req001ClientASpecs.calculoDesconto - calcularDesconto
26984 [main] DEBUG n.s.core.photography.Darkroom - Send negative for processing for target\site\serenity\0cbf29689e15000f49b00c87ef17a9c70e84dadeefae00e4e66ab6f8c815292f.png
26984 [main] DEBUG n.t.core.steps.StepInterceptor - STEP DONE: calcularDesconto
26985 [Darkroom Processing Line] DEBUG n.s.c.p.DarkroomProcessingLine - Processing screenshot image in /var/screenshots/screenshot-5903912612419951924
26986 [Darkroom Processing Line] DEBUG n.s.c.p.DarkroomProcessingLine - Saving screenshot to target\site\serenity\0cbf29689e15000f49b00c87ef17a9c70e84dadeefae00e4e66ab6f8c815292f.png
27012 [main] DEBUG n.t.core.steps.StepInterceptor - STARTING STEP: Req001ClientASpecs.verificoMensagemExibidaComSucesso - verificarMensagemSucesso
27391 [main] DEBUG n.s.core.photography.Darkroom - Send negative for processing for target\site\serenity\0cbf29689e15000f49b00c87ef17a9c70e84dadeefae00e4e66ab6f8c815292f.png
27392 [main] DEBUG n.t.core.steps.StepInterceptor - STEP DONE: verificarMensagemSucesso
30618 [main] INFO   - 
        __    _____ _____ ____ _____   ____   _    ____  ____  _____ ____  
  _     \ \  |_   _| ____/ ___|_   _| |  _ \ / \  / ___|/ ___|| ____|  _ \ 
 (_)_____| |   | | |  _| \___ \ | |   | |_) / _ \ \___ \\___ \|  _| | | | |
  _|_____| |   | | | |___ ___) || |   |  __/ ___ \ ___) |___) | |___| |_| |
 (_)     | |   |_| |_____|____/ |_|   |_| /_/   \_\____/|____/|_____|____/ 
        /_/                                                                

Calcular desconto com sucesso
----------------------------------------------------------------------------
30669 [main] DEBUG n.t.core.steps.StepInterceptor - STARTING STEP: SharedSpecs.que_estou_na_página_inicial_do_sistema - acesse_pagina_inicial
40118 [main] DEBUG n.t.core.steps.StepInterceptor - STEP DONE: acesse_pagina_inicial
40139 [main] DEBUG n.t.core.steps.StepInterceptor - STARTING STEP: SharedSpecs.acesso_o_menu_para_o_calculo_do_desconto - acesse_pagina_desconto
41132 [main] DEBUG n.s.core.photography.Darkroom - Send negative for processing for target\site\serenity\630fab39c9a95c9b1dffadd62d6c0a4fbae8f96562da7250872e7cd8ae1cab29.png
41132 [main] DEBUG n.t.core.steps.StepInterceptor - STEP DONE: acesse_pagina_desconto
41134 [Darkroom Processing Line] DEBUG n.s.c.p.DarkroomProcessingLine - Processing screenshot image in /var/screenshots/screenshot-17661687532635067327
41134 [Darkroom Processing Line] DEBUG n.s.c.p.DarkroomProcessingLine - Saving screenshot to target\site\serenity\630fab39c9a95c9b1dffadd62d6c0a4fbae8f96562da7250872e7cd8ae1cab29.png
41178 [main] DEBUG n.t.core.steps.StepInterceptor - STARTING STEP: Req001ClientASpecs.selecionoUmProduto - selecionarProduto
42241 [main] DEBUG n.s.core.photography.Darkroom - Send negative for processing for target\site\serenity\03706b9c3fc47f87e5bb0f9d652cf3fc992dbae23f86fec60f05941d0df76a84.png
42241 [main] DEBUG n.t.core.steps.StepInterceptor - STEP DONE: selecionarProduto
42242 [Darkroom Processing Line] DEBUG n.s.c.p.DarkroomProcessingLine - Processing screenshot image in /var/screenshots/screenshot-10797845142672332176
42242 [Darkroom Processing Line] DEBUG n.s.c.p.DarkroomProcessingLine - Saving screenshot to target\site\serenity\03706b9c3fc47f87e5bb0f9d652cf3fc992dbae23f86fec60f05941d0df76a84.png
42268 [main] DEBUG n.t.core.steps.StepInterceptor - STARTING STEP: Req001ClientASpecs.preenchoComDadosClienteA - informarTipoCliente
42949 [main] DEBUG n.s.core.photography.Darkroom - Send negative for processing for target\site\serenity\03706b9c3fc47f87e5bb0f9d652cf3fc992dbae23f86fec60f05941d0df76a84.png
42950 [main] DEBUG n.t.core.steps.StepInterceptor - STEP DONE: informarTipoCliente
42954 [main] DEBUG n.t.core.steps.StepInterceptor - STARTING STEP: Req001ClientASpecs.preenchoComDadosClienteA - informarQuantidadeItens
43548 [main] DEBUG n.s.core.photography.Darkroom - Send negative for processing for target\site\serenity\1fc2ec169da34a0c129d5b1b6c34fe5ec7a1351c0f6d3a61addc38f137739a7a.png
43549 [main] DEBUG n.t.core.steps.StepInterceptor - STEP DONE: informarQuantidadeItens
43550 [Darkroom Processing Line] DEBUG n.s.c.p.DarkroomProcessingLine - Processing screenshot image in /var/screenshots/screenshot-12838126409590129236
43550 [Darkroom Processing Line] DEBUG n.s.c.p.DarkroomProcessingLine - Saving screenshot to target\site\serenity\1fc2ec169da34a0c129d5b1b6c34fe5ec7a1351c0f6d3a61addc38f137739a7a.png
43576 [main] DEBUG n.t.core.steps.StepInterceptor - STARTING STEP: Req001ClientASpecs.calculoDesconto - calcularDesconto
44613 [main] DEBUG n.s.core.photography.Darkroom - Send negative for processing for target\site\serenity\441602a5a374f48ed814b331adb86d5f4b1136d4f8a994c7de7c00b1fef21ba5.png
44615 [Darkroom Processing Line] DEBUG n.s.c.p.DarkroomProcessingLine - Processing screenshot image in /var/screenshots/screenshot-12519922465518852696
44615 [Darkroom Processing Line] DEBUG n.s.c.p.DarkroomProcessingLine - Saving screenshot to target\site\serenity\441602a5a374f48ed814b331adb86d5f4b1136d4f8a994c7de7c00b1fef21ba5.png
44617 [main] DEBUG n.t.core.steps.StepInterceptor - STEP DONE: calcularDesconto
45165 [main] DEBUG n.s.core.photography.Darkroom - Send negative for processing for target\site\serenity\441602a5a374f48ed814b331adb86d5f4b1136d4f8a994c7de7c00b1fef21ba5.png
45165 [main] DEBUG n.t.core.steps.StepInterceptor - STARTING STEP: Req001ClientASpecs.verificoMensagemExibidaComSucesso - verificarMensagemSucesso
45627 [main] DEBUG n.s.core.photography.Darkroom - Send negative for processing for target\site\serenity\441602a5a374f48ed814b331adb86d5f4b1136d4f8a994c7de7c00b1fef21ba5.png
45627 [main] DEBUG n.t.core.steps.StepInterceptor - STEP DONE: verificarMensagemSucesso
47397 [main] INFO   - 
        __    _____ _____ ____ _____   ____   _    ____  ____  _____ ____  
  _     \ \  |_   _| ____/ ___|_   _| |  _ \ / \  / ___|/ ___|| ____|  _ \ 
 (_)_____| |   | | |  _| \___ \ | |   | |_) / _ \ \___ \\___ \|  _| | | | |
  _|_____| |   | | | |___ ___) || |   |  __/ ___ \ ___) |___) | |___| |_| |
 (_)     | |   |_| |_____|____/ |_|   |_| /_/   \_\____/|____/|_____|____/ 
        /_/                                                                

Calcular desconto com sucesso
----------------------------------------------------------------------------
47441 [main] DEBUG n.t.core.steps.StepInterceptor - STARTING STEP: SharedSpecs.que_estou_na_página_inicial_do_sistema - acesse_pagina_inicial
58655 [main] DEBUG n.t.core.steps.StepInterceptor - STEP DONE: acesse_pagina_inicial
58677 [main] DEBUG n.t.core.steps.StepInterceptor - STARTING STEP: SharedSpecs.acesso_o_menu_para_o_calculo_do_desconto - acesse_pagina_desconto
59656 [main] DEBUG n.s.core.photography.Darkroom - Send negative for processing for target\site\serenity\051248a9c70e7b1ab5a87cddf3b506d14f5168a21fdb722aac43c092948b7519.png
59656 [main] DEBUG n.t.core.steps.StepInterceptor - STEP DONE: acesse_pagina_desconto
59657 [Darkroom Processing Line] DEBUG n.s.c.p.DarkroomProcessingLine - Processing screenshot image in /var/screenshots/screenshot-7596278346669593018
59657 [Darkroom Processing Line] DEBUG n.s.c.p.DarkroomProcessingLine - Saving screenshot to target\site\serenity\051248a9c70e7b1ab5a87cddf3b506d14f5168a21fdb722aac43c092948b7519.png
59690 [main] DEBUG n.t.core.steps.StepInterceptor - STARTING STEP: Req001ClientASpecs.selecionoUmProduto - selecionarProduto
60738 [main] DEBUG n.s.core.photography.Darkroom - Send negative for processing for target\site\serenity\f2d36e87add66bdd842683a06dd54e4cfc522aeb32ab9a74d06f96a1a98a0dad.png
60738 [main] DEBUG n.t.core.steps.StepInterceptor - STEP DONE: selecionarProduto
60739 [Darkroom Processing Line] DEBUG n.s.c.p.DarkroomProcessingLine - Processing screenshot image in /var/screenshots/screenshot-7051388704868176965
60739 [Darkroom Processing Line] DEBUG n.s.c.p.DarkroomProcessingLine - Saving screenshot to target\site\serenity\f2d36e87add66bdd842683a06dd54e4cfc522aeb32ab9a74d06f96a1a98a0dad.png
60766 [main] DEBUG n.t.core.steps.StepInterceptor - STARTING STEP: Req001ClientASpecs.preenchoComDadosClienteA - informarTipoCliente
61315 [main] DEBUG n.s.core.photography.Darkroom - Send negative for processing for target\site\serenity\f2d36e87add66bdd842683a06dd54e4cfc522aeb32ab9a74d06f96a1a98a0dad.png
61316 [main] DEBUG n.t.core.steps.StepInterceptor - STEP DONE: informarTipoCliente
61319 [main] DEBUG n.t.core.steps.StepInterceptor - STARTING STEP: Req001ClientASpecs.preenchoComDadosClienteA - informarQuantidadeItens
61933 [main] DEBUG n.s.core.photography.Darkroom - Send negative for processing for target\site\serenity\85ae9da9212e36e6e25754508e838d7dc1b352ea0ae4c3f9ad2a1d4c9a55fe3f.png
61934 [main] DEBUG n.t.core.steps.StepInterceptor - STEP DONE: informarQuantidadeItens
61934 [Darkroom Processing Line] DEBUG n.s.c.p.DarkroomProcessingLine - Processing screenshot image in /var/screenshots/screenshot-6170205206956889001
61935 [Darkroom Processing Line] DEBUG n.s.c.p.DarkroomProcessingLine - Saving screenshot to target\site\serenity\85ae9da9212e36e6e25754508e838d7dc1b352ea0ae4c3f9ad2a1d4c9a55fe3f.png
61956 [main] DEBUG n.t.core.steps.StepInterceptor - STARTING STEP: Req001ClientASpecs.calculoDesconto - calcularDesconto
62797 [main] DEBUG n.s.core.photography.Darkroom - Send negative for processing for target\site\serenity\5252935e3ce4286f76e7561a08c667fd521c2e9482a240f9098406f11e1c1e78.png
62798 [main] DEBUG n.t.core.steps.StepInterceptor - STEP DONE: calcularDesconto
62799 [Darkroom Processing Line] DEBUG n.s.c.p.DarkroomProcessingLine - Processing screenshot image in /var/screenshots/screenshot-3253631111947590024
62799 [Darkroom Processing Line] DEBUG n.s.c.p.DarkroomProcessingLine - Saving screenshot to target\site\serenity\5252935e3ce4286f76e7561a08c667fd521c2e9482a240f9098406f11e1c1e78.png
62821 [main] DEBUG n.t.core.steps.StepInterceptor - STARTING STEP: Req001ClientASpecs.verificoMensagemExibidaComSucesso - verificarMensagemSucesso
63203 [main] DEBUG n.s.core.photography.Darkroom - Send negative for processing for target\site\serenity\5252935e3ce4286f76e7561a08c667fd521c2e9482a240f9098406f11e1c1e78.png
63204 [main] DEBUG n.t.core.steps.StepInterceptor - STEP DONE: verificarMensagemSucesso
67193 [main] DEBUG n.t.core.steps.StepInterceptor - STARTING STEP: SharedSpecs.que_estou_na_página_inicial_do_sistema - acesse_pagina_inicial
80264 [main] DEBUG n.t.core.steps.StepInterceptor - STEP DONE: acesse_pagina_inicial
80285 [main] DEBUG n.t.core.steps.StepInterceptor - STARTING STEP: SharedSpecs.acesso_o_menu_para_o_calculo_do_desconto - acesse_pagina_desconto
81373 [main] DEBUG n.s.core.photography.Darkroom - Send negative for processing for target\site\serenity\6e70806a26ff4c88d688b62f5a809b1620ba12280147a1b0262cfbd600be7490.png
81373 [main] DEBUG n.t.core.steps.StepInterceptor - STEP DONE: acesse_pagina_desconto
81377 [Darkroom Processing Line] DEBUG n.s.c.p.DarkroomProcessingLine - Processing screenshot image in /var/screenshots/screenshot-9134144795305954446
81382 [Darkroom Processing Line] DEBUG n.s.c.p.DarkroomProcessingLine - Saving screenshot to target\site\serenity\6e70806a26ff4c88d688b62f5a809b1620ba12280147a1b0262cfbd600be7490.png
81413 [main] DEBUG n.t.core.steps.StepInterceptor - STARTING STEP: Req001ClientASpecs.selecionoUmProduto - selecionarProduto
82444 [main] DEBUG n.s.core.photography.Darkroom - Send negative for processing for target\site\serenity\328f060a4c3d35c10ce779463fa9efe8df1a9b73ac53787df97288c7787ce47e.png
82444 [main] DEBUG n.t.core.steps.StepInterceptor - STEP DONE: selecionarProduto
82445 [Darkroom Processing Line] DEBUG n.s.c.p.DarkroomProcessingLine - Processing screenshot image in /var/screenshots/screenshot-391525818174323498
82446 [Darkroom Processing Line] DEBUG n.s.c.p.DarkroomProcessingLine - Saving screenshot to target\site\serenity\328f060a4c3d35c10ce779463fa9efe8df1a9b73ac53787df97288c7787ce47e.png
82469 [main] DEBUG n.t.core.steps.StepInterceptor - STARTING STEP: Req001ClientASpecs.preenchoComDadosClienteA - informarTipoCliente
83011 [main] DEBUG n.s.core.photography.Darkroom - Send negative for processing for target\site\serenity\328f060a4c3d35c10ce779463fa9efe8df1a9b73ac53787df97288c7787ce47e.png
83011 [main] DEBUG n.t.core.steps.StepInterceptor - STEP DONE: informarTipoCliente
83014 [main] DEBUG n.t.core.steps.StepInterceptor - STARTING STEP: Req001ClientASpecs.preenchoComDadosClienteA - informarQuantidadeItens
83633 [main] DEBUG n.s.core.photography.Darkroom - Send negative for processing for target\site\serenity\fa57b38f27892b7427be3e4e43707c67fd795ac234f8609f46b8193aece0107a.png
83634 [main] DEBUG n.t.core.steps.StepInterceptor - STEP DONE: informarQuantidadeItens
83635 [Darkroom Processing Line] DEBUG n.s.c.p.DarkroomProcessingLine - Processing screenshot image in /var/screenshots/screenshot-2180161274252442004
83635 [Darkroom Processing Line] DEBUG n.s.c.p.DarkroomProcessingLine - Saving screenshot to target\site\serenity\fa57b38f27892b7427be3e4e43707c67fd795ac234f8609f46b8193aece0107a.png
83659 [main] DEBUG n.t.core.steps.StepInterceptor - STARTING STEP: Req001ClientASpecs.calculoDesconto - calcularDesconto
84522 [main] DEBUG n.s.core.photography.Darkroom - Send negative for processing for target\site\serenity\892f5abb85015ab0390a0b00c57c8c877b388cfb2773a3add317712f242cb9fe.png
84523 [main] DEBUG n.t.core.steps.StepInterceptor - STEP DONE: calcularDesconto
84524 [Darkroom Processing Line] DEBUG n.s.c.p.DarkroomProcessingLine - Processing screenshot image in /var/screenshots/screenshot-13341425710807539423
84524 [Darkroom Processing Line] DEBUG n.s.c.p.DarkroomProcessingLine - Saving screenshot to target\site\serenity\892f5abb85015ab0390a0b00c57c8c877b388cfb2773a3add317712f242cb9fe.png
84547 [main] DEBUG n.t.core.steps.StepInterceptor - STARTING STEP: Req001ClientASpecs.verificoMensagemExibidaComSucesso - verificarMensagemSucesso
84964 [main] DEBUG n.s.core.photography.Darkroom - Send negative for processing for target\site\serenity\892f5abb85015ab0390a0b00c57c8c877b388cfb2773a3add317712f242cb9fe.png
84964 [main] DEBUG n.t.core.steps.StepInterceptor - STEP DONE: verificarMensagemSucesso
88090 [main] DEBUG n.t.core.steps.StepInterceptor - STARTING STEP: SharedSpecs.que_estou_na_página_inicial_do_sistema - acesse_pagina_inicial
98890 [main] DEBUG n.t.core.steps.StepInterceptor - STEP DONE: acesse_pagina_inicial
98910 [main] DEBUG n.t.core.steps.StepInterceptor - STARTING STEP: SharedSpecs.acesso_o_menu_para_o_calculo_do_desconto - acesse_pagina_desconto
99926 [main] DEBUG n.s.core.photography.Darkroom - Send negative for processing for target\site\serenity\9cdee3ddae1882d9bcfc2ca514d5be51c60f6348182c9d12ea55365c5f4669c1.png
99926 [main] DEBUG n.t.core.steps.StepInterceptor - STEP DONE: acesse_pagina_desconto
99927 [Darkroom Processing Line] DEBUG n.s.c.p.DarkroomProcessingLine - Processing screenshot image in /var/screenshots/screenshot-4222252083421098178
99927 [Darkroom Processing Line] DEBUG n.s.c.p.DarkroomProcessingLine - Saving screenshot to target\site\serenity\9cdee3ddae1882d9bcfc2ca514d5be51c60f6348182c9d12ea55365c5f4669c1.png
99960 [main] DEBUG n.t.core.steps.StepInterceptor - STARTING STEP: Req001ClientASpecs.selecionoUmProduto - selecionarProduto
100965 [main] DEBUG n.s.core.photography.Darkroom - Send negative for processing for target\site\serenity\21a244673d29e5f3a8266985b4eb1657d24e77afc55f3261b5c8b5cce8bacccd.png
100965 [main] DEBUG n.t.core.steps.StepInterceptor - STEP DONE: selecionarProduto
100967 [Darkroom Processing Line] DEBUG n.s.c.p.DarkroomProcessingLine - Processing screenshot image in /var/screenshots/screenshot-17029019366726922851
100967 [Darkroom Processing Line] DEBUG n.s.c.p.DarkroomProcessingLine - Saving screenshot to target\site\serenity\21a244673d29e5f3a8266985b4eb1657d24e77afc55f3261b5c8b5cce8bacccd.png
100990 [main] DEBUG n.t.core.steps.StepInterceptor - STARTING STEP: Req001ClientASpecs.preenchoComDadosClienteA - informarTipoCliente
101532 [main] DEBUG n.s.core.photography.Darkroom - Send negative for processing for target\site\serenity\21a244673d29e5f3a8266985b4eb1657d24e77afc55f3261b5c8b5cce8bacccd.png
101532 [main] DEBUG n.t.core.steps.StepInterceptor - STEP DONE: informarTipoCliente
101535 [main] DEBUG n.t.core.steps.StepInterceptor - STARTING STEP: Req001ClientASpecs.preenchoComDadosClienteA - informarQuantidadeItens
102115 [main] DEBUG n.s.core.photography.Darkroom - Send negative for processing for target\site\serenity\578d3963fd3478f8836c14c13725ef16a5157d27ab55aee739bff42a92eafe0b.png
102115 [main] DEBUG n.t.core.steps.StepInterceptor - STEP DONE: informarQuantidadeItens
102116 [Darkroom Processing Line] DEBUG n.s.c.p.DarkroomProcessingLine - Processing screenshot image in /var/screenshots/screenshot-14201625164099413449
102117 [Darkroom Processing Line] DEBUG n.s.c.p.DarkroomProcessingLine - Saving screenshot to target\site\serenity\578d3963fd3478f8836c14c13725ef16a5157d27ab55aee739bff42a92eafe0b.png
102138 [main] DEBUG n.t.core.steps.StepInterceptor - STARTING STEP: Req001ClientASpecs.calculoDesconto - calcularDesconto
102994 [main] DEBUG n.s.core.photography.Darkroom - Send negative for processing for target\site\serenity\ec56e7153d746dd666c4cb8443a0455eb5a2e8ee1cef29f5406dd96b0432bdb1.png
102995 [main] DEBUG n.t.core.steps.StepInterceptor - STEP DONE: calcularDesconto
102996 [Darkroom Processing Line] DEBUG n.s.c.p.DarkroomProcessingLine - Processing screenshot image in /var/screenshots/screenshot-17320456778555256387
102996 [Darkroom Processing Line] DEBUG n.s.c.p.DarkroomProcessingLine - Saving screenshot to target\site\serenity\ec56e7153d746dd666c4cb8443a0455eb5a2e8ee1cef29f5406dd96b0432bdb1.png
103018 [main] DEBUG n.t.core.steps.StepInterceptor - STARTING STEP: Req001ClientASpecs.verificoMensagemExibidaComSucesso - verificarMensagemSucesso
103374 [main] DEBUG n.s.core.photography.Darkroom - Send negative for processing for target\site\serenity\ec56e7153d746dd666c4cb8443a0455eb5a2e8ee1cef29f5406dd96b0432bdb1.png
103375 [main] DEBUG n.t.core.steps.StepInterceptor - STEP DONE: verificarMensagemSucesso
105716 [main] DEBUG n.t.core.reports.ReportService - Reporting formats: [JSON, HTML]
106120 [main] DEBUG n.t.core.reports.ReportService - Reporting formats: [JSON, HTML]
106134 [main] DEBUG n.t.core.reports.ReportService - Generating reports for 1 test outcomes using: net.thucydides.core.reports.json.JSONTestOutcomeReporter@38e052b2
106136 [pool-1-thread-1] DEBUG n.t.core.reports.ReportService - Processing test outcome REQ-1 - Calcular Desconto:Calcular desconto com sucesso
106136 [pool-1-thread-1] DEBUG n.t.core.reports.ReportService - net.thucydides.core.reports.json.JSONTestOutcomeReporter@38e052b2: Generating report for test outcome: REQ-1 - Calcular Desconto:Calcular desconto com sucesso
106153 [pool-1-thread-1] DEBUG n.t.c.r.j.JSONTestOutcomeReporter - Generating JSON report for Calcular desconto com sucesso to file C:\Users\artur.araujo\git\pos-testes-unitarios\target\site\serenity\8e128f31b7719e3f609ebc3f147f27cd8eaaa05c6d04562be910d5949f0dbc47.json (using temp file C:\Users\artur.araujo\git\pos-testes-unitarios\target\site\serenity\8e128f31b7719e3f609ebc3f147f27cd8eaaa05c6d04562be910d5949f0dbc47.json7402e7b8-8a27-4756-8511-438db8ca5254)
106258 [pool-1-thread-1] DEBUG n.t.core.reports.ReportService - Processing test outcome REQ-1 - Calcular Desconto:Calcular desconto com sucesso done
106259 [main] DEBUG n.t.core.reports.ReportService - Shutting down executor service
106259 [main] DEBUG n.t.core.reports.ReportService - Reports generated in: 125 ms
106259 [main] DEBUG n.t.core.reports.ReportService - Generating reports for 1 test outcomes using: net.thucydides.core.reports.html.HtmlAcceptanceTestReporter@3f2ab6ec
106261 [pool-2-thread-1] DEBUG n.t.core.reports.ReportService - Processing test outcome REQ-1 - Calcular Desconto:Calcular desconto com sucesso
106263 [pool-2-thread-1] DEBUG n.t.core.reports.ReportService - net.thucydides.core.reports.html.HtmlAcceptanceTestReporter@3f2ab6ec: Generating report for test outcome: REQ-1 - Calcular Desconto:Calcular desconto com sucesso
106264 [pool-2-thread-1] DEBUG n.t.c.r.h.HtmlAcceptanceTestReporter - GENERATE TEST OUTCOME REPORT FOR Calcular desconto com sucesso in 8e128f31b7719e3f609ebc3f147f27cd8eaaa05c6d04562be910d5949f0dbc47
106422 [pool-2-thread-1] DEBUG n.t.c.r.m.cucumber.CucumberParser - Added feature REQ-X - Formulário de Contato
106435 [pool-2-thread-1] DEBUG n.t.c.r.m.cucumber.CucumberParser - Added feature REQ-X - Calcular desconto
106451 [pool-2-thread-1] DEBUG n.t.c.r.m.cucumber.CucumberParser - Added feature REQ-1 - Calcular Desconto
106453 [pool-2-thread-1] DEBUG n.t.c.r.RequirementsTagProvider -  found:[Requirement{name='REQ-X - Formulário de Contato', type='feature' parent = 'null', cardNumber='null'}, Requirement{name='REQ-X - Calcular desconto', type='feature' parent = 'null', cardNumber='null'}, Requirement{name='REQ-1 - Calcular Desconto', type='feature' parent = 'null', cardNumber='null'}]
106467 [pool-2-thread-1] DEBUG n.t.c.r.BaseRequirementsService - Requirement found for test outcome Calcular desconto com sucesso-[]: Optional[Requirement{name='REQ-1 - Calcular Desconto', type='feature' parent = 'null', cardNumber='null'}]
106471 [pool-2-thread-1] DEBUG n.t.c.r.BaseRequirementsService - Requirement found for test outcome Calcular desconto com sucesso-[]: Optional[Requirement{name='REQ-1 - Calcular Desconto', type='feature' parent = 'null', cardNumber='null'}]
106889 [pool-2-thread-1] DEBUG n.t.c.r.BaseRequirementsService - Requirement found for test outcome Calcular desconto com sucesso-[]: Optional[Requirement{name='REQ-1 - Calcular Desconto', type='feature' parent = 'null', cardNumber='null'}]
106891 [pool-2-thread-1] DEBUG n.t.c.r.BaseRequirementsService - Requirement found for test outcome Calcular desconto com sucesso-[]: Optional[Requirement{name='REQ-1 - Calcular Desconto', type='feature' parent = 'null', cardNumber='null'}]
107554 [pool-2-thread-1] DEBUG n.t.c.r.h.HtmlAcceptanceTestReporter - Generating report in 8e128f31b7719e3f609ebc3f147f27cd8eaaa05c6d04562be910d5949f0dbc47_screenshots.html
109157 [pool-2-thread-1] DEBUG n.t.c.r.h.HtmlAcceptanceTestReporter - Generated report 8e128f31b7719e3f609ebc3f147f27cd8eaaa05c6d04562be910d5949f0dbc47_screenshots.html in 1602 ms
109164 [pool-2-thread-1] DEBUG n.t.c.r.h.HtmlAcceptanceTestReporter - GENERATING HTML REPORT FOR REQ-1 - Calcular Desconto:Calcular desconto com sucesso in 8e128f31b7719e3f609ebc3f147f27cd8eaaa05c6d04562be910d5949f0dbc47.html in directory target\site\serenity  
109178 [pool-2-thread-1] DEBUG n.t.c.r.h.HtmlAcceptanceTestReporter - Generating report in 8e128f31b7719e3f609ebc3f147f27cd8eaaa05c6d04562be910d5949f0dbc47.html
149245 [pool-2-thread-1] DEBUG n.t.c.r.h.HtmlAcceptanceTestReporter - Generated report 8e128f31b7719e3f609ebc3f147f27cd8eaaa05c6d04562be910d5949f0dbc47.html in 40067 ms
149245 [pool-2-thread-1] DEBUG n.t.core.reports.ReportService - Processing test outcome REQ-1 - Calcular Desconto:Calcular desconto com sucesso done
149245 [main] DEBUG n.t.core.reports.ReportService - Shutting down executor service
149245 [main] DEBUG n.t.core.reports.ReportService - Reports generated in: 42986 ms
149444 [main] DEBUG n.s.core.photography.Darkroom - Closing darkroom
149445 [Darkroom Processing Line] DEBUG n.s.c.p.DarkroomProcessingLine - Darkroom processing line shutting down
4216 [main] INFO   - 

-------------------------------------------------------------------------------------
     _______. _______ .______       _______ .__   __.  __  .___________.____    ____ 
    /       ||   ____||   _  \     |   ____||  \ |  | |  | |           |\   \  /   / 
   |   (----`|  |__   |  |_)  |    |  |__   |   \|  | |  | `---|  |----` \   \/   /  
    \   \    |   __|  |      /     |   __|  |  . `  | |  |     |  |       \_    _/   
.----)   |   |  |____ |  |\  \----.|  |____ |  |\   | |  |     |  |         |  |     
|_______/    |_______|| _| `._____||_______||__| \__| |__|     |__|         |__|    
                                                                                     
 News and tutorials at http://www.serenity-bdd.info                                  
 Documentation at https://wakaleo.gitbooks.io/the-serenity-book/content/             
 Join the Serenity Community on Gitter: https://gitter.im/serenity-bdd/serenity-core 
 Serenity BDD Support and Training at http://serenity-bdd.info/#/trainingandsupport  
-------------------------------------------------------------------------------------

4232 [main] DEBUG n.t.core.steps.StepEventBus - Test suite started for story net.thucydides.core.model.Story@53d1bce7
4240 [main] INFO   - Test Suite Started: REQ-1 - Calcular Desconto
5199 [main] INFO   - 
 _____ _____ ____ _____   ____ _____  _    ____ _____ _____ ____  
|_   _| ____/ ___|_   _| / ___|_   _|/ \  |  _ \_   _| ____|  _ \ 
  | | |  _| \___ \ | |   \___ \ | | / _ \ | |_) || | |  _| | | | |
  | | | |___ ___) || |    ___) || |/ ___ \|  _ < | | | |___| |_| |
  |_| |_____|____/ |_|   |____/ |_/_/   \_\_| \_\|_| |_____|____/ 

Calcular desconto com sucesso(req-1---calcular-desconto;calcular-desconto-com-sucesso)
-------------------------------------------------------------------
5503 [main] DEBUG n.t.c.r.m.cucumber.CucumberParser - Added feature REQ-X - Formulário de Contato
5532 [main] DEBUG n.t.c.r.m.cucumber.CucumberParser - Added feature REQ-X - Calcular desconto
5553 [main] DEBUG n.t.c.r.m.cucumber.CucumberParser - Added feature REQ-1 - Calcular Desconto
7023 [main] DEBUG n.t.core.steps.StepInterceptor - STARTING STEP: SharedSpecs.que_estou_na_página_inicial_do_sistema - acesse_pagina_inicial
11000 [main] DEBUG io.netty.handler.ssl.JdkSslContext - Default protocols (JDK): [TLSv1.2, TLSv1.1, TLSv1] 
11000 [main] DEBUG io.netty.handler.ssl.JdkSslContext - Default cipher suites (JDK): [TLS_ECDHE_ECDSA_WITH_AES_256_GCM_SHA384, TLS_ECDHE_ECDSA_WITH_AES_128_GCM_SHA256, TLS_ECDHE_RSA_WITH_AES_128_GCM_SHA256, TLS_ECDHE_RSA_WITH_AES_256_GCM_SHA384, TLS_ECDHE_RSA_WITH_AES_128_CBC_SHA, TLS_ECDHE_RSA_WITH_AES_256_CBC_SHA, TLS_RSA_WITH_AES_128_GCM_SHA256, TLS_RSA_WITH_AES_128_CBC_SHA, TLS_RSA_WITH_AES_256_CBC_SHA, TLS_AES_128_GCM_SHA256, TLS_AES_256_GCM_SHA384]
11105 [main] DEBUG i.n.c.MultithreadEventLoopGroup - -Dio.netty.eventLoopThreads: 8
11138 [main] DEBUG io.netty.channel.nio.NioEventLoop - -Dio.netty.noKeySetOptimization: false
11139 [main] DEBUG io.netty.channel.nio.NioEventLoop - -Dio.netty.selectorAutoRebuildThreshold: 512
11234 [main] DEBUG i.n.buffer.PooledByteBufAllocator - -Dio.netty.allocator.numHeapArenas: 8
11234 [main] DEBUG i.n.buffer.PooledByteBufAllocator - -Dio.netty.allocator.numDirectArenas: 8
11235 [main] DEBUG i.n.buffer.PooledByteBufAllocator - -Dio.netty.allocator.pageSize: 8192
11235 [main] DEBUG i.n.buffer.PooledByteBufAllocator - -Dio.netty.allocator.maxOrder: 11
11235 [main] DEBUG i.n.buffer.PooledByteBufAllocator - -Dio.netty.allocator.chunkSize: 16777216
11235 [main] DEBUG i.n.buffer.PooledByteBufAllocator - -Dio.netty.allocator.tinyCacheSize: 512
11235 [main] DEBUG i.n.buffer.PooledByteBufAllocator - -Dio.netty.allocator.smallCacheSize: 256
11235 [main] DEBUG i.n.buffer.PooledByteBufAllocator - -Dio.netty.allocator.normalCacheSize: 64
11235 [main] DEBUG i.n.buffer.PooledByteBufAllocator - -Dio.netty.allocator.maxCachedBufferCapacity: 32768
11236 [main] DEBUG i.n.buffer.PooledByteBufAllocator - -Dio.netty.allocator.cacheTrimInterval: 8192
11236 [main] DEBUG i.n.buffer.PooledByteBufAllocator - -Dio.netty.allocator.cacheTrimIntervalMillis: 0
11236 [main] DEBUG i.n.buffer.PooledByteBufAllocator - -Dio.netty.allocator.useCacheForAllThreads: true
11236 [main] DEBUG i.n.buffer.PooledByteBufAllocator - -Dio.netty.allocator.maxCachedByteBuffersPerChunk: 1023
11264 [main] DEBUG io.netty.buffer.ByteBufUtil - -Dio.netty.allocator.type: pooled
11264 [main] DEBUG io.netty.buffer.ByteBufUtil - -Dio.netty.threadLocalDirectBufferSize: 0
11264 [main] DEBUG io.netty.buffer.ByteBufUtil - -Dio.netty.maxThreadLocalCharBufferSize: 16384
12533 [Forwarding newSession on session null to remote] DEBUG io.netty.channel.DefaultChannelId - -Dio.netty.processId: 17036 (auto-detected)
12593 [Forwarding newSession on session null to remote] DEBUG io.netty.channel.DefaultChannelId - -Dio.netty.machineId: d4:3d:7e:ff:fe:7f:ea:c5 (auto-detected)
12773 [AsyncHttpClient-3-1] DEBUG io.netty.buffer.AbstractByteBuf - -Dio.netty.buffer.checkAccessible: true
12774 [AsyncHttpClient-3-1] DEBUG io.netty.buffer.AbstractByteBuf - -Dio.netty.buffer.checkBounds: true
20939 [main] DEBUG n.t.core.steps.StepInterceptor - STEP DONE: acesse_pagina_inicial
20994 [main] DEBUG n.t.core.steps.StepInterceptor - STARTING STEP: SharedSpecs.acesso_o_menu_para_o_calculo_do_desconto - acesse_pagina_desconto
21854 [main] DEBUG n.s.core.photography.Darkroom - Opening darkroom
21860 [Darkroom Processing Line] DEBUG n.s.c.p.DarkroomProcessingLine - Darkroom processing line starting up
22599 [main] DEBUG n.s.core.photography.Darkroom - Send negative for processing for target\site\serenity\507e7502562affb39305d06e891e37de69832704cf188d87321e7bc241b6b457.png
22600 [Darkroom Processing Line] DEBUG n.s.c.p.DarkroomProcessingLine - Processing screenshot image in /var/screenshots/screenshot-16621221817332652865
22601 [Darkroom Processing Line] DEBUG n.s.c.p.DarkroomProcessingLine - Saving screenshot to target\site\serenity\507e7502562affb39305d06e891e37de69832704cf188d87321e7bc241b6b457.png
22603 [main] DEBUG n.t.core.steps.StepInterceptor - STEP DONE: acesse_pagina_desconto
23005 [main] DEBUG n.s.core.photography.Darkroom - Send negative for processing for target\site\serenity\507e7502562affb39305d06e891e37de69832704cf188d87321e7bc241b6b457.png
23008 [main] DEBUG n.t.core.steps.StepInterceptor - STARTING STEP: Req001ClienteASpecs.selecionoUmProduto - selecionarProduto
24082 [main] DEBUG n.s.core.photography.Darkroom - Send negative for processing for target\site\serenity\34ef65881737596a677f014c39e4a71c0eea6f12975c63ac27cfce17864d8937.png
24083 [main] DEBUG n.t.core.steps.StepInterceptor - STEP DONE: selecionarProduto
24083 [Darkroom Processing Line] DEBUG n.s.c.p.DarkroomProcessingLine - Processing screenshot image in /var/screenshots/screenshot-9257157439087769557
24084 [Darkroom Processing Line] DEBUG n.s.c.p.DarkroomProcessingLine - Saving screenshot to target\site\serenity\34ef65881737596a677f014c39e4a71c0eea6f12975c63ac27cfce17864d8937.png
24127 [main] DEBUG n.t.core.steps.StepInterceptor - STARTING STEP: Req001ClienteASpecs.preenchoComDadosClienteA - informarTipoCliente
24730 [main] DEBUG n.s.core.photography.Darkroom - Send negative for processing for target\site\serenity\34ef65881737596a677f014c39e4a71c0eea6f12975c63ac27cfce17864d8937.png
24731 [main] DEBUG n.t.core.steps.StepInterceptor - STEP DONE: informarTipoCliente
24736 [main] DEBUG n.t.core.steps.StepInterceptor - STARTING STEP: Req001ClienteASpecs.preenchoComDadosClienteA - informarQuantidadeItens
25382 [main] DEBUG n.s.core.photography.Darkroom - Send negative for processing for target\site\serenity\4558a2ea4bed388dccc4a58319a269aa9192cc2c6453d963ee930040d34840ee.png
25383 [main] DEBUG n.t.core.steps.StepInterceptor - STEP DONE: informarQuantidadeItens
25384 [Darkroom Processing Line] DEBUG n.s.c.p.DarkroomProcessingLine - Processing screenshot image in /var/screenshots/screenshot-6807579052004322899
25384 [Darkroom Processing Line] DEBUG n.s.c.p.DarkroomProcessingLine - Saving screenshot to target\site\serenity\4558a2ea4bed388dccc4a58319a269aa9192cc2c6453d963ee930040d34840ee.png
25427 [main] DEBUG n.t.core.steps.StepInterceptor - STARTING STEP: Req001ClienteASpecs.calculoDesconto - calcularDesconto
26306 [main] DEBUG n.s.core.photography.Darkroom - Send negative for processing for target\site\serenity\c4bffb678904d67343ac25e2b96b00653ff7c63f2e1d85d861f1675d2e16b8b4.png
26306 [main] DEBUG n.t.core.steps.StepInterceptor - STEP DONE: calcularDesconto
26307 [Darkroom Processing Line] DEBUG n.s.c.p.DarkroomProcessingLine - Processing screenshot image in /var/screenshots/screenshot-9996895892105356734
26307 [Darkroom Processing Line] DEBUG n.s.c.p.DarkroomProcessingLine - Saving screenshot to target\site\serenity\c4bffb678904d67343ac25e2b96b00653ff7c63f2e1d85d861f1675d2e16b8b4.png
26336 [main] DEBUG n.t.core.steps.StepInterceptor - STARTING STEP: Req001ClienteASpecs.verificoMensagemExibidaComSucesso - verificarMensagemSucesso
26706 [main] DEBUG n.s.core.photography.Darkroom - Send negative for processing for target\site\serenity\c4bffb678904d67343ac25e2b96b00653ff7c63f2e1d85d861f1675d2e16b8b4.png
26707 [main] DEBUG n.t.core.steps.StepInterceptor - STEP DONE: verificarMensagemSucesso
29965 [main] INFO   - 
        __    _____ _____ ____ _____   ____   _    ____  ____  _____ ____  
  _     \ \  |_   _| ____/ ___|_   _| |  _ \ / \  / ___|/ ___|| ____|  _ \ 
 (_)_____| |   | | |  _| \___ \ | |   | |_) / _ \ \___ \\___ \|  _| | | | |
  _|_____| |   | | | |___ ___) || |   |  __/ ___ \ ___) |___) | |___| |_| |
 (_)     | |   |_| |_____|____/ |_|   |_| /_/   \_\____/|____/|_____|____/ 
        /_/                                                                

Calcular desconto com sucesso
----------------------------------------------------------------------------
30020 [main] DEBUG n.t.core.steps.StepInterceptor - STARTING STEP: SharedSpecs.que_estou_na_página_inicial_do_sistema - acesse_pagina_inicial
38704 [main] DEBUG n.t.core.steps.StepInterceptor - STEP DONE: acesse_pagina_inicial
38723 [main] DEBUG n.t.core.steps.StepInterceptor - STARTING STEP: SharedSpecs.acesso_o_menu_para_o_calculo_do_desconto - acesse_pagina_desconto
39701 [main] DEBUG n.s.core.photography.Darkroom - Send negative for processing for target\site\serenity\7ca83e1eafe0dc2e444b9d392f2996830c2740da618061d2ee22e19a5f7c8e1a.png
39702 [main] DEBUG n.t.core.steps.StepInterceptor - STEP DONE: acesse_pagina_desconto
39703 [Darkroom Processing Line] DEBUG n.s.c.p.DarkroomProcessingLine - Processing screenshot image in /var/screenshots/screenshot-5582107269794738960
39703 [Darkroom Processing Line] DEBUG n.s.c.p.DarkroomProcessingLine - Saving screenshot to target\site\serenity\7ca83e1eafe0dc2e444b9d392f2996830c2740da618061d2ee22e19a5f7c8e1a.png
39739 [main] DEBUG n.t.core.steps.StepInterceptor - STARTING STEP: Req001ClienteASpecs.selecionoUmProduto - selecionarProduto
40746 [main] DEBUG n.s.core.photography.Darkroom - Send negative for processing for target\site\serenity\2a3d678920984fb23cd89d68dfbec9e1bf80753e5faf5fe8b7a82430cb951e1e.png
40747 [main] DEBUG n.t.core.steps.StepInterceptor - STEP DONE: selecionarProduto
40747 [Darkroom Processing Line] DEBUG n.s.c.p.DarkroomProcessingLine - Processing screenshot image in /var/screenshots/screenshot-4729759096184215450
40748 [Darkroom Processing Line] DEBUG n.s.c.p.DarkroomProcessingLine - Saving screenshot to target\site\serenity\2a3d678920984fb23cd89d68dfbec9e1bf80753e5faf5fe8b7a82430cb951e1e.png
40772 [main] DEBUG n.t.core.steps.StepInterceptor - STARTING STEP: Req001ClienteASpecs.preenchoComDadosClienteA - informarTipoCliente
41317 [main] DEBUG n.s.core.photography.Darkroom - Send negative for processing for target\site\serenity\2a3d678920984fb23cd89d68dfbec9e1bf80753e5faf5fe8b7a82430cb951e1e.png
41317 [main] DEBUG n.t.core.steps.StepInterceptor - STEP DONE: informarTipoCliente
41321 [main] DEBUG n.t.core.steps.StepInterceptor - STARTING STEP: Req001ClienteASpecs.preenchoComDadosClienteA - informarQuantidadeItens
41891 [main] DEBUG n.s.core.photography.Darkroom - Send negative for processing for target\site\serenity\8748aaf99c1d4a8dcdf51e014577a367781fed580406a2c00ce0e1d36b6717b1.png
41891 [main] DEBUG n.t.core.steps.StepInterceptor - STEP DONE: informarQuantidadeItens
41892 [Darkroom Processing Line] DEBUG n.s.c.p.DarkroomProcessingLine - Processing screenshot image in /var/screenshots/screenshot-5375052577583750245
41892 [Darkroom Processing Line] DEBUG n.s.c.p.DarkroomProcessingLine - Saving screenshot to target\site\serenity\8748aaf99c1d4a8dcdf51e014577a367781fed580406a2c00ce0e1d36b6717b1.png
41915 [main] DEBUG n.t.core.steps.StepInterceptor - STARTING STEP: Req001ClienteASpecs.calculoDesconto - calcularDesconto
42800 [main] DEBUG n.s.core.photography.Darkroom - Send negative for processing for target\site\serenity\f5eb55d74669a5dbf3ec07a7058f556c50a9ed76698297adbe6917c17bad97f0.png
42800 [main] DEBUG n.t.core.steps.StepInterceptor - STEP DONE: calcularDesconto
42801 [Darkroom Processing Line] DEBUG n.s.c.p.DarkroomProcessingLine - Processing screenshot image in /var/screenshots/screenshot-5789646785897065739
42802 [Darkroom Processing Line] DEBUG n.s.c.p.DarkroomProcessingLine - Saving screenshot to target\site\serenity\f5eb55d74669a5dbf3ec07a7058f556c50a9ed76698297adbe6917c17bad97f0.png
42824 [main] DEBUG n.t.core.steps.StepInterceptor - STARTING STEP: Req001ClienteASpecs.verificoMensagemExibidaComSucesso - verificarMensagemSucesso
43181 [main] DEBUG n.s.core.photography.Darkroom - Send negative for processing for target\site\serenity\f5eb55d74669a5dbf3ec07a7058f556c50a9ed76698297adbe6917c17bad97f0.png
43181 [main] DEBUG n.t.core.steps.StepInterceptor - STEP DONE: verificarMensagemSucesso
45070 [main] INFO   - 
        __    _____ _____ ____ _____   ____   _    ____  ____  _____ ____  
  _     \ \  |_   _| ____/ ___|_   _| |  _ \ / \  / ___|/ ___|| ____|  _ \ 
 (_)_____| |   | | |  _| \___ \ | |   | |_) / _ \ \___ \\___ \|  _| | | | |
  _|_____| |   | | | |___ ___) || |   |  __/ ___ \ ___) |___) | |___| |_| |
 (_)     | |   |_| |_____|____/ |_|   |_| /_/   \_\____/|____/|_____|____/ 
        /_/                                                                

Calcular desconto com sucesso
----------------------------------------------------------------------------
45111 [main] DEBUG n.t.core.steps.StepInterceptor - STARTING STEP: SharedSpecs.que_estou_na_página_inicial_do_sistema - acesse_pagina_inicial
55458 [main] DEBUG n.t.core.steps.StepInterceptor - STEP DONE: acesse_pagina_inicial
55478 [main] DEBUG n.t.core.steps.StepInterceptor - STARTING STEP: SharedSpecs.acesso_o_menu_para_o_calculo_do_desconto - acesse_pagina_desconto
56623 [main] DEBUG n.s.core.photography.Darkroom - Send negative for processing for target\site\serenity\5cd4e2bfd57e9e1cd5dc824b2c8eee200233092afd079ef2460fa3ac28f480e0.png
56623 [main] DEBUG n.t.core.steps.StepInterceptor - STEP DONE: acesse_pagina_desconto
56624 [Darkroom Processing Line] DEBUG n.s.c.p.DarkroomProcessingLine - Processing screenshot image in /var/screenshots/screenshot-8824181814541354243
56624 [Darkroom Processing Line] DEBUG n.s.c.p.DarkroomProcessingLine - Saving screenshot to target\site\serenity\5cd4e2bfd57e9e1cd5dc824b2c8eee200233092afd079ef2460fa3ac28f480e0.png
56672 [main] DEBUG n.t.core.steps.StepInterceptor - STARTING STEP: Req001ClienteASpecs.selecionoUmProduto - selecionarProduto
57692 [main] DEBUG n.s.core.photography.Darkroom - Send negative for processing for target\site\serenity\2cb2eb561f7233d65eb2966f3436c2b59397d2cf96fce08981c6c8b7675e20ea.png
57692 [main] DEBUG n.t.core.steps.StepInterceptor - STEP DONE: selecionarProduto
57693 [Darkroom Processing Line] DEBUG n.s.c.p.DarkroomProcessingLine - Processing screenshot image in /var/screenshots/screenshot-6732055542588310103
57694 [Darkroom Processing Line] DEBUG n.s.c.p.DarkroomProcessingLine - Saving screenshot to target\site\serenity\2cb2eb561f7233d65eb2966f3436c2b59397d2cf96fce08981c6c8b7675e20ea.png
57719 [main] DEBUG n.t.core.steps.StepInterceptor - STARTING STEP: Req001ClienteASpecs.preenchoComDadosClienteA - informarTipoCliente
58266 [main] DEBUG n.s.core.photography.Darkroom - Send negative for processing for target\site\serenity\2cb2eb561f7233d65eb2966f3436c2b59397d2cf96fce08981c6c8b7675e20ea.png
58267 [main] DEBUG n.t.core.steps.StepInterceptor - STEP DONE: informarTipoCliente
58271 [main] DEBUG n.t.core.steps.StepInterceptor - STARTING STEP: Req001ClienteASpecs.preenchoComDadosClienteA - informarQuantidadeItens
58847 [main] DEBUG n.s.core.photography.Darkroom - Send negative for processing for target\site\serenity\7ee9aedeeff6404c96cc5f22f1c8d916199bd97278493c71f097a4387ced0ede.png
58848 [main] DEBUG n.t.core.steps.StepInterceptor - STEP DONE: informarQuantidadeItens
58849 [Darkroom Processing Line] DEBUG n.s.c.p.DarkroomProcessingLine - Processing screenshot image in /var/screenshots/screenshot-643426563492358106
58849 [Darkroom Processing Line] DEBUG n.s.c.p.DarkroomProcessingLine - Saving screenshot to target\site\serenity\7ee9aedeeff6404c96cc5f22f1c8d916199bd97278493c71f097a4387ced0ede.png
58871 [main] DEBUG n.t.core.steps.StepInterceptor - STARTING STEP: Req001ClienteASpecs.calculoDesconto - calcularDesconto
59749 [main] DEBUG n.s.core.photography.Darkroom - Send negative for processing for target\site\serenity\6ca593a2761101780966fee80de9da9091dcef39fc8427810eb744ae53fa065b.png
59749 [main] DEBUG n.t.core.steps.StepInterceptor - STEP DONE: calcularDesconto
59750 [Darkroom Processing Line] DEBUG n.s.c.p.DarkroomProcessingLine - Processing screenshot image in /var/screenshots/screenshot-3527697428181218372
59750 [Darkroom Processing Line] DEBUG n.s.c.p.DarkroomProcessingLine - Saving screenshot to target\site\serenity\6ca593a2761101780966fee80de9da9091dcef39fc8427810eb744ae53fa065b.png
59772 [main] DEBUG n.t.core.steps.StepInterceptor - STARTING STEP: Req001ClienteASpecs.verificoMensagemExibidaComSucesso - verificarMensagemSucesso
60122 [main] DEBUG n.s.core.photography.Darkroom - Send negative for processing for target\site\serenity\6ca593a2761101780966fee80de9da9091dcef39fc8427810eb744ae53fa065b.png
60122 [main] DEBUG n.t.core.steps.StepInterceptor - STEP DONE: verificarMensagemSucesso
62044 [main] DEBUG n.t.core.steps.StepInterceptor - STARTING STEP: SharedSpecs.que_estou_na_página_inicial_do_sistema - acesse_pagina_inicial
70055 [main] DEBUG n.t.core.steps.StepInterceptor - STEP DONE: acesse_pagina_inicial
70078 [main] DEBUG n.t.core.steps.StepInterceptor - STARTING STEP: SharedSpecs.acesso_o_menu_para_o_calculo_do_desconto - acesse_pagina_desconto
71077 [main] DEBUG n.s.core.photography.Darkroom - Send negative for processing for target\site\serenity\bf9022cd4568769fa053a2f74db5e3f533c0ecbd47539747a44515a5bf761d5a.png
71077 [main] DEBUG n.t.core.steps.StepInterceptor - STEP DONE: acesse_pagina_desconto
71078 [Darkroom Processing Line] DEBUG n.s.c.p.DarkroomProcessingLine - Processing screenshot image in /var/screenshots/screenshot-9870861709607937118
71079 [Darkroom Processing Line] DEBUG n.s.c.p.DarkroomProcessingLine - Saving screenshot to target\site\serenity\bf9022cd4568769fa053a2f74db5e3f533c0ecbd47539747a44515a5bf761d5a.png
71111 [main] DEBUG n.t.core.steps.StepInterceptor - STARTING STEP: Req001ClienteASpecs.selecionoUmProduto - selecionarProduto
72130 [main] DEBUG n.s.core.photography.Darkroom - Send negative for processing for target\site\serenity\bc59df086b5189713a76f3c57326b724e19ed0b8257c1510303be0f291af9582.png
72130 [main] DEBUG n.t.core.steps.StepInterceptor - STEP DONE: selecionarProduto
72131 [Darkroom Processing Line] DEBUG n.s.c.p.DarkroomProcessingLine - Processing screenshot image in /var/screenshots/screenshot-775723765553824905
72131 [Darkroom Processing Line] DEBUG n.s.c.p.DarkroomProcessingLine - Saving screenshot to target\site\serenity\bc59df086b5189713a76f3c57326b724e19ed0b8257c1510303be0f291af9582.png
72156 [main] DEBUG n.t.core.steps.StepInterceptor - STARTING STEP: Req001ClienteASpecs.preenchoComDadosClienteA - informarTipoCliente
72733 [main] DEBUG n.s.core.photography.Darkroom - Send negative for processing for target\site\serenity\bc59df086b5189713a76f3c57326b724e19ed0b8257c1510303be0f291af9582.png
72733 [main] DEBUG n.t.core.steps.StepInterceptor - STEP DONE: informarTipoCliente
72737 [main] DEBUG n.t.core.steps.StepInterceptor - STARTING STEP: Req001ClienteASpecs.preenchoComDadosClienteA - informarQuantidadeItens
73304 [main] DEBUG n.s.core.photography.Darkroom - Send negative for processing for target\site\serenity\c88367f33a9fccb3e7ae1272a7869e1580695c71b21dda2a23d36af50ce08063.png
73305 [main] DEBUG n.t.core.steps.StepInterceptor - STEP DONE: informarQuantidadeItens
73306 [Darkroom Processing Line] DEBUG n.s.c.p.DarkroomProcessingLine - Processing screenshot image in /var/screenshots/screenshot-190790627803839574
73306 [Darkroom Processing Line] DEBUG n.s.c.p.DarkroomProcessingLine - Saving screenshot to target\site\serenity\c88367f33a9fccb3e7ae1272a7869e1580695c71b21dda2a23d36af50ce08063.png
73327 [main] DEBUG n.t.core.steps.StepInterceptor - STARTING STEP: Req001ClienteASpecs.calculoDesconto - calcularDesconto
74174 [main] DEBUG n.s.core.photography.Darkroom - Send negative for processing for target\site\serenity\7d4585f8d0383550a53d990a724653de04843e1cd0f5c999f4696900c03f3e85.png
74175 [main] DEBUG n.t.core.steps.StepInterceptor - STEP DONE: calcularDesconto
74176 [Darkroom Processing Line] DEBUG n.s.c.p.DarkroomProcessingLine - Processing screenshot image in /var/screenshots/screenshot-11143849746527787789
74176 [Darkroom Processing Line] DEBUG n.s.c.p.DarkroomProcessingLine - Saving screenshot to target\site\serenity\7d4585f8d0383550a53d990a724653de04843e1cd0f5c999f4696900c03f3e85.png
74198 [main] DEBUG n.t.core.steps.StepInterceptor - STARTING STEP: Req001ClienteASpecs.verificoMensagemExibidaComSucesso - verificarMensagemSucesso
74556 [main] DEBUG n.s.core.photography.Darkroom - Send negative for processing for target\site\serenity\7d4585f8d0383550a53d990a724653de04843e1cd0f5c999f4696900c03f3e85.png
74556 [main] DEBUG n.t.core.steps.StepInterceptor - STEP DONE: verificarMensagemSucesso
76433 [main] DEBUG n.t.core.steps.StepInterceptor - STARTING STEP: SharedSpecs.que_estou_na_página_inicial_do_sistema - acesse_pagina_inicial
84511 [main] DEBUG n.t.core.steps.StepInterceptor - STEP DONE: acesse_pagina_inicial
84532 [main] DEBUG n.t.core.steps.StepInterceptor - STARTING STEP: SharedSpecs.acesso_o_menu_para_o_calculo_do_desconto - acesse_pagina_desconto
85514 [main] DEBUG n.s.core.photography.Darkroom - Send negative for processing for target\site\serenity\ed244d5217fd271d288938002aa9b8e8c23bc81dd9b42b5d93bded63afaf6da9.png
85514 [main] DEBUG n.t.core.steps.StepInterceptor - STEP DONE: acesse_pagina_desconto
85515 [Darkroom Processing Line] DEBUG n.s.c.p.DarkroomProcessingLine - Processing screenshot image in /var/screenshots/screenshot-3424344309009666623
85516 [Darkroom Processing Line] DEBUG n.s.c.p.DarkroomProcessingLine - Saving screenshot to target\site\serenity\ed244d5217fd271d288938002aa9b8e8c23bc81dd9b42b5d93bded63afaf6da9.png
85547 [main] DEBUG n.t.core.steps.StepInterceptor - STARTING STEP: Req001ClienteASpecs.selecionoUmProduto - selecionarProduto
86562 [main] DEBUG n.s.core.photography.Darkroom - Send negative for processing for target\site\serenity\6e3be0ef9f9eae160abdea4def18a3faf8e15cb503a94e23ec9bb6c5c3e15905.png
86562 [main] DEBUG n.t.core.steps.StepInterceptor - STEP DONE: selecionarProduto
86563 [Darkroom Processing Line] DEBUG n.s.c.p.DarkroomProcessingLine - Processing screenshot image in /var/screenshots/screenshot-15427576229641611577
86563 [Darkroom Processing Line] DEBUG n.s.c.p.DarkroomProcessingLine - Saving screenshot to target\site\serenity\6e3be0ef9f9eae160abdea4def18a3faf8e15cb503a94e23ec9bb6c5c3e15905.png
86589 [main] DEBUG n.t.core.steps.StepInterceptor - STARTING STEP: Req001ClienteASpecs.preenchoComDadosClienteA - informarTipoCliente
87122 [main] DEBUG n.s.core.photography.Darkroom - Send negative for processing for target\site\serenity\6e3be0ef9f9eae160abdea4def18a3faf8e15cb503a94e23ec9bb6c5c3e15905.png
87123 [main] DEBUG n.t.core.steps.StepInterceptor - STEP DONE: informarTipoCliente
87127 [main] DEBUG n.t.core.steps.StepInterceptor - STARTING STEP: Req001ClienteASpecs.preenchoComDadosClienteA - informarQuantidadeItens
87684 [main] DEBUG n.s.core.photography.Darkroom - Send negative for processing for target\site\serenity\042748de10ad3cab486a68fbb22458cb25b2337b8cf7075b125d91899904d9a2.png
87685 [main] DEBUG n.t.core.steps.StepInterceptor - STEP DONE: informarQuantidadeItens
87686 [Darkroom Processing Line] DEBUG n.s.c.p.DarkroomProcessingLine - Processing screenshot image in /var/screenshots/screenshot-13531468537880067823
87686 [Darkroom Processing Line] DEBUG n.s.c.p.DarkroomProcessingLine - Saving screenshot to target\site\serenity\042748de10ad3cab486a68fbb22458cb25b2337b8cf7075b125d91899904d9a2.png
87710 [main] DEBUG n.t.core.steps.StepInterceptor - STARTING STEP: Req001ClienteASpecs.calculoDesconto - calcularDesconto
88563 [main] DEBUG n.s.core.photography.Darkroom - Send negative for processing for target\site\serenity\2265565bef3b4240c0c13e52f1f335a5813f7e5cd47e4e22e0aef56bc76a1466.png
88563 [main] DEBUG n.t.core.steps.StepInterceptor - STEP DONE: calcularDesconto
88564 [Darkroom Processing Line] DEBUG n.s.c.p.DarkroomProcessingLine - Processing screenshot image in /var/screenshots/screenshot-8336744650370833428
88564 [Darkroom Processing Line] DEBUG n.s.c.p.DarkroomProcessingLine - Saving screenshot to target\site\serenity\2265565bef3b4240c0c13e52f1f335a5813f7e5cd47e4e22e0aef56bc76a1466.png
88585 [main] DEBUG n.t.core.steps.StepInterceptor - STARTING STEP: Req001ClienteASpecs.verificoMensagemExibidaComSucesso - verificarMensagemSucesso
88938 [main] DEBUG n.s.core.photography.Darkroom - Send negative for processing for target\site\serenity\2265565bef3b4240c0c13e52f1f335a5813f7e5cd47e4e22e0aef56bc76a1466.png
88938 [main] DEBUG n.t.core.steps.StepInterceptor - STEP DONE: verificarMensagemSucesso
91220 [main] DEBUG n.t.core.reports.ReportService - Reporting formats: [JSON, HTML]
91520 [main] DEBUG n.t.core.reports.ReportService - Reporting formats: [JSON, HTML]
91532 [main] DEBUG n.t.core.reports.ReportService - Generating reports for 1 test outcomes using: net.thucydides.core.reports.json.JSONTestOutcomeReporter@5f81507a
91534 [pool-1-thread-1] DEBUG n.t.core.reports.ReportService - Processing test outcome REQ-1 - Calcular Desconto:Calcular desconto com sucesso
91534 [pool-1-thread-1] DEBUG n.t.core.reports.ReportService - net.thucydides.core.reports.json.JSONTestOutcomeReporter@5f81507a: Generating report for test outcome: REQ-1 - Calcular Desconto:Calcular desconto com sucesso
91544 [pool-1-thread-1] DEBUG n.t.c.r.j.JSONTestOutcomeReporter - Generating JSON report for Calcular desconto com sucesso to file C:\Users\artur.araujo\git\pos-testes-unitarios\target\site\serenity\8e128f31b7719e3f609ebc3f147f27cd8eaaa05c6d04562be910d5949f0dbc47.json (using temp file C:\Users\artur.araujo\git\pos-testes-unitarios\target\site\serenity\8e128f31b7719e3f609ebc3f147f27cd8eaaa05c6d04562be910d5949f0dbc47.json4665dba7-ae30-4a77-a244-93958451e0ff)
91633 [pool-1-thread-1] DEBUG n.t.core.reports.ReportService - Processing test outcome REQ-1 - Calcular Desconto:Calcular desconto com sucesso done
91633 [main] DEBUG n.t.core.reports.ReportService - Shutting down executor service
91633 [main] DEBUG n.t.core.reports.ReportService - Reports generated in: 101 ms
91633 [main] DEBUG n.t.core.reports.ReportService - Generating reports for 1 test outcomes using: net.thucydides.core.reports.html.HtmlAcceptanceTestReporter@1fcf73b9
91634 [pool-2-thread-1] DEBUG n.t.core.reports.ReportService - Processing test outcome REQ-1 - Calcular Desconto:Calcular desconto com sucesso
91634 [pool-2-thread-1] DEBUG n.t.core.reports.ReportService - net.thucydides.core.reports.html.HtmlAcceptanceTestReporter@1fcf73b9: Generating report for test outcome: REQ-1 - Calcular Desconto:Calcular desconto com sucesso
91635 [pool-2-thread-1] DEBUG n.t.c.r.h.HtmlAcceptanceTestReporter - GENERATE TEST OUTCOME REPORT FOR Calcular desconto com sucesso in 8e128f31b7719e3f609ebc3f147f27cd8eaaa05c6d04562be910d5949f0dbc47
91740 [pool-2-thread-1] DEBUG n.t.c.r.m.cucumber.CucumberParser - Added feature REQ-X - Formulário de Contato
91752 [pool-2-thread-1] DEBUG n.t.c.r.m.cucumber.CucumberParser - Added feature REQ-X - Calcular desconto
91764 [pool-2-thread-1] DEBUG n.t.c.r.m.cucumber.CucumberParser - Added feature REQ-1 - Calcular Desconto
91765 [pool-2-thread-1] DEBUG n.t.c.r.RequirementsTagProvider -  found:[Requirement{name='REQ-X - Formulário de Contato', type='feature' parent = 'null', cardNumber='null'}, Requirement{name='REQ-X - Calcular desconto', type='feature' parent = 'null', cardNumber='null'}, Requirement{name='REQ-1 - Calcular Desconto', type='feature' parent = 'null', cardNumber='null'}]
91775 [pool-2-thread-1] DEBUG n.t.c.r.BaseRequirementsService - Requirement found for test outcome Calcular desconto com sucesso-[]: Optional[Requirement{name='REQ-1 - Calcular Desconto', type='feature' parent = 'null', cardNumber='null'}]
91779 [pool-2-thread-1] DEBUG n.t.c.r.BaseRequirementsService - Requirement found for test outcome Calcular desconto com sucesso-[]: Optional[Requirement{name='REQ-1 - Calcular Desconto', type='feature' parent = 'null', cardNumber='null'}]
92006 [pool-2-thread-1] DEBUG n.t.c.r.BaseRequirementsService - Requirement found for test outcome Calcular desconto com sucesso-[]: Optional[Requirement{name='REQ-1 - Calcular Desconto', type='feature' parent = 'null', cardNumber='null'}]
92007 [pool-2-thread-1] DEBUG n.t.c.r.BaseRequirementsService - Requirement found for test outcome Calcular desconto com sucesso-[]: Optional[Requirement{name='REQ-1 - Calcular Desconto', type='feature' parent = 'null', cardNumber='null'}]
92283 [pool-2-thread-1] DEBUG n.t.c.r.h.HtmlAcceptanceTestReporter - Generating report in 8e128f31b7719e3f609ebc3f147f27cd8eaaa05c6d04562be910d5949f0dbc47_screenshots.html
93430 [pool-2-thread-1] DEBUG n.t.c.r.h.HtmlAcceptanceTestReporter - Generated report 8e128f31b7719e3f609ebc3f147f27cd8eaaa05c6d04562be910d5949f0dbc47_screenshots.html in 1147 ms
93432 [pool-2-thread-1] DEBUG n.t.c.r.h.HtmlAcceptanceTestReporter - GENERATING HTML REPORT FOR REQ-1 - Calcular Desconto:Calcular desconto com sucesso in 8e128f31b7719e3f609ebc3f147f27cd8eaaa05c6d04562be910d5949f0dbc47.html in directory target\site\serenity  
93439 [pool-2-thread-1] DEBUG n.t.c.r.h.HtmlAcceptanceTestReporter - Generating report in 8e128f31b7719e3f609ebc3f147f27cd8eaaa05c6d04562be910d5949f0dbc47.html
132606 [pool-2-thread-1] DEBUG n.t.c.r.h.HtmlAcceptanceTestReporter - Generated report 8e128f31b7719e3f609ebc3f147f27cd8eaaa05c6d04562be910d5949f0dbc47.html in 39167 ms
132606 [pool-2-thread-1] DEBUG n.t.core.reports.ReportService - Processing test outcome REQ-1 - Calcular Desconto:Calcular desconto com sucesso done
132606 [main] DEBUG n.t.core.reports.ReportService - Shutting down executor service
132606 [main] DEBUG n.t.core.reports.ReportService - Reports generated in: 40973 ms
132820 [main] DEBUG n.s.core.photography.Darkroom - Closing darkroom
132820 [Darkroom Processing Line] DEBUG n.s.c.p.DarkroomProcessingLine - Darkroom processing line shutting down
4212 [main] INFO   - 

-------------------------------------------------------------------------------------
     _______. _______ .______       _______ .__   __.  __  .___________.____    ____ 
    /       ||   ____||   _  \     |   ____||  \ |  | |  | |           |\   \  /   / 
   |   (----`|  |__   |  |_)  |    |  |__   |   \|  | |  | `---|  |----` \   \/   /  
    \   \    |   __|  |      /     |   __|  |  . `  | |  |     |  |       \_    _/   
.----)   |   |  |____ |  |\  \----.|  |____ |  |\   | |  |     |  |         |  |     
|_______/    |_______|| _| `._____||_______||__| \__| |__|     |__|         |__|    
                                                                                     
 News and tutorials at http://www.serenity-bdd.info                                  
 Documentation at https://wakaleo.gitbooks.io/the-serenity-book/content/             
 Join the Serenity Community on Gitter: https://gitter.im/serenity-bdd/serenity-core 
 Serenity BDD Support and Training at http://serenity-bdd.info/#/trainingandsupport  
-------------------------------------------------------------------------------------

4228 [main] DEBUG n.t.core.steps.StepEventBus - Test suite started for story net.thucydides.core.model.Story@53d1bce7
4235 [main] INFO   - Test Suite Started: REQ-1 - Calcular Desconto
5251 [main] INFO   - 
 _____ _____ ____ _____   ____ _____  _    ____ _____ _____ ____  
|_   _| ____/ ___|_   _| / ___|_   _|/ \  |  _ \_   _| ____|  _ \ 
  | | |  _| \___ \ | |   \___ \ | | / _ \ | |_) || | |  _| | | | |
  | | | |___ ___) || |    ___) || |/ ___ \|  _ < | | | |___| |_| |
  |_| |_____|____/ |_|   |____/ |_/_/   \_\_| \_\|_| |_____|____/ 

Calcular desconto com sucesso(req-1---calcular-desconto;calcular-desconto-com-sucesso)
-------------------------------------------------------------------
5560 [main] DEBUG n.t.c.r.m.cucumber.CucumberParser - Added feature REQ-X - Formulário de Contato
5592 [main] DEBUG n.t.c.r.m.cucumber.CucumberParser - Added feature REQ-1 - Calcular Desconto
7105 [main] DEBUG n.t.core.steps.StepInterceptor - STARTING STEP: SharedSpecs.que_estou_na_página_inicial_do_sistema - acesse_pagina_inicial
10685 [main] DEBUG io.netty.handler.ssl.JdkSslContext - Default protocols (JDK): [TLSv1.2, TLSv1.1, TLSv1] 
10686 [main] DEBUG io.netty.handler.ssl.JdkSslContext - Default cipher suites (JDK): [TLS_ECDHE_ECDSA_WITH_AES_256_GCM_SHA384, TLS_ECDHE_ECDSA_WITH_AES_128_GCM_SHA256, TLS_ECDHE_RSA_WITH_AES_128_GCM_SHA256, TLS_ECDHE_RSA_WITH_AES_256_GCM_SHA384, TLS_ECDHE_RSA_WITH_AES_128_CBC_SHA, TLS_ECDHE_RSA_WITH_AES_256_CBC_SHA, TLS_RSA_WITH_AES_128_GCM_SHA256, TLS_RSA_WITH_AES_128_CBC_SHA, TLS_RSA_WITH_AES_256_CBC_SHA, TLS_AES_128_GCM_SHA256, TLS_AES_256_GCM_SHA384]
10794 [main] DEBUG i.n.c.MultithreadEventLoopGroup - -Dio.netty.eventLoopThreads: 8
10827 [main] DEBUG io.netty.channel.nio.NioEventLoop - -Dio.netty.noKeySetOptimization: false
10827 [main] DEBUG io.netty.channel.nio.NioEventLoop - -Dio.netty.selectorAutoRebuildThreshold: 512
10930 [main] DEBUG i.n.buffer.PooledByteBufAllocator - -Dio.netty.allocator.numHeapArenas: 8
10930 [main] DEBUG i.n.buffer.PooledByteBufAllocator - -Dio.netty.allocator.numDirectArenas: 8
10930 [main] DEBUG i.n.buffer.PooledByteBufAllocator - -Dio.netty.allocator.pageSize: 8192
10930 [main] DEBUG i.n.buffer.PooledByteBufAllocator - -Dio.netty.allocator.maxOrder: 11
10930 [main] DEBUG i.n.buffer.PooledByteBufAllocator - -Dio.netty.allocator.chunkSize: 16777216
10931 [main] DEBUG i.n.buffer.PooledByteBufAllocator - -Dio.netty.allocator.tinyCacheSize: 512
10931 [main] DEBUG i.n.buffer.PooledByteBufAllocator - -Dio.netty.allocator.smallCacheSize: 256
10931 [main] DEBUG i.n.buffer.PooledByteBufAllocator - -Dio.netty.allocator.normalCacheSize: 64
10931 [main] DEBUG i.n.buffer.PooledByteBufAllocator - -Dio.netty.allocator.maxCachedBufferCapacity: 32768
10931 [main] DEBUG i.n.buffer.PooledByteBufAllocator - -Dio.netty.allocator.cacheTrimInterval: 8192
10931 [main] DEBUG i.n.buffer.PooledByteBufAllocator - -Dio.netty.allocator.cacheTrimIntervalMillis: 0
10931 [main] DEBUG i.n.buffer.PooledByteBufAllocator - -Dio.netty.allocator.useCacheForAllThreads: true
10931 [main] DEBUG i.n.buffer.PooledByteBufAllocator - -Dio.netty.allocator.maxCachedByteBuffersPerChunk: 1023
10961 [main] DEBUG io.netty.buffer.ByteBufUtil - -Dio.netty.allocator.type: pooled
10962 [main] DEBUG io.netty.buffer.ByteBufUtil - -Dio.netty.threadLocalDirectBufferSize: 0
10962 [main] DEBUG io.netty.buffer.ByteBufUtil - -Dio.netty.maxThreadLocalCharBufferSize: 16384
12177 [Forwarding newSession on session null to remote] DEBUG io.netty.channel.DefaultChannelId - -Dio.netty.processId: 8096 (auto-detected)
12236 [Forwarding newSession on session null to remote] DEBUG io.netty.channel.DefaultChannelId - -Dio.netty.machineId: d4:3d:7e:ff:fe:7f:ea:c5 (auto-detected)
12415 [AsyncHttpClient-3-1] DEBUG io.netty.buffer.AbstractByteBuf - -Dio.netty.buffer.checkAccessible: true
12415 [AsyncHttpClient-3-1] DEBUG io.netty.buffer.AbstractByteBuf - -Dio.netty.buffer.checkBounds: true
19891 [main] DEBUG n.t.core.steps.StepInterceptor - STEP DONE: acesse_pagina_inicial
20068 [main] INFO   - 
          __  _____ _____ ____ _____   ____  _____ _   _ ____ ___ _   _  ____ 
 _       / / |_   _| ____/ ___|_   _| |  _ \| ____| \ | |  _ \_ _| \ | |/ ___|
(_)____ / /    | | |  _| \___ \ | |   | |_) |  _| |  \| | | | | ||  \| | |  _ 
 |_____/ /     | | | |___ ___) || |   |  __/| |___| |\  | |_| | || |\  | |_| |
(_)   /_/      |_| |_____|____/ |_|   |_|   |_____|_| \_|____/___|_| \_|\____|

Calcular desconto com sucesso
-------------------------------------------------------------------------------
20137 [main] DEBUG n.t.core.steps.StepInterceptor - STARTING STEP: SharedSpecs.que_estou_na_página_inicial_do_sistema - acesse_pagina_inicial
31136 [main] DEBUG n.t.core.steps.StepInterceptor - STEP DONE: acesse_pagina_inicial
31285 [main] INFO   - 
          __  _____ _____ ____ _____   ____  _____ _   _ ____ ___ _   _  ____ 
 _       / / |_   _| ____/ ___|_   _| |  _ \| ____| \ | |  _ \_ _| \ | |/ ___|
(_)____ / /    | | |  _| \___ \ | |   | |_) |  _| |  \| | | | | ||  \| | |  _ 
 |_____/ /     | | | |___ ___) || |   |  __/| |___| |\  | |_| | || |\  | |_| |
(_)   /_/      |_| |_____|____/ |_|   |_|   |_____|_| \_|____/___|_| \_|\____|

Calcular desconto com sucesso
-------------------------------------------------------------------------------
31341 [main] DEBUG n.t.core.steps.StepInterceptor - STARTING STEP: SharedSpecs.que_estou_na_página_inicial_do_sistema - acesse_pagina_inicial
41114 [main] DEBUG n.t.core.steps.StepInterceptor - STEP DONE: acesse_pagina_inicial
41424 [main] DEBUG n.t.core.steps.StepInterceptor - STARTING STEP: SharedSpecs.que_estou_na_página_inicial_do_sistema - acesse_pagina_inicial
49912 [main] DEBUG n.t.core.steps.StepInterceptor - STEP DONE: acesse_pagina_inicial
50124 [main] DEBUG n.t.core.steps.StepInterceptor - STARTING STEP: SharedSpecs.que_estou_na_página_inicial_do_sistema - acesse_pagina_inicial
65875 [main] DEBUG n.t.core.steps.StepInterceptor - STEP DONE: acesse_pagina_inicial
66514 [main] DEBUG n.t.core.reports.ReportService - Reporting formats: [JSON, HTML]
66897 [main] DEBUG n.t.core.reports.ReportService - Reporting formats: [JSON, HTML]
66913 [main] DEBUG n.t.core.reports.ReportService - Generating reports for 1 test outcomes using: net.thucydides.core.reports.json.JSONTestOutcomeReporter@1aee6d14
66915 [pool-1-thread-1] DEBUG n.t.core.reports.ReportService - Processing test outcome REQ-1 - Calcular Desconto:Calcular desconto com sucesso
66916 [pool-1-thread-1] DEBUG n.t.core.reports.ReportService - net.thucydides.core.reports.json.JSONTestOutcomeReporter@1aee6d14: Generating report for test outcome: REQ-1 - Calcular Desconto:Calcular desconto com sucesso
66942 [pool-1-thread-1] DEBUG n.t.c.r.j.JSONTestOutcomeReporter - Generating JSON report for Calcular desconto com sucesso to file C:\Users\artur.araujo\git\pos-testes-unitarios\target\site\serenity\8e128f31b7719e3f609ebc3f147f27cd8eaaa05c6d04562be910d5949f0dbc47.json (using temp file C:\Users\artur.araujo\git\pos-testes-unitarios\target\site\serenity\8e128f31b7719e3f609ebc3f147f27cd8eaaa05c6d04562be910d5949f0dbc47.json449405fd-955f-434f-84f0-e62a9bcf1a73)
67381 [pool-1-thread-1] DEBUG n.t.core.reports.ReportService - Processing test outcome REQ-1 - Calcular Desconto:Calcular desconto com sucesso done
67381 [main] DEBUG n.t.core.reports.ReportService - Shutting down executor service
67382 [main] DEBUG n.t.core.reports.ReportService - Reports generated in: 469 ms
67382 [main] DEBUG n.t.core.reports.ReportService - Generating reports for 1 test outcomes using: net.thucydides.core.reports.html.HtmlAcceptanceTestReporter@6a0c7af6
67383 [pool-2-thread-1] DEBUG n.t.core.reports.ReportService - Processing test outcome REQ-1 - Calcular Desconto:Calcular desconto com sucesso
67383 [pool-2-thread-1] DEBUG n.t.core.reports.ReportService - net.thucydides.core.reports.html.HtmlAcceptanceTestReporter@6a0c7af6: Generating report for test outcome: REQ-1 - Calcular Desconto:Calcular desconto com sucesso
67384 [pool-2-thread-1] DEBUG n.t.c.r.h.HtmlAcceptanceTestReporter - GENERATE TEST OUTCOME REPORT FOR Calcular desconto com sucesso in 8e128f31b7719e3f609ebc3f147f27cd8eaaa05c6d04562be910d5949f0dbc47
67498 [pool-2-thread-1] DEBUG n.t.c.r.m.cucumber.CucumberParser - Added feature REQ-X - Formulário de Contato
67512 [pool-2-thread-1] DEBUG n.t.c.r.m.cucumber.CucumberParser - Added feature REQ-1 - Calcular Desconto
67512 [pool-2-thread-1] DEBUG n.t.c.r.RequirementsTagProvider -  found:[Requirement{name='REQ-X - Formulário de Contato', type='feature' parent = 'null', cardNumber='null'}, Requirement{name='REQ-1 - Calcular Desconto', type='feature' parent = 'null', cardNumber='null'}]
67523 [pool-2-thread-1] DEBUG n.t.c.r.BaseRequirementsService - Requirement found for test outcome Calcular desconto com sucesso-[]: Optional[Requirement{name='REQ-1 - Calcular Desconto', type='feature' parent = 'null', cardNumber='null'}]
67527 [pool-2-thread-1] DEBUG n.t.c.r.BaseRequirementsService - Requirement found for test outcome Calcular desconto com sucesso-[]: Optional[Requirement{name='REQ-1 - Calcular Desconto', type='feature' parent = 'null', cardNumber='null'}]
67859 [pool-2-thread-1] DEBUG n.t.c.r.h.HtmlAcceptanceTestReporter - GENERATING HTML REPORT FOR REQ-1 - Calcular Desconto:Calcular desconto com sucesso in 8e128f31b7719e3f609ebc3f147f27cd8eaaa05c6d04562be910d5949f0dbc47.html in directory target\site\serenity  
67868 [pool-2-thread-1] DEBUG n.t.c.r.h.HtmlAcceptanceTestReporter - Generating report in 8e128f31b7719e3f609ebc3f147f27cd8eaaa05c6d04562be910d5949f0dbc47.html
69194 [pool-2-thread-1] DEBUG n.t.c.r.h.HtmlAcceptanceTestReporter - Generated report 8e128f31b7719e3f609ebc3f147f27cd8eaaa05c6d04562be910d5949f0dbc47.html in 1326 ms
69196 [pool-2-thread-1] DEBUG n.t.core.reports.ReportService - Processing test outcome REQ-1 - Calcular Desconto:Calcular desconto com sucesso done
69196 [main] DEBUG n.t.core.reports.ReportService - Shutting down executor service
69196 [main] DEBUG n.t.core.reports.ReportService - Reports generated in: 1814 ms
4358 [main] INFO   - 

-------------------------------------------------------------------------------------
     _______. _______ .______       _______ .__   __.  __  .___________.____    ____ 
    /       ||   ____||   _  \     |   ____||  \ |  | |  | |           |\   \  /   / 
   |   (----`|  |__   |  |_)  |    |  |__   |   \|  | |  | `---|  |----` \   \/   /  
    \   \    |   __|  |      /     |   __|  |  . `  | |  |     |  |       \_    _/   
.----)   |   |  |____ |  |\  \----.|  |____ |  |\   | |  |     |  |         |  |     
|_______/    |_______|| _| `._____||_______||__| \__| |__|     |__|         |__|    
                                                                                     
 News and tutorials at http://www.serenity-bdd.info                                  
 Documentation at https://wakaleo.gitbooks.io/the-serenity-book/content/             
 Join the Serenity Community on Gitter: https://gitter.im/serenity-bdd/serenity-core 
 Serenity BDD Support and Training at http://serenity-bdd.info/#/trainingandsupport  
-------------------------------------------------------------------------------------

4377 [main] DEBUG n.t.core.steps.StepEventBus - Test suite started for story net.thucydides.core.model.Story@53d1bce7
4385 [main] INFO   - Test Suite Started: REQ-1 - Calcular Desconto
5367 [main] INFO   - 
 _____ _____ ____ _____   ____ _____  _    ____ _____ _____ ____  
|_   _| ____/ ___|_   _| / ___|_   _|/ \  |  _ \_   _| ____|  _ \ 
  | | |  _| \___ \ | |   \___ \ | | / _ \ | |_) || | |  _| | | | |
  | | | |___ ___) || |    ___) || |/ ___ \|  _ < | | | |___| |_| |
  |_| |_____|____/ |_|   |____/ |_/_/   \_\_| \_\|_| |_____|____/ 

Calcular desconto com sucesso(req-1---calcular-desconto;calcular-desconto-com-sucesso)
-------------------------------------------------------------------
5692 [main] DEBUG n.t.c.r.m.cucumber.CucumberParser - Added feature REQ-X - Formulário de Contato
5724 [main] DEBUG n.t.c.r.m.cucumber.CucumberParser - Added feature REQ-1 - Calcular Desconto
7310 [main] DEBUG n.t.core.steps.StepInterceptor - STARTING STEP: SharedSpecs.que_estou_na_página_inicial_do_sistema - acesse_pagina_inicial
10880 [main] DEBUG io.netty.handler.ssl.JdkSslContext - Default protocols (JDK): [TLSv1.2, TLSv1.1, TLSv1] 
10880 [main] DEBUG io.netty.handler.ssl.JdkSslContext - Default cipher suites (JDK): [TLS_ECDHE_ECDSA_WITH_AES_256_GCM_SHA384, TLS_ECDHE_ECDSA_WITH_AES_128_GCM_SHA256, TLS_ECDHE_RSA_WITH_AES_128_GCM_SHA256, TLS_ECDHE_RSA_WITH_AES_256_GCM_SHA384, TLS_ECDHE_RSA_WITH_AES_128_CBC_SHA, TLS_ECDHE_RSA_WITH_AES_256_CBC_SHA, TLS_RSA_WITH_AES_128_GCM_SHA256, TLS_RSA_WITH_AES_128_CBC_SHA, TLS_RSA_WITH_AES_256_CBC_SHA, TLS_AES_128_GCM_SHA256, TLS_AES_256_GCM_SHA384]
10997 [main] DEBUG i.n.c.MultithreadEventLoopGroup - -Dio.netty.eventLoopThreads: 8
11032 [main] DEBUG io.netty.channel.nio.NioEventLoop - -Dio.netty.noKeySetOptimization: false
11032 [main] DEBUG io.netty.channel.nio.NioEventLoop - -Dio.netty.selectorAutoRebuildThreshold: 512
11135 [main] DEBUG i.n.buffer.PooledByteBufAllocator - -Dio.netty.allocator.numHeapArenas: 8
11136 [main] DEBUG i.n.buffer.PooledByteBufAllocator - -Dio.netty.allocator.numDirectArenas: 8
11136 [main] DEBUG i.n.buffer.PooledByteBufAllocator - -Dio.netty.allocator.pageSize: 8192
11136 [main] DEBUG i.n.buffer.PooledByteBufAllocator - -Dio.netty.allocator.maxOrder: 11
11136 [main] DEBUG i.n.buffer.PooledByteBufAllocator - -Dio.netty.allocator.chunkSize: 16777216
11136 [main] DEBUG i.n.buffer.PooledByteBufAllocator - -Dio.netty.allocator.tinyCacheSize: 512
11136 [main] DEBUG i.n.buffer.PooledByteBufAllocator - -Dio.netty.allocator.smallCacheSize: 256
11136 [main] DEBUG i.n.buffer.PooledByteBufAllocator - -Dio.netty.allocator.normalCacheSize: 64
11137 [main] DEBUG i.n.buffer.PooledByteBufAllocator - -Dio.netty.allocator.maxCachedBufferCapacity: 32768
11137 [main] DEBUG i.n.buffer.PooledByteBufAllocator - -Dio.netty.allocator.cacheTrimInterval: 8192
11137 [main] DEBUG i.n.buffer.PooledByteBufAllocator - -Dio.netty.allocator.cacheTrimIntervalMillis: 0
11137 [main] DEBUG i.n.buffer.PooledByteBufAllocator - -Dio.netty.allocator.useCacheForAllThreads: true
11137 [main] DEBUG i.n.buffer.PooledByteBufAllocator - -Dio.netty.allocator.maxCachedByteBuffersPerChunk: 1023
11170 [main] DEBUG io.netty.buffer.ByteBufUtil - -Dio.netty.allocator.type: pooled
11170 [main] DEBUG io.netty.buffer.ByteBufUtil - -Dio.netty.threadLocalDirectBufferSize: 0
11170 [main] DEBUG io.netty.buffer.ByteBufUtil - -Dio.netty.maxThreadLocalCharBufferSize: 16384
12446 [Forwarding newSession on session null to remote] DEBUG io.netty.channel.DefaultChannelId - -Dio.netty.processId: 12408 (auto-detected)
12505 [Forwarding newSession on session null to remote] DEBUG io.netty.channel.DefaultChannelId - -Dio.netty.machineId: d4:3d:7e:ff:fe:7f:ea:c5 (auto-detected)
12691 [AsyncHttpClient-3-1] DEBUG io.netty.buffer.AbstractByteBuf - -Dio.netty.buffer.checkAccessible: true
12692 [AsyncHttpClient-3-1] DEBUG io.netty.buffer.AbstractByteBuf - -Dio.netty.buffer.checkBounds: true
28704 [main] DEBUG n.t.core.steps.StepInterceptor - STEP DONE: acesse_pagina_inicial
28775 [main] DEBUG n.t.core.steps.StepInterceptor - STARTING STEP: SharedSpecs.acesso_o_menu_para_o_calculo_do_desconto - acesse_pagina_desconto
37855 [main] DEBUG n.s.core.photography.Darkroom - Opening darkroom
37859 [Darkroom Processing Line] DEBUG n.s.c.p.DarkroomProcessingLine - Darkroom processing line starting up
38664 [main] DEBUG n.s.core.photography.Darkroom - Send negative for processing for target\site\serenity\04c31f407445ad92885288384ca3952966f8344a46d55dad89427ecc6a2c9a9c.png
38666 [Darkroom Processing Line] DEBUG n.s.c.p.DarkroomProcessingLine - Processing screenshot image in /var/screenshots/screenshot-10326636066243107517
38666 [Darkroom Processing Line] DEBUG n.s.c.p.DarkroomProcessingLine - Saving screenshot to target\site\serenity\04c31f407445ad92885288384ca3952966f8344a46d55dad89427ecc6a2c9a9c.png
38668 [main] DEBUG n.t.core.steps.StepInterceptor - STEP DONE: acesse_pagina_desconto
39073 [main] DEBUG n.s.core.photography.Darkroom - Send negative for processing for target\site\serenity\04c31f407445ad92885288384ca3952966f8344a46d55dad89427ecc6a2c9a9c.png
39074 [main] DEBUG n.t.core.steps.StepInterceptor - STARTING STEP: Req001ClienteASpecs.selecionoUmProduto - selecionarProduto
43481 [main] DEBUG n.s.core.photography.Darkroom - Send negative for processing for target\site\serenity\16fb301d7729fb8b65d973faad214b58687cf0c5d1b53b3efd2b326b91a45cd9.png
43481 [main] DEBUG n.t.core.steps.StepInterceptor - STEP DONE: selecionarProduto
43482 [Darkroom Processing Line] DEBUG n.s.c.p.DarkroomProcessingLine - Processing screenshot image in /var/screenshots/screenshot-11493501668770742663
43483 [Darkroom Processing Line] DEBUG n.s.c.p.DarkroomProcessingLine - Saving screenshot to target\site\serenity\16fb301d7729fb8b65d973faad214b58687cf0c5d1b53b3efd2b326b91a45cd9.png
43527 [main] DEBUG n.t.core.steps.StepInterceptor - STARTING STEP: Req001ClienteASpecs.preenchoComDadosClienteA - informarTipoCliente
45963 [main] DEBUG n.s.core.photography.Darkroom - Send negative for processing for target\site\serenity\16fb301d7729fb8b65d973faad214b58687cf0c5d1b53b3efd2b326b91a45cd9.png
49281 [main] ERROR  - 
         __  _____ _____ ____ _____   _____ ____  ____   ___  ____  
 _      / / |_   _| ____/ ___|_   _| | ____|  _ \|  _ \ / _ \|  _ \ 
(_)____| |    | | |  _| \___ \ | |   |  _| | |_) | |_) | | | | |_) |
 |_____| |    | | | |___ ___) || |   | |___|  _ <|  _ <| |_| |  _ < 
(_)    | |    |_| |_____|____/ |_|   |_____|_| \_\_| \_\\___/|_| \_\
        \_\                                                         

Calcular desconto com sucesso
---------------------------------------------------------------------
49287 [main] DEBUG  - RELATED ISSUES: 
49553 [main] ERROR  -     Test failed at step: Informar tipo cliente: A
49554 [main] ERROR  -     Timed out after 2 seconds. Element not found
49614 [main] DEBUG n.t.core.steps.StepInterceptor - STARTING STEP: SharedSpecs.que_estou_na_página_inicial_do_sistema - acesse_pagina_inicial
57664 [main] DEBUG n.t.core.steps.StepInterceptor - STEP DONE: acesse_pagina_inicial
57697 [main] DEBUG n.t.core.steps.StepInterceptor - STARTING STEP: SharedSpecs.acesso_o_menu_para_o_calculo_do_desconto - acesse_pagina_desconto
58737 [main] DEBUG n.s.core.photography.Darkroom - Send negative for processing for target\site\serenity\915bed5ed6dc3e2a6dd23505f77a7308391f937addfd355b0e6005b654ec517c.png
58737 [main] DEBUG n.t.core.steps.StepInterceptor - STEP DONE: acesse_pagina_desconto
58739 [Darkroom Processing Line] DEBUG n.s.c.p.DarkroomProcessingLine - Processing screenshot image in /var/screenshots/screenshot-5396312137663658043
58739 [Darkroom Processing Line] DEBUG n.s.c.p.DarkroomProcessingLine - Saving screenshot to target\site\serenity\915bed5ed6dc3e2a6dd23505f77a7308391f937addfd355b0e6005b654ec517c.png
58778 [main] DEBUG n.t.core.steps.StepInterceptor - STARTING STEP: Req001ClienteASpecs.selecionoUmProduto - selecionarProduto
59839 [main] DEBUG n.s.core.photography.Darkroom - Send negative for processing for target\site\serenity\2e7e4c360425329387d9df00349cd4b7a8259a3b84abfab5838db9f30d932656.png
59840 [main] DEBUG n.t.core.steps.StepInterceptor - STEP DONE: selecionarProduto
59841 [Darkroom Processing Line] DEBUG n.s.c.p.DarkroomProcessingLine - Processing screenshot image in /var/screenshots/screenshot-13055241153360703626
59841 [Darkroom Processing Line] DEBUG n.s.c.p.DarkroomProcessingLine - Saving screenshot to target\site\serenity\2e7e4c360425329387d9df00349cd4b7a8259a3b84abfab5838db9f30d932656.png
59871 [main] DEBUG n.t.core.steps.StepInterceptor - STARTING STEP: Req001ClienteASpecs.preenchoComDadosClienteA - informarTipoCliente
60453 [main] DEBUG n.s.core.photography.Darkroom - Send negative for processing for target\site\serenity\2e7e4c360425329387d9df00349cd4b7a8259a3b84abfab5838db9f30d932656.png
60453 [main] DEBUG n.t.core.steps.StepInterceptor - STEP DONE: informarTipoCliente
60458 [main] DEBUG n.t.core.steps.StepInterceptor - STARTING STEP: Req001ClienteASpecs.preenchoComDadosClienteA - informarQuantidadeItens
61051 [main] DEBUG n.s.core.photography.Darkroom - Send negative for processing for target\site\serenity\9a72b4a3214e4cefbe992612a4590b78a07e73b05be31b53035ec846b8d2cdbb.png
61051 [main] DEBUG n.t.core.steps.StepInterceptor - STEP DONE: informarQuantidadeItens
61052 [Darkroom Processing Line] DEBUG n.s.c.p.DarkroomProcessingLine - Processing screenshot image in /var/screenshots/screenshot-9011365323316907091
61053 [Darkroom Processing Line] DEBUG n.s.c.p.DarkroomProcessingLine - Saving screenshot to target\site\serenity\9a72b4a3214e4cefbe992612a4590b78a07e73b05be31b53035ec846b8d2cdbb.png
61076 [main] DEBUG n.t.core.steps.StepInterceptor - STARTING STEP: Req001ClienteASpecs.calculoDesconto - calcularDesconto
61935 [main] DEBUG n.s.core.photography.Darkroom - Send negative for processing for target\site\serenity\39e8a38946be7e71ea01841e89ad98248c9fad99357c5cd0614229daec7d6b5d.png
61935 [main] DEBUG n.t.core.steps.StepInterceptor - STEP DONE: calcularDesconto
61936 [Darkroom Processing Line] DEBUG n.s.c.p.DarkroomProcessingLine - Processing screenshot image in /var/screenshots/screenshot-11133293202491223051
61936 [Darkroom Processing Line] DEBUG n.s.c.p.DarkroomProcessingLine - Saving screenshot to target\site\serenity\39e8a38946be7e71ea01841e89ad98248c9fad99357c5cd0614229daec7d6b5d.png
61962 [main] DEBUG n.t.core.steps.StepInterceptor - STARTING STEP: Req001ClienteASpecs.verificoMensagemExibidaComSucesso - verificarMensagemSucesso
62329 [main] DEBUG n.s.core.photography.Darkroom - Send negative for processing for target\site\serenity\39e8a38946be7e71ea01841e89ad98248c9fad99357c5cd0614229daec7d6b5d.png
62329 [main] DEBUG n.t.core.steps.StepInterceptor - STEP DONE: verificarMensagemSucesso
64251 [main] ERROR  - 
         __  _____ _____ ____ _____   _____ ____  ____   ___  ____  
 _      / / |_   _| ____/ ___|_   _| | ____|  _ \|  _ \ / _ \|  _ \ 
(_)____| |    | | |  _| \___ \ | |   |  _| | |_) | |_) | | | | |_) |
 |_____| |    | | | |___ ___) || |   | |___|  _ <|  _ <| |_| |  _ < 
(_)    | |    |_| |_____|____/ |_|   |_____|_| \_\_| \_\\___/|_| \_\
        \_\                                                         

Calcular desconto com sucesso
---------------------------------------------------------------------
64252 [main] DEBUG  - RELATED ISSUES: 
64252 [main] ERROR  -     Test failed at step: Informar tipo cliente: A
64253 [main] ERROR  -     Timed out after 2 seconds. Element not found
64296 [main] DEBUG n.t.core.steps.StepInterceptor - STARTING STEP: SharedSpecs.que_estou_na_página_inicial_do_sistema - acesse_pagina_inicial
73033 [main] DEBUG n.t.core.steps.StepInterceptor - STEP DONE: acesse_pagina_inicial
73054 [main] DEBUG n.t.core.steps.StepInterceptor - STARTING STEP: SharedSpecs.acesso_o_menu_para_o_calculo_do_desconto - acesse_pagina_desconto
74036 [main] DEBUG n.s.core.photography.Darkroom - Send negative for processing for target\site\serenity\ca2f5aeede82bff89ef5b048d34004616f8ca5fd3f88d897296404d14b9daf5b.png
74036 [main] DEBUG n.t.core.steps.StepInterceptor - STEP DONE: acesse_pagina_desconto
74037 [Darkroom Processing Line] DEBUG n.s.c.p.DarkroomProcessingLine - Processing screenshot image in /var/screenshots/screenshot-7379757347988650008
74038 [Darkroom Processing Line] DEBUG n.s.c.p.DarkroomProcessingLine - Saving screenshot to target\site\serenity\ca2f5aeede82bff89ef5b048d34004616f8ca5fd3f88d897296404d14b9daf5b.png
74071 [main] DEBUG n.t.core.steps.StepInterceptor - STARTING STEP: Req001ClienteASpecs.selecionoUmProduto - selecionarProduto
75131 [main] DEBUG n.s.core.photography.Darkroom - Send negative for processing for target\site\serenity\018f83dd34ce1aaf8024718bba0f84b5dd99b87945dc6208f9b67925727372d9.png
75131 [main] DEBUG n.t.core.steps.StepInterceptor - STEP DONE: selecionarProduto
75132 [Darkroom Processing Line] DEBUG n.s.c.p.DarkroomProcessingLine - Processing screenshot image in /var/screenshots/screenshot-3776680894221340117
75132 [Darkroom Processing Line] DEBUG n.s.c.p.DarkroomProcessingLine - Saving screenshot to target\site\serenity\018f83dd34ce1aaf8024718bba0f84b5dd99b87945dc6208f9b67925727372d9.png
75159 [main] DEBUG n.t.core.steps.StepInterceptor - STARTING STEP: Req001ClienteASpecs.preenchoComDadosClienteA - informarTipoCliente
75714 [main] DEBUG n.s.core.photography.Darkroom - Send negative for processing for target\site\serenity\018f83dd34ce1aaf8024718bba0f84b5dd99b87945dc6208f9b67925727372d9.png
75715 [main] DEBUG n.t.core.steps.StepInterceptor - STEP DONE: informarTipoCliente
75719 [main] DEBUG n.t.core.steps.StepInterceptor - STARTING STEP: Req001ClienteASpecs.preenchoComDadosClienteA - informarQuantidadeItens
76292 [main] DEBUG n.s.core.photography.Darkroom - Send negative for processing for target\site\serenity\7aef50170981f452d733c527f2ccef36153b3a89700c24db82f1294f1b0a259e.png
76292 [main] DEBUG n.t.core.steps.StepInterceptor - STEP DONE: informarQuantidadeItens
76293 [Darkroom Processing Line] DEBUG n.s.c.p.DarkroomProcessingLine - Processing screenshot image in /var/screenshots/screenshot-11855364698869325087
76293 [Darkroom Processing Line] DEBUG n.s.c.p.DarkroomProcessingLine - Saving screenshot to target\site\serenity\7aef50170981f452d733c527f2ccef36153b3a89700c24db82f1294f1b0a259e.png
76317 [main] DEBUG n.t.core.steps.StepInterceptor - STARTING STEP: Req001ClienteASpecs.calculoDesconto - calcularDesconto
77171 [main] DEBUG n.s.core.photography.Darkroom - Send negative for processing for target\site\serenity\7e19faf83c9bb9f24461d216912ea767bfd0d31ed49d9f569b42b0a6faa57101.png
77171 [main] DEBUG n.t.core.steps.StepInterceptor - STEP DONE: calcularDesconto
77172 [Darkroom Processing Line] DEBUG n.s.c.p.DarkroomProcessingLine - Processing screenshot image in /var/screenshots/screenshot-14444109710191702603
77173 [Darkroom Processing Line] DEBUG n.s.c.p.DarkroomProcessingLine - Saving screenshot to target\site\serenity\7e19faf83c9bb9f24461d216912ea767bfd0d31ed49d9f569b42b0a6faa57101.png
77196 [main] DEBUG n.t.core.steps.StepInterceptor - STARTING STEP: Req001ClienteASpecs.verificoMensagemExibidaComSucesso - verificarMensagemSucesso
77564 [main] DEBUG n.s.core.photography.Darkroom - Send negative for processing for target\site\serenity\7e19faf83c9bb9f24461d216912ea767bfd0d31ed49d9f569b42b0a6faa57101.png
77565 [main] DEBUG n.t.core.steps.StepInterceptor - STEP DONE: verificarMensagemSucesso
79537 [main] DEBUG n.t.core.steps.StepInterceptor - STARTING STEP: SharedSpecs.que_estou_na_página_inicial_do_sistema - acesse_pagina_inicial
87490 [main] DEBUG n.t.core.steps.StepInterceptor - STEP DONE: acesse_pagina_inicial
87525 [main] DEBUG n.t.core.steps.StepInterceptor - STARTING STEP: SharedSpecs.acesso_o_menu_para_o_calculo_do_desconto - acesse_pagina_desconto
88506 [main] DEBUG n.s.core.photography.Darkroom - Send negative for processing for target\site\serenity\c94bd481d16bd8fb60d2061537147a2f735ead7e32840274a2dbff4697055458.png
88506 [main] DEBUG n.t.core.steps.StepInterceptor - STEP DONE: acesse_pagina_desconto
88507 [Darkroom Processing Line] DEBUG n.s.c.p.DarkroomProcessingLine - Processing screenshot image in /var/screenshots/screenshot-2714212380782806979
88508 [Darkroom Processing Line] DEBUG n.s.c.p.DarkroomProcessingLine - Saving screenshot to target\site\serenity\c94bd481d16bd8fb60d2061537147a2f735ead7e32840274a2dbff4697055458.png
88544 [main] DEBUG n.t.core.steps.StepInterceptor - STARTING STEP: Req001ClienteASpecs.selecionoUmProduto - selecionarProduto
89578 [main] DEBUG n.s.core.photography.Darkroom - Send negative for processing for target\site\serenity\f5f91a0a8a6e8e3a00799680268c677824440d7ae46d6d1ad23c01d122a413a3.png
89578 [main] DEBUG n.t.core.steps.StepInterceptor - STEP DONE: selecionarProduto
89579 [Darkroom Processing Line] DEBUG n.s.c.p.DarkroomProcessingLine - Processing screenshot image in /var/screenshots/screenshot-16972813865789866927
89579 [Darkroom Processing Line] DEBUG n.s.c.p.DarkroomProcessingLine - Saving screenshot to target\site\serenity\f5f91a0a8a6e8e3a00799680268c677824440d7ae46d6d1ad23c01d122a413a3.png
89605 [main] DEBUG n.t.core.steps.StepInterceptor - STARTING STEP: Req001ClienteASpecs.preenchoComDadosClienteA - informarTipoCliente
90191 [main] DEBUG n.s.core.photography.Darkroom - Send negative for processing for target\site\serenity\f5f91a0a8a6e8e3a00799680268c677824440d7ae46d6d1ad23c01d122a413a3.png
90191 [main] DEBUG n.t.core.steps.StepInterceptor - STEP DONE: informarTipoCliente
90194 [main] DEBUG n.t.core.steps.StepInterceptor - STARTING STEP: Req001ClienteASpecs.preenchoComDadosClienteA - informarQuantidadeItens
90763 [main] DEBUG n.s.core.photography.Darkroom - Send negative for processing for target\site\serenity\3040270a3c38bf6d8f0bec1bf1fe87ef8de8429ea3893a811beb26628d7ce376.png
90764 [main] DEBUG n.t.core.steps.StepInterceptor - STEP DONE: informarQuantidadeItens
90765 [Darkroom Processing Line] DEBUG n.s.c.p.DarkroomProcessingLine - Processing screenshot image in /var/screenshots/screenshot-3329299150779882924
90765 [Darkroom Processing Line] DEBUG n.s.c.p.DarkroomProcessingLine - Saving screenshot to target\site\serenity\3040270a3c38bf6d8f0bec1bf1fe87ef8de8429ea3893a811beb26628d7ce376.png
90788 [main] DEBUG n.t.core.steps.StepInterceptor - STARTING STEP: Req001ClienteASpecs.calculoDesconto - calcularDesconto
91646 [main] DEBUG n.s.core.photography.Darkroom - Send negative for processing for target\site\serenity\0a172fa63f70835f338bbdaa9f4892c1a71c87a8849566d94dee6decb76093ef.png
91646 [main] DEBUG n.t.core.steps.StepInterceptor - STEP DONE: calcularDesconto
91647 [Darkroom Processing Line] DEBUG n.s.c.p.DarkroomProcessingLine - Processing screenshot image in /var/screenshots/screenshot-8562405856502433325
91647 [Darkroom Processing Line] DEBUG n.s.c.p.DarkroomProcessingLine - Saving screenshot to target\site\serenity\0a172fa63f70835f338bbdaa9f4892c1a71c87a8849566d94dee6decb76093ef.png
91669 [main] DEBUG n.t.core.steps.StepInterceptor - STARTING STEP: Req001ClienteASpecs.verificoMensagemExibidaComSucesso - verificarMensagemSucesso
92022 [main] DEBUG n.s.core.photography.Darkroom - Send negative for processing for target\site\serenity\0a172fa63f70835f338bbdaa9f4892c1a71c87a8849566d94dee6decb76093ef.png
92023 [main] DEBUG n.t.core.steps.StepInterceptor - STEP DONE: verificarMensagemSucesso
94004 [main] DEBUG n.t.core.steps.StepInterceptor - STARTING STEP: SharedSpecs.que_estou_na_página_inicial_do_sistema - acesse_pagina_inicial
102777 [main] DEBUG n.t.core.steps.StepInterceptor - STEP DONE: acesse_pagina_inicial
102797 [main] DEBUG n.t.core.steps.StepInterceptor - STARTING STEP: SharedSpecs.acesso_o_menu_para_o_calculo_do_desconto - acesse_pagina_desconto
103858 [main] DEBUG n.s.core.photography.Darkroom - Send negative for processing for target\site\serenity\c2bd0361bce330b56dda2495a2ac77827cddeedf06272acc03828389e463851a.png
103859 [main] DEBUG n.t.core.steps.StepInterceptor - STEP DONE: acesse_pagina_desconto
103860 [Darkroom Processing Line] DEBUG n.s.c.p.DarkroomProcessingLine - Processing screenshot image in /var/screenshots/screenshot-2743704359721951894
103860 [Darkroom Processing Line] DEBUG n.s.c.p.DarkroomProcessingLine - Saving screenshot to target\site\serenity\c2bd0361bce330b56dda2495a2ac77827cddeedf06272acc03828389e463851a.png
103907 [main] DEBUG n.t.core.steps.StepInterceptor - STARTING STEP: Req001ClienteASpecs.selecionoUmProduto - selecionarProduto
104976 [main] DEBUG n.s.core.photography.Darkroom - Send negative for processing for target\site\serenity\26cf07afb1886dd7854e492605e9874c9199179a358ff6f52ec225f9b0ee8c3a.png
104977 [main] DEBUG n.t.core.steps.StepInterceptor - STEP DONE: selecionarProduto
104977 [Darkroom Processing Line] DEBUG n.s.c.p.DarkroomProcessingLine - Processing screenshot image in /var/screenshots/screenshot-1313303302471167399
104978 [Darkroom Processing Line] DEBUG n.s.c.p.DarkroomProcessingLine - Saving screenshot to target\site\serenity\26cf07afb1886dd7854e492605e9874c9199179a358ff6f52ec225f9b0ee8c3a.png
105002 [main] DEBUG n.t.core.steps.StepInterceptor - STARTING STEP: Req001ClienteASpecs.preenchoComDadosClienteA - informarTipoCliente
105554 [main] DEBUG n.s.core.photography.Darkroom - Send negative for processing for target\site\serenity\26cf07afb1886dd7854e492605e9874c9199179a358ff6f52ec225f9b0ee8c3a.png
105555 [main] DEBUG n.t.core.steps.StepInterceptor - STEP DONE: informarTipoCliente
105558 [main] DEBUG n.t.core.steps.StepInterceptor - STARTING STEP: Req001ClienteASpecs.preenchoComDadosClienteA - informarQuantidadeItens
106125 [main] DEBUG n.s.core.photography.Darkroom - Send negative for processing for target\site\serenity\a17cc41f11bbc733833b6222087a1c1cc034efdf8dbc4288f185cdd661836948.png
106126 [main] DEBUG n.t.core.steps.StepInterceptor - STEP DONE: informarQuantidadeItens
106127 [Darkroom Processing Line] DEBUG n.s.c.p.DarkroomProcessingLine - Processing screenshot image in /var/screenshots/screenshot-13074521689328920565
106127 [Darkroom Processing Line] DEBUG n.s.c.p.DarkroomProcessingLine - Saving screenshot to target\site\serenity\a17cc41f11bbc733833b6222087a1c1cc034efdf8dbc4288f185cdd661836948.png
106149 [main] DEBUG n.t.core.steps.StepInterceptor - STARTING STEP: Req001ClienteASpecs.calculoDesconto - calcularDesconto
107012 [main] DEBUG n.s.core.photography.Darkroom - Send negative for processing for target\site\serenity\8618b6c3b8bbb50a4d103581af3f8ba0d4c4b93cb77481c333f7c6a7bbfd1e37.png
107014 [Darkroom Processing Line] DEBUG n.s.c.p.DarkroomProcessingLine - Processing screenshot image in /var/screenshots/screenshot-11171637642292608591
107014 [Darkroom Processing Line] DEBUG n.s.c.p.DarkroomProcessingLine - Saving screenshot to target\site\serenity\8618b6c3b8bbb50a4d103581af3f8ba0d4c4b93cb77481c333f7c6a7bbfd1e37.png
107014 [main] DEBUG n.t.core.steps.StepInterceptor - STEP DONE: calcularDesconto
107042 [main] DEBUG n.t.core.steps.StepInterceptor - STARTING STEP: Req001ClienteASpecs.verificoMensagemExibidaComSucesso - verificarMensagemSucesso
107407 [main] DEBUG n.s.core.photography.Darkroom - Send negative for processing for target\site\serenity\8618b6c3b8bbb50a4d103581af3f8ba0d4c4b93cb77481c333f7c6a7bbfd1e37.png
107407 [main] DEBUG n.t.core.steps.StepInterceptor - STEP DONE: verificarMensagemSucesso
109704 [main] DEBUG n.t.core.reports.ReportService - Reporting formats: [JSON, HTML]
110000 [main] DEBUG n.t.core.reports.ReportService - Reporting formats: [JSON, HTML]
110013 [main] DEBUG n.t.core.reports.ReportService - Generating reports for 1 test outcomes using: net.thucydides.core.reports.json.JSONTestOutcomeReporter@7c0a6f62
110015 [pool-1-thread-1] DEBUG n.t.core.reports.ReportService - Processing test outcome REQ-1 - Calcular Desconto:Calcular desconto com sucesso
110015 [pool-1-thread-1] DEBUG n.t.core.reports.ReportService - net.thucydides.core.reports.json.JSONTestOutcomeReporter@7c0a6f62: Generating report for test outcome: REQ-1 - Calcular Desconto:Calcular desconto com sucesso
110026 [pool-1-thread-1] DEBUG n.t.c.r.j.JSONTestOutcomeReporter - Generating JSON report for Calcular desconto com sucesso to file C:\Users\artur.araujo\git\pos-testes-unitarios\target\site\serenity\8e128f31b7719e3f609ebc3f147f27cd8eaaa05c6d04562be910d5949f0dbc47.json (using temp file C:\Users\artur.araujo\git\pos-testes-unitarios\target\site\serenity\8e128f31b7719e3f609ebc3f147f27cd8eaaa05c6d04562be910d5949f0dbc47.json91a1160b-3837-4ea3-94d6-de0a21000bdc)
110110 [pool-1-thread-1] DEBUG n.t.core.reports.ReportService - Processing test outcome REQ-1 - Calcular Desconto:Calcular desconto com sucesso done
110111 [main] DEBUG n.t.core.reports.ReportService - Shutting down executor service
110111 [main] DEBUG n.t.core.reports.ReportService - Reports generated in: 97 ms
110111 [main] DEBUG n.t.core.reports.ReportService - Generating reports for 1 test outcomes using: net.thucydides.core.reports.html.HtmlAcceptanceTestReporter@608c7b5b
110112 [pool-2-thread-1] DEBUG n.t.core.reports.ReportService - Processing test outcome REQ-1 - Calcular Desconto:Calcular desconto com sucesso
110112 [pool-2-thread-1] DEBUG n.t.core.reports.ReportService - net.thucydides.core.reports.html.HtmlAcceptanceTestReporter@608c7b5b: Generating report for test outcome: REQ-1 - Calcular Desconto:Calcular desconto com sucesso
110113 [pool-2-thread-1] DEBUG n.t.c.r.h.HtmlAcceptanceTestReporter - GENERATE TEST OUTCOME REPORT FOR Calcular desconto com sucesso in 8e128f31b7719e3f609ebc3f147f27cd8eaaa05c6d04562be910d5949f0dbc47
110218 [pool-2-thread-1] DEBUG n.t.c.r.m.cucumber.CucumberParser - Added feature REQ-X - Formulário de Contato
110231 [pool-2-thread-1] DEBUG n.t.c.r.m.cucumber.CucumberParser - Added feature REQ-1 - Calcular Desconto
110232 [pool-2-thread-1] DEBUG n.t.c.r.RequirementsTagProvider -  found:[Requirement{name='REQ-X - Formulário de Contato', type='feature' parent = 'null', cardNumber='null'}, Requirement{name='REQ-1 - Calcular Desconto', type='feature' parent = 'null', cardNumber='null'}]
110241 [pool-2-thread-1] DEBUG n.t.c.r.BaseRequirementsService - Requirement found for test outcome Calcular desconto com sucesso-[]: Optional[Requirement{name='REQ-1 - Calcular Desconto', type='feature' parent = 'null', cardNumber='null'}]
110245 [pool-2-thread-1] DEBUG n.t.c.r.BaseRequirementsService - Requirement found for test outcome Calcular desconto com sucesso-[]: Optional[Requirement{name='REQ-1 - Calcular Desconto', type='feature' parent = 'null', cardNumber='null'}]
110451 [pool-2-thread-1] DEBUG n.t.c.r.BaseRequirementsService - Requirement found for test outcome Calcular desconto com sucesso-[]: Optional[Requirement{name='REQ-1 - Calcular Desconto', type='feature' parent = 'null', cardNumber='null'}]
110452 [pool-2-thread-1] DEBUG n.t.c.r.BaseRequirementsService - Requirement found for test outcome Calcular desconto com sucesso-[]: Optional[Requirement{name='REQ-1 - Calcular Desconto', type='feature' parent = 'null', cardNumber='null'}]
110738 [pool-2-thread-1] DEBUG n.t.c.r.h.HtmlAcceptanceTestReporter - Generating report in 8e128f31b7719e3f609ebc3f147f27cd8eaaa05c6d04562be910d5949f0dbc47_screenshots.html
111940 [pool-2-thread-1] DEBUG n.t.c.r.h.HtmlAcceptanceTestReporter - Generated report 8e128f31b7719e3f609ebc3f147f27cd8eaaa05c6d04562be910d5949f0dbc47_screenshots.html in 1202 ms
111950 [pool-2-thread-1] DEBUG n.t.c.r.h.HtmlAcceptanceTestReporter - GENERATING HTML REPORT FOR REQ-1 - Calcular Desconto:Calcular desconto com sucesso in 8e128f31b7719e3f609ebc3f147f27cd8eaaa05c6d04562be910d5949f0dbc47.html in directory target\site\serenity  
111965 [pool-2-thread-1] DEBUG n.t.c.r.h.HtmlAcceptanceTestReporter - Generating report in 8e128f31b7719e3f609ebc3f147f27cd8eaaa05c6d04562be910d5949f0dbc47.html
146876 [pool-2-thread-1] DEBUG n.t.c.r.h.HtmlAcceptanceTestReporter - Generated report 8e128f31b7719e3f609ebc3f147f27cd8eaaa05c6d04562be910d5949f0dbc47.html in 34911 ms
146877 [pool-2-thread-1] DEBUG n.t.core.reports.ReportService - Processing test outcome REQ-1 - Calcular Desconto:Calcular desconto com sucesso done
146877 [main] DEBUG n.t.core.reports.ReportService - Shutting down executor service
146877 [main] DEBUG n.t.core.reports.ReportService - Reports generated in: 36766 ms
147088 [main] DEBUG n.s.core.photography.Darkroom - Closing darkroom
147089 [Darkroom Processing Line] DEBUG n.s.c.p.DarkroomProcessingLine - Darkroom processing line shutting down
4367 [main] INFO   - 

-------------------------------------------------------------------------------------
     _______. _______ .______       _______ .__   __.  __  .___________.____    ____ 
    /       ||   ____||   _  \     |   ____||  \ |  | |  | |           |\   \  /   / 
   |   (----`|  |__   |  |_)  |    |  |__   |   \|  | |  | `---|  |----` \   \/   /  
    \   \    |   __|  |      /     |   __|  |  . `  | |  |     |  |       \_    _/   
.----)   |   |  |____ |  |\  \----.|  |____ |  |\   | |  |     |  |         |  |     
|_______/    |_______|| _| `._____||_______||__| \__| |__|     |__|         |__|    
                                                                                     
 News and tutorials at http://www.serenity-bdd.info                                  
 Documentation at https://wakaleo.gitbooks.io/the-serenity-book/content/             
 Join the Serenity Community on Gitter: https://gitter.im/serenity-bdd/serenity-core 
 Serenity BDD Support and Training at http://serenity-bdd.info/#/trainingandsupport  
-------------------------------------------------------------------------------------

4382 [main] DEBUG n.t.core.steps.StepEventBus - Test suite started for story net.thucydides.core.model.Story@53d1bce7
4390 [main] INFO   - Test Suite Started: REQ-1 - Calcular Desconto
5355 [main] INFO   - 
 _____ _____ ____ _____   ____ _____  _    ____ _____ _____ ____  
|_   _| ____/ ___|_   _| / ___|_   _|/ \  |  _ \_   _| ____|  _ \ 
  | | |  _| \___ \ | |   \___ \ | | / _ \ | |_) || | |  _| | | | |
  | | | |___ ___) || |    ___) || |/ ___ \|  _ < | | | |___| |_| |
  |_| |_____|____/ |_|   |____/ |_/_/   \_\_| \_\|_| |_____|____/ 

Calcular desconto com sucesso(req-1---calcular-desconto;calcular-desconto-com-sucesso)
-------------------------------------------------------------------
5670 [main] DEBUG n.t.c.r.m.cucumber.CucumberParser - Added feature REQ-X - Formulário de Contato
5702 [main] DEBUG n.t.c.r.m.cucumber.CucumberParser - Added feature REQ-1 - Calcular Desconto
7223 [main] DEBUG n.t.core.steps.StepInterceptor - STARTING STEP: SharedSpecs.que_estou_na_página_inicial_do_sistema - acesse_pagina_inicial
10765 [main] DEBUG io.netty.handler.ssl.JdkSslContext - Default protocols (JDK): [TLSv1.2, TLSv1.1, TLSv1] 
10766 [main] DEBUG io.netty.handler.ssl.JdkSslContext - Default cipher suites (JDK): [TLS_ECDHE_ECDSA_WITH_AES_256_GCM_SHA384, TLS_ECDHE_ECDSA_WITH_AES_128_GCM_SHA256, TLS_ECDHE_RSA_WITH_AES_128_GCM_SHA256, TLS_ECDHE_RSA_WITH_AES_256_GCM_SHA384, TLS_ECDHE_RSA_WITH_AES_128_CBC_SHA, TLS_ECDHE_RSA_WITH_AES_256_CBC_SHA, TLS_RSA_WITH_AES_128_GCM_SHA256, TLS_RSA_WITH_AES_128_CBC_SHA, TLS_RSA_WITH_AES_256_CBC_SHA, TLS_AES_128_GCM_SHA256, TLS_AES_256_GCM_SHA384]
10880 [main] DEBUG i.n.c.MultithreadEventLoopGroup - -Dio.netty.eventLoopThreads: 8
10915 [main] DEBUG io.netty.channel.nio.NioEventLoop - -Dio.netty.noKeySetOptimization: false
10915 [main] DEBUG io.netty.channel.nio.NioEventLoop - -Dio.netty.selectorAutoRebuildThreshold: 512
11018 [main] DEBUG i.n.buffer.PooledByteBufAllocator - -Dio.netty.allocator.numHeapArenas: 8
11018 [main] DEBUG i.n.buffer.PooledByteBufAllocator - -Dio.netty.allocator.numDirectArenas: 8
11018 [main] DEBUG i.n.buffer.PooledByteBufAllocator - -Dio.netty.allocator.pageSize: 8192
11018 [main] DEBUG i.n.buffer.PooledByteBufAllocator - -Dio.netty.allocator.maxOrder: 11
11018 [main] DEBUG i.n.buffer.PooledByteBufAllocator - -Dio.netty.allocator.chunkSize: 16777216
11019 [main] DEBUG i.n.buffer.PooledByteBufAllocator - -Dio.netty.allocator.tinyCacheSize: 512
11019 [main] DEBUG i.n.buffer.PooledByteBufAllocator - -Dio.netty.allocator.smallCacheSize: 256
11019 [main] DEBUG i.n.buffer.PooledByteBufAllocator - -Dio.netty.allocator.normalCacheSize: 64
11019 [main] DEBUG i.n.buffer.PooledByteBufAllocator - -Dio.netty.allocator.maxCachedBufferCapacity: 32768
11019 [main] DEBUG i.n.buffer.PooledByteBufAllocator - -Dio.netty.allocator.cacheTrimInterval: 8192
11019 [main] DEBUG i.n.buffer.PooledByteBufAllocator - -Dio.netty.allocator.cacheTrimIntervalMillis: 0
11019 [main] DEBUG i.n.buffer.PooledByteBufAllocator - -Dio.netty.allocator.useCacheForAllThreads: true
11020 [main] DEBUG i.n.buffer.PooledByteBufAllocator - -Dio.netty.allocator.maxCachedByteBuffersPerChunk: 1023
11048 [main] DEBUG io.netty.buffer.ByteBufUtil - -Dio.netty.allocator.type: pooled
11049 [main] DEBUG io.netty.buffer.ByteBufUtil - -Dio.netty.threadLocalDirectBufferSize: 0
11049 [main] DEBUG io.netty.buffer.ByteBufUtil - -Dio.netty.maxThreadLocalCharBufferSize: 16384
12316 [Forwarding newSession on session null to remote] DEBUG io.netty.channel.DefaultChannelId - -Dio.netty.processId: 16724 (auto-detected)
12377 [Forwarding newSession on session null to remote] DEBUG io.netty.channel.DefaultChannelId - -Dio.netty.machineId: d4:3d:7e:ff:fe:7f:ea:c5 (auto-detected)
12565 [AsyncHttpClient-3-1] DEBUG io.netty.buffer.AbstractByteBuf - -Dio.netty.buffer.checkAccessible: true
12565 [AsyncHttpClient-3-1] DEBUG io.netty.buffer.AbstractByteBuf - -Dio.netty.buffer.checkBounds: true
19744 [main] DEBUG n.t.core.steps.StepInterceptor - STEP DONE: acesse_pagina_inicial
19811 [main] DEBUG n.t.core.steps.StepInterceptor - STARTING STEP: SharedSpecs.acesso_o_menu_para_o_calculo_do_desconto - acesse_pagina_desconto
20719 [main] DEBUG n.s.core.photography.Darkroom - Opening darkroom
20722 [Darkroom Processing Line] DEBUG n.s.c.p.DarkroomProcessingLine - Darkroom processing line starting up
21487 [main] DEBUG n.s.core.photography.Darkroom - Send negative for processing for target\site\serenity\7592e879d4d83d55b8ead61d4a54637784d9d1e2568d570cf3d97a236708805e.png
21488 [Darkroom Processing Line] DEBUG n.s.c.p.DarkroomProcessingLine - Processing screenshot image in /var/screenshots/screenshot-11200550806896343764
21489 [Darkroom Processing Line] DEBUG n.s.c.p.DarkroomProcessingLine - Saving screenshot to target\site\serenity\7592e879d4d83d55b8ead61d4a54637784d9d1e2568d570cf3d97a236708805e.png
21491 [main] DEBUG n.t.core.steps.StepInterceptor - STEP DONE: acesse_pagina_desconto
21928 [main] DEBUG n.s.core.photography.Darkroom - Send negative for processing for target\site\serenity\7592e879d4d83d55b8ead61d4a54637784d9d1e2568d570cf3d97a236708805e.png
21930 [main] DEBUG n.t.core.steps.StepInterceptor - STARTING STEP: Req001ClienteASpecs.selecionoUmProduto - selecionarProduto
23005 [main] DEBUG n.s.core.photography.Darkroom - Send negative for processing for target\site\serenity\d97a6a0ce0b3266f5df8f801652e0998a000ed4d9ccaa06cf0650e4f8470b06e.png
23005 [main] DEBUG n.t.core.steps.StepInterceptor - STEP DONE: selecionarProduto
23006 [Darkroom Processing Line] DEBUG n.s.c.p.DarkroomProcessingLine - Processing screenshot image in /var/screenshots/screenshot-1210356546646662364
23007 [Darkroom Processing Line] DEBUG n.s.c.p.DarkroomProcessingLine - Saving screenshot to target\site\serenity\d97a6a0ce0b3266f5df8f801652e0998a000ed4d9ccaa06cf0650e4f8470b06e.png
23051 [main] DEBUG n.t.core.steps.StepInterceptor - STARTING STEP: Req001ClienteASpecs.preenchoComDadosClienteA - informarTipoCliente
23657 [main] DEBUG n.s.core.photography.Darkroom - Send negative for processing for target\site\serenity\d97a6a0ce0b3266f5df8f801652e0998a000ed4d9ccaa06cf0650e4f8470b06e.png
23658 [main] DEBUG n.t.core.steps.StepInterceptor - STEP DONE: informarTipoCliente
23663 [main] DEBUG n.t.core.steps.StepInterceptor - STARTING STEP: Req001ClienteASpecs.preenchoComDadosClienteA - informarQuantidadeItens
24293 [main] DEBUG n.s.core.photography.Darkroom - Send negative for processing for target\site\serenity\0a36b628bd8a5732424cc001c49467cc658054f7b1d939d86c6d58a796cbe89f.png
24296 [Darkroom Processing Line] DEBUG n.s.c.p.DarkroomProcessingLine - Processing screenshot image in /var/screenshots/screenshot-619387787162015654
24296 [Darkroom Processing Line] DEBUG n.s.c.p.DarkroomProcessingLine - Saving screenshot to target\site\serenity\0a36b628bd8a5732424cc001c49467cc658054f7b1d939d86c6d58a796cbe89f.png
24296 [main] DEBUG n.t.core.steps.StepInterceptor - STEP DONE: informarQuantidadeItens
24335 [main] DEBUG n.t.core.steps.StepInterceptor - STARTING STEP: Req001ClienteASpecs.calculoDesconto - calcularDesconto
25242 [main] DEBUG n.s.core.photography.Darkroom - Send negative for processing for target\site\serenity\79b147f612fdd673c129f6c869d154e2a8acb60408e6d9b2e4c284cb8a7db378.png
25243 [main] DEBUG n.t.core.steps.StepInterceptor - STEP DONE: calcularDesconto
25244 [Darkroom Processing Line] DEBUG n.s.c.p.DarkroomProcessingLine - Processing screenshot image in /var/screenshots/screenshot-1296201222056744609
25244 [Darkroom Processing Line] DEBUG n.s.c.p.DarkroomProcessingLine - Saving screenshot to target\site\serenity\79b147f612fdd673c129f6c869d154e2a8acb60408e6d9b2e4c284cb8a7db378.png
25278 [main] DEBUG n.t.core.steps.StepInterceptor - STARTING STEP: Req001ClienteASpecs.verificoMensagemExibidaComSucesso - verificarMensagemSucesso
25666 [main] DEBUG n.s.core.photography.Darkroom - Send negative for processing for target\site\serenity\79b147f612fdd673c129f6c869d154e2a8acb60408e6d9b2e4c284cb8a7db378.png
25666 [main] DEBUG n.t.core.steps.StepInterceptor - STEP DONE: verificarMensagemSucesso
28984 [main] INFO   - 
        __    _____ _____ ____ _____   ____   _    ____  ____  _____ ____  
  _     \ \  |_   _| ____/ ___|_   _| |  _ \ / \  / ___|/ ___|| ____|  _ \ 
 (_)_____| |   | | |  _| \___ \ | |   | |_) / _ \ \___ \\___ \|  _| | | | |
  _|_____| |   | | | |___ ___) || |   |  __/ ___ \ ___) |___) | |___| |_| |
 (_)     | |   |_| |_____|____/ |_|   |_| /_/   \_\____/|____/|_____|____/ 
        /_/                                                                

Calcular desconto com sucesso
----------------------------------------------------------------------------
29038 [main] DEBUG n.t.core.steps.StepInterceptor - STARTING STEP: SharedSpecs.que_estou_na_página_inicial_do_sistema - acesse_pagina_inicial
41768 [main] DEBUG n.t.core.steps.StepInterceptor - STEP DONE: acesse_pagina_inicial
41790 [main] DEBUG n.t.core.steps.StepInterceptor - STARTING STEP: SharedSpecs.acesso_o_menu_para_o_calculo_do_desconto - acesse_pagina_desconto
42797 [main] DEBUG n.s.core.photography.Darkroom - Send negative for processing for target\site\serenity\442965a3c1f7d4eca88f4a8b2d7ab1237694ac92c2372b321205d0c288308a9d.png
42797 [main] DEBUG n.t.core.steps.StepInterceptor - STEP DONE: acesse_pagina_desconto
42798 [Darkroom Processing Line] DEBUG n.s.c.p.DarkroomProcessingLine - Processing screenshot image in /var/screenshots/screenshot-4894714937268633430
42798 [Darkroom Processing Line] DEBUG n.s.c.p.DarkroomProcessingLine - Saving screenshot to target\site\serenity\442965a3c1f7d4eca88f4a8b2d7ab1237694ac92c2372b321205d0c288308a9d.png
42838 [main] DEBUG n.t.core.steps.StepInterceptor - STARTING STEP: Req001ClienteASpecs.selecionoUmProduto - selecionarProduto
43870 [main] DEBUG n.s.core.photography.Darkroom - Send negative for processing for target\site\serenity\b321d5333c96d4550531b77e39e9cea524ce7e767205dcf696acc0440553c910.png
43870 [main] DEBUG n.t.core.steps.StepInterceptor - STEP DONE: selecionarProduto
43871 [Darkroom Processing Line] DEBUG n.s.c.p.DarkroomProcessingLine - Processing screenshot image in /var/screenshots/screenshot-10262343970100697940
43871 [Darkroom Processing Line] DEBUG n.s.c.p.DarkroomProcessingLine - Saving screenshot to target\site\serenity\b321d5333c96d4550531b77e39e9cea524ce7e767205dcf696acc0440553c910.png
43899 [main] DEBUG n.t.core.steps.StepInterceptor - STARTING STEP: Req001ClienteASpecs.preenchoComDadosClienteA - informarTipoCliente
44456 [main] DEBUG n.s.core.photography.Darkroom - Send negative for processing for target\site\serenity\b321d5333c96d4550531b77e39e9cea524ce7e767205dcf696acc0440553c910.png
44456 [main] DEBUG n.t.core.steps.StepInterceptor - STEP DONE: informarTipoCliente
44460 [main] DEBUG n.t.core.steps.StepInterceptor - STARTING STEP: Req001ClienteASpecs.preenchoComDadosClienteA - informarQuantidadeItens
45035 [main] DEBUG n.s.core.photography.Darkroom - Send negative for processing for target\site\serenity\1570ae3830ae3e09133fd2f4a948ff893f6ab518228098d2be8ba1798a352d33.png
45035 [main] DEBUG n.t.core.steps.StepInterceptor - STEP DONE: informarQuantidadeItens
45036 [Darkroom Processing Line] DEBUG n.s.c.p.DarkroomProcessingLine - Processing screenshot image in /var/screenshots/screenshot-18371401380555377505
45036 [Darkroom Processing Line] DEBUG n.s.c.p.DarkroomProcessingLine - Saving screenshot to target\site\serenity\1570ae3830ae3e09133fd2f4a948ff893f6ab518228098d2be8ba1798a352d33.png
45060 [main] DEBUG n.t.core.steps.StepInterceptor - STARTING STEP: Req001ClienteASpecs.calculoDesconto - calcularDesconto
45903 [main] DEBUG n.s.core.photography.Darkroom - Send negative for processing for target\site\serenity\c8a408f33b49b524a0608b5e6e0cd7b4e9fb305cb359c30069769647290bcff7.png
45904 [main] DEBUG n.t.core.steps.StepInterceptor - STEP DONE: calcularDesconto
45905 [Darkroom Processing Line] DEBUG n.s.c.p.DarkroomProcessingLine - Processing screenshot image in /var/screenshots/screenshot-5951946972347292990
45905 [Darkroom Processing Line] DEBUG n.s.c.p.DarkroomProcessingLine - Saving screenshot to target\site\serenity\c8a408f33b49b524a0608b5e6e0cd7b4e9fb305cb359c30069769647290bcff7.png
45930 [main] DEBUG n.t.core.steps.StepInterceptor - STARTING STEP: Req001ClienteASpecs.verificoMensagemExibidaComSucesso - verificarMensagemSucesso
46291 [main] DEBUG n.s.core.photography.Darkroom - Send negative for processing for target\site\serenity\c8a408f33b49b524a0608b5e6e0cd7b4e9fb305cb359c30069769647290bcff7.png
46292 [main] DEBUG n.t.core.steps.StepInterceptor - STEP DONE: verificarMensagemSucesso
48135 [main] INFO   - 
        __    _____ _____ ____ _____   ____   _    ____  ____  _____ ____  
  _     \ \  |_   _| ____/ ___|_   _| |  _ \ / \  / ___|/ ___|| ____|  _ \ 
 (_)_____| |   | | |  _| \___ \ | |   | |_) / _ \ \___ \\___ \|  _| | | | |
  _|_____| |   | | | |___ ___) || |   |  __/ ___ \ ___) |___) | |___| |_| |
 (_)     | |   |_| |_____|____/ |_|   |_| /_/   \_\____/|____/|_____|____/ 
        /_/                                                                

Calcular desconto com sucesso
----------------------------------------------------------------------------
48178 [main] DEBUG n.t.core.steps.StepInterceptor - STARTING STEP: SharedSpecs.que_estou_na_página_inicial_do_sistema - acesse_pagina_inicial
56930 [main] DEBUG n.t.core.steps.StepInterceptor - STEP DONE: acesse_pagina_inicial
56968 [main] DEBUG n.t.core.steps.StepInterceptor - STARTING STEP: SharedSpecs.acesso_o_menu_para_o_calculo_do_desconto - acesse_pagina_desconto
58013 [main] DEBUG n.s.core.photography.Darkroom - Send negative for processing for target\site\serenity\f8e40f570b327c949743c743775ff2ffddb68539afaf59c22a091226d71cfdee.png
58013 [main] DEBUG n.t.core.steps.StepInterceptor - STEP DONE: acesse_pagina_desconto
58014 [Darkroom Processing Line] DEBUG n.s.c.p.DarkroomProcessingLine - Processing screenshot image in /var/screenshots/screenshot-15005399716488765344
58015 [Darkroom Processing Line] DEBUG n.s.c.p.DarkroomProcessingLine - Saving screenshot to target\site\serenity\f8e40f570b327c949743c743775ff2ffddb68539afaf59c22a091226d71cfdee.png
58048 [main] DEBUG n.t.core.steps.StepInterceptor - STARTING STEP: Req001ClienteASpecs.selecionoUmProduto - selecionarProduto
59078 [main] DEBUG n.s.core.photography.Darkroom - Send negative for processing for target\site\serenity\be589afde82ece72a76a8abfab01aca2a5a256148a4f36dc0d6a362dc286e4c4.png
59078 [main] DEBUG n.t.core.steps.StepInterceptor - STEP DONE: selecionarProduto
59079 [Darkroom Processing Line] DEBUG n.s.c.p.DarkroomProcessingLine - Processing screenshot image in /var/screenshots/screenshot-1240745004068616975
59080 [Darkroom Processing Line] DEBUG n.s.c.p.DarkroomProcessingLine - Saving screenshot to target\site\serenity\be589afde82ece72a76a8abfab01aca2a5a256148a4f36dc0d6a362dc286e4c4.png
59105 [main] DEBUG n.t.core.steps.StepInterceptor - STARTING STEP: Req001ClienteASpecs.preenchoComDadosClienteA - informarTipoCliente
59664 [main] DEBUG n.s.core.photography.Darkroom - Send negative for processing for target\site\serenity\be589afde82ece72a76a8abfab01aca2a5a256148a4f36dc0d6a362dc286e4c4.png
59665 [main] DEBUG n.t.core.steps.StepInterceptor - STEP DONE: informarTipoCliente
59668 [main] DEBUG n.t.core.steps.StepInterceptor - STARTING STEP: Req001ClienteASpecs.preenchoComDadosClienteA - informarQuantidadeItens
60237 [main] DEBUG n.s.core.photography.Darkroom - Send negative for processing for target\site\serenity\17c36692111df784712d4e0256f06a84e83dd17e5833a55e3eb193e35617e955.png
60238 [main] DEBUG n.t.core.steps.StepInterceptor - STEP DONE: informarQuantidadeItens
60239 [Darkroom Processing Line] DEBUG n.s.c.p.DarkroomProcessingLine - Processing screenshot image in /var/screenshots/screenshot-18114878443122435148
60239 [Darkroom Processing Line] DEBUG n.s.c.p.DarkroomProcessingLine - Saving screenshot to target\site\serenity\17c36692111df784712d4e0256f06a84e83dd17e5833a55e3eb193e35617e955.png
60262 [main] DEBUG n.t.core.steps.StepInterceptor - STARTING STEP: Req001ClienteASpecs.calculoDesconto - calcularDesconto
61110 [main] DEBUG n.s.core.photography.Darkroom - Send negative for processing for target\site\serenity\5558b80aeb7c10f6d511099e9a5f5a2a7ca5f30ec951b072e49ee58831e2230f.png
61110 [main] DEBUG n.t.core.steps.StepInterceptor - STEP DONE: calcularDesconto
61112 [Darkroom Processing Line] DEBUG n.s.c.p.DarkroomProcessingLine - Processing screenshot image in /var/screenshots/screenshot-6040402615342380553
61112 [Darkroom Processing Line] DEBUG n.s.c.p.DarkroomProcessingLine - Saving screenshot to target\site\serenity\5558b80aeb7c10f6d511099e9a5f5a2a7ca5f30ec951b072e49ee58831e2230f.png
61138 [main] DEBUG n.t.core.steps.StepInterceptor - STARTING STEP: Req001ClienteASpecs.verificoMensagemExibidaComSucesso - verificarMensagemSucesso
61509 [main] DEBUG n.s.core.photography.Darkroom - Send negative for processing for target\site\serenity\5558b80aeb7c10f6d511099e9a5f5a2a7ca5f30ec951b072e49ee58831e2230f.png
61509 [main] DEBUG n.t.core.steps.StepInterceptor - STEP DONE: verificarMensagemSucesso
63593 [main] DEBUG n.t.core.steps.StepInterceptor - STARTING STEP: SharedSpecs.que_estou_na_página_inicial_do_sistema - acesse_pagina_inicial
72733 [main] DEBUG n.t.core.steps.StepInterceptor - STEP DONE: acesse_pagina_inicial
72762 [main] DEBUG n.t.core.steps.StepInterceptor - STARTING STEP: SharedSpecs.acesso_o_menu_para_o_calculo_do_desconto - acesse_pagina_desconto
73747 [main] DEBUG n.s.core.photography.Darkroom - Send negative for processing for target\site\serenity\8650d695f836a92325ff894d6a79f6fe714da19e73d56b678a3ed47babb53ee3.png
73747 [main] DEBUG n.t.core.steps.StepInterceptor - STEP DONE: acesse_pagina_desconto
73748 [Darkroom Processing Line] DEBUG n.s.c.p.DarkroomProcessingLine - Processing screenshot image in /var/screenshots/screenshot-9891582379693879274
73749 [Darkroom Processing Line] DEBUG n.s.c.p.DarkroomProcessingLine - Saving screenshot to target\site\serenity\8650d695f836a92325ff894d6a79f6fe714da19e73d56b678a3ed47babb53ee3.png
73781 [main] DEBUG n.t.core.steps.StepInterceptor - STARTING STEP: Req001ClienteASpecs.selecionoUmProduto - selecionarProduto
74799 [main] DEBUG n.s.core.photography.Darkroom - Send negative for processing for target\site\serenity\fb6481f65e6e4a2777dbb7cea64f4a52dc7a18393685d17fea5872380bcc418b.png
74800 [main] DEBUG n.t.core.steps.StepInterceptor - STEP DONE: selecionarProduto
74801 [Darkroom Processing Line] DEBUG n.s.c.p.DarkroomProcessingLine - Processing screenshot image in /var/screenshots/screenshot-11448545241783762695
74801 [Darkroom Processing Line] DEBUG n.s.c.p.DarkroomProcessingLine - Saving screenshot to target\site\serenity\fb6481f65e6e4a2777dbb7cea64f4a52dc7a18393685d17fea5872380bcc418b.png
74827 [main] DEBUG n.t.core.steps.StepInterceptor - STARTING STEP: Req001ClienteASpecs.preenchoComDadosClienteA - informarTipoCliente
75373 [main] DEBUG n.s.core.photography.Darkroom - Send negative for processing for target\site\serenity\fb6481f65e6e4a2777dbb7cea64f4a52dc7a18393685d17fea5872380bcc418b.png
75374 [main] DEBUG n.t.core.steps.StepInterceptor - STEP DONE: informarTipoCliente
75377 [main] DEBUG n.t.core.steps.StepInterceptor - STARTING STEP: Req001ClienteASpecs.preenchoComDadosClienteA - informarQuantidadeItens
75966 [main] DEBUG n.s.core.photography.Darkroom - Send negative for processing for target\site\serenity\300e39727df50ba106932471ab14e2591a9326458ae78048b1cd57c429c1f059.png
75967 [main] DEBUG n.t.core.steps.StepInterceptor - STEP DONE: informarQuantidadeItens
75968 [Darkroom Processing Line] DEBUG n.s.c.p.DarkroomProcessingLine - Processing screenshot image in /var/screenshots/screenshot-650903653364925268
75968 [Darkroom Processing Line] DEBUG n.s.c.p.DarkroomProcessingLine - Saving screenshot to target\site\serenity\300e39727df50ba106932471ab14e2591a9326458ae78048b1cd57c429c1f059.png
75990 [main] DEBUG n.t.core.steps.StepInterceptor - STARTING STEP: Req001ClienteASpecs.calculoDesconto - calcularDesconto
76861 [main] DEBUG n.s.core.photography.Darkroom - Send negative for processing for target\site\serenity\026f725c80c01dbbf94cdbda25b7b13cfc803eb032220a7b4b083803fb400919.png
76861 [main] DEBUG n.t.core.steps.StepInterceptor - STEP DONE: calcularDesconto
76862 [Darkroom Processing Line] DEBUG n.s.c.p.DarkroomProcessingLine - Processing screenshot image in /var/screenshots/screenshot-5463918584710489105
76862 [Darkroom Processing Line] DEBUG n.s.c.p.DarkroomProcessingLine - Saving screenshot to target\site\serenity\026f725c80c01dbbf94cdbda25b7b13cfc803eb032220a7b4b083803fb400919.png
76885 [main] DEBUG n.t.core.steps.StepInterceptor - STARTING STEP: Req001ClienteASpecs.verificoMensagemExibidaComSucesso - verificarMensagemSucesso
77244 [main] DEBUG n.s.core.photography.Darkroom - Send negative for processing for target\site\serenity\026f725c80c01dbbf94cdbda25b7b13cfc803eb032220a7b4b083803fb400919.png
77245 [main] DEBUG n.t.core.steps.StepInterceptor - STEP DONE: verificarMensagemSucesso
79299 [main] DEBUG n.t.core.steps.StepInterceptor - STARTING STEP: SharedSpecs.que_estou_na_página_inicial_do_sistema - acesse_pagina_inicial
89638 [main] DEBUG n.t.core.steps.StepInterceptor - STEP DONE: acesse_pagina_inicial
89657 [main] DEBUG n.t.core.steps.StepInterceptor - STARTING STEP: SharedSpecs.acesso_o_menu_para_o_calculo_do_desconto - acesse_pagina_desconto
90665 [main] DEBUG n.s.core.photography.Darkroom - Send negative for processing for target\site\serenity\8793f060a78300968c115ab0851054d3a315ded7af233e1cfa13c6f32d98e562.png
90666 [main] DEBUG n.t.core.steps.StepInterceptor - STEP DONE: acesse_pagina_desconto
90667 [Darkroom Processing Line] DEBUG n.s.c.p.DarkroomProcessingLine - Processing screenshot image in /var/screenshots/screenshot-6401392857797835296
90667 [Darkroom Processing Line] DEBUG n.s.c.p.DarkroomProcessingLine - Saving screenshot to target\site\serenity\8793f060a78300968c115ab0851054d3a315ded7af233e1cfa13c6f32d98e562.png
90700 [main] DEBUG n.t.core.steps.StepInterceptor - STARTING STEP: Req001ClienteASpecs.selecionoUmProduto - selecionarProduto
91730 [main] DEBUG n.s.core.photography.Darkroom - Send negative for processing for target\site\serenity\b77d3a26df64de1b90c1feb8e01ea0fd262ad1758eeff426a6bcd0b3b6c59075.png
91730 [main] DEBUG n.t.core.steps.StepInterceptor - STEP DONE: selecionarProduto
91731 [Darkroom Processing Line] DEBUG n.s.c.p.DarkroomProcessingLine - Processing screenshot image in /var/screenshots/screenshot-11745665860284516486
91731 [Darkroom Processing Line] DEBUG n.s.c.p.DarkroomProcessingLine - Saving screenshot to target\site\serenity\b77d3a26df64de1b90c1feb8e01ea0fd262ad1758eeff426a6bcd0b3b6c59075.png
91756 [main] DEBUG n.t.core.steps.StepInterceptor - STARTING STEP: Req001ClienteASpecs.preenchoComDadosClienteA - informarTipoCliente
92297 [main] DEBUG n.s.core.photography.Darkroom - Send negative for processing for target\site\serenity\b77d3a26df64de1b90c1feb8e01ea0fd262ad1758eeff426a6bcd0b3b6c59075.png
92297 [main] DEBUG n.t.core.steps.StepInterceptor - STEP DONE: informarTipoCliente
92300 [main] DEBUG n.t.core.steps.StepInterceptor - STARTING STEP: Req001ClienteASpecs.preenchoComDadosClienteA - informarQuantidadeItens
92952 [main] DEBUG n.s.core.photography.Darkroom - Send negative for processing for target\site\serenity\96cf30b19dbd91343694433682c1815965be7944465f1855c0d20682da6c6939.png
92952 [main] DEBUG n.t.core.steps.StepInterceptor - STEP DONE: informarQuantidadeItens
92953 [Darkroom Processing Line] DEBUG n.s.c.p.DarkroomProcessingLine - Processing screenshot image in /var/screenshots/screenshot-12707823689178810583
92953 [Darkroom Processing Line] DEBUG n.s.c.p.DarkroomProcessingLine - Saving screenshot to target\site\serenity\96cf30b19dbd91343694433682c1815965be7944465f1855c0d20682da6c6939.png
92975 [main] DEBUG n.t.core.steps.StepInterceptor - STARTING STEP: Req001ClienteASpecs.calculoDesconto - calcularDesconto
93824 [main] DEBUG n.s.core.photography.Darkroom - Send negative for processing for target\site\serenity\7da38670966472ce98ae67ce91a839bcf8d14fc4c4d185405393570e43125b4e.png
93824 [main] DEBUG n.t.core.steps.StepInterceptor - STEP DONE: calcularDesconto
93825 [Darkroom Processing Line] DEBUG n.s.c.p.DarkroomProcessingLine - Processing screenshot image in /var/screenshots/screenshot-7170154203082463595
93825 [Darkroom Processing Line] DEBUG n.s.c.p.DarkroomProcessingLine - Saving screenshot to target\site\serenity\7da38670966472ce98ae67ce91a839bcf8d14fc4c4d185405393570e43125b4e.png
93851 [main] DEBUG n.t.core.steps.StepInterceptor - STARTING STEP: Req001ClienteASpecs.verificoMensagemExibidaComSucesso - verificarMensagemSucesso
94216 [main] DEBUG n.s.core.photography.Darkroom - Send negative for processing for target\site\serenity\7da38670966472ce98ae67ce91a839bcf8d14fc4c4d185405393570e43125b4e.png
94217 [main] DEBUG n.t.core.steps.StepInterceptor - STEP DONE: verificarMensagemSucesso
100478 [main] DEBUG n.t.core.reports.ReportService - Reporting formats: [JSON, HTML]
100784 [main] DEBUG n.t.core.reports.ReportService - Reporting formats: [JSON, HTML]
100797 [main] DEBUG n.t.core.reports.ReportService - Generating reports for 1 test outcomes using: net.thucydides.core.reports.json.JSONTestOutcomeReporter@288b8663
100799 [pool-1-thread-1] DEBUG n.t.core.reports.ReportService - Processing test outcome REQ-1 - Calcular Desconto:Calcular desconto com sucesso
100799 [pool-1-thread-1] DEBUG n.t.core.reports.ReportService - net.thucydides.core.reports.json.JSONTestOutcomeReporter@288b8663: Generating report for test outcome: REQ-1 - Calcular Desconto:Calcular desconto com sucesso
100810 [pool-1-thread-1] DEBUG n.t.c.r.j.JSONTestOutcomeReporter - Generating JSON report for Calcular desconto com sucesso to file C:\Users\artur.araujo\git\pos-testes-unitarios\target\site\serenity\8e128f31b7719e3f609ebc3f147f27cd8eaaa05c6d04562be910d5949f0dbc47.json (using temp file C:\Users\artur.araujo\git\pos-testes-unitarios\target\site\serenity\8e128f31b7719e3f609ebc3f147f27cd8eaaa05c6d04562be910d5949f0dbc47.json5cf4ba62-a00e-4f45-8afc-587337db35bc)
100897 [pool-1-thread-1] DEBUG n.t.core.reports.ReportService - Processing test outcome REQ-1 - Calcular Desconto:Calcular desconto com sucesso done
100897 [main] DEBUG n.t.core.reports.ReportService - Shutting down executor service
100898 [main] DEBUG n.t.core.reports.ReportService - Reports generated in: 101 ms
100898 [main] DEBUG n.t.core.reports.ReportService - Generating reports for 1 test outcomes using: net.thucydides.core.reports.html.HtmlAcceptanceTestReporter@5c194652
100899 [pool-2-thread-1] DEBUG n.t.core.reports.ReportService - Processing test outcome REQ-1 - Calcular Desconto:Calcular desconto com sucesso
100899 [pool-2-thread-1] DEBUG n.t.core.reports.ReportService - net.thucydides.core.reports.html.HtmlAcceptanceTestReporter@5c194652: Generating report for test outcome: REQ-1 - Calcular Desconto:Calcular desconto com sucesso
100900 [pool-2-thread-1] DEBUG n.t.c.r.h.HtmlAcceptanceTestReporter - GENERATE TEST OUTCOME REPORT FOR Calcular desconto com sucesso in 8e128f31b7719e3f609ebc3f147f27cd8eaaa05c6d04562be910d5949f0dbc47
101003 [pool-2-thread-1] DEBUG n.t.c.r.m.cucumber.CucumberParser - Added feature REQ-X - Formulário de Contato
101015 [pool-2-thread-1] DEBUG n.t.c.r.m.cucumber.CucumberParser - Added feature REQ-1 - Calcular Desconto
101016 [pool-2-thread-1] DEBUG n.t.c.r.RequirementsTagProvider -  found:[Requirement{name='REQ-X - Formulário de Contato', type='feature' parent = 'null', cardNumber='null'}, Requirement{name='REQ-1 - Calcular Desconto', type='feature' parent = 'null', cardNumber='null'}]
101026 [pool-2-thread-1] DEBUG n.t.c.r.BaseRequirementsService - Requirement found for test outcome Calcular desconto com sucesso-[]: Optional[Requirement{name='REQ-1 - Calcular Desconto', type='feature' parent = 'null', cardNumber='null'}]
101030 [pool-2-thread-1] DEBUG n.t.c.r.BaseRequirementsService - Requirement found for test outcome Calcular desconto com sucesso-[]: Optional[Requirement{name='REQ-1 - Calcular Desconto', type='feature' parent = 'null', cardNumber='null'}]
101274 [pool-2-thread-1] DEBUG n.t.c.r.BaseRequirementsService - Requirement found for test outcome Calcular desconto com sucesso-[]: Optional[Requirement{name='REQ-1 - Calcular Desconto', type='feature' parent = 'null', cardNumber='null'}]
101275 [pool-2-thread-1] DEBUG n.t.c.r.BaseRequirementsService - Requirement found for test outcome Calcular desconto com sucesso-[]: Optional[Requirement{name='REQ-1 - Calcular Desconto', type='feature' parent = 'null', cardNumber='null'}]
101561 [pool-2-thread-1] DEBUG n.t.c.r.h.HtmlAcceptanceTestReporter - Generating report in 8e128f31b7719e3f609ebc3f147f27cd8eaaa05c6d04562be910d5949f0dbc47_screenshots.html
102774 [pool-2-thread-1] DEBUG n.t.c.r.h.HtmlAcceptanceTestReporter - Generated report 8e128f31b7719e3f609ebc3f147f27cd8eaaa05c6d04562be910d5949f0dbc47_screenshots.html in 1213 ms
102777 [pool-2-thread-1] DEBUG n.t.c.r.h.HtmlAcceptanceTestReporter - GENERATING HTML REPORT FOR REQ-1 - Calcular Desconto:Calcular desconto com sucesso in 8e128f31b7719e3f609ebc3f147f27cd8eaaa05c6d04562be910d5949f0dbc47.html in directory target\site\serenity  
102787 [pool-2-thread-1] DEBUG n.t.c.r.h.HtmlAcceptanceTestReporter - Generating report in 8e128f31b7719e3f609ebc3f147f27cd8eaaa05c6d04562be910d5949f0dbc47.html
142205 [pool-2-thread-1] DEBUG n.t.c.r.h.HtmlAcceptanceTestReporter - Generated report 8e128f31b7719e3f609ebc3f147f27cd8eaaa05c6d04562be910d5949f0dbc47.html in 39418 ms
142205 [pool-2-thread-1] DEBUG n.t.core.reports.ReportService - Processing test outcome REQ-1 - Calcular Desconto:Calcular desconto com sucesso done
142206 [main] DEBUG n.t.core.reports.ReportService - Shutting down executor service
142206 [main] DEBUG n.t.core.reports.ReportService - Reports generated in: 41308 ms
142424 [main] DEBUG n.s.core.photography.Darkroom - Closing darkroom
142424 [Darkroom Processing Line] DEBUG n.s.c.p.DarkroomProcessingLine - Darkroom processing line shutting down
